Component: ARM Compiler 5.06 update 5 (build 528) Tool: armlink [4d35e2]

==============================================================================

Section Cross References

    main.o(.text) refers to user_gpio.o(.text) for pinOn
    main.o(.text) refers to messaging.o(.text) for Make_Trans_Msg
    main.o(.text) refers to user_uart.o(.text) for UARTSend
    main.o(.text) refers to lpc17xx_timer.o(.text) for TIM_Init
    main.o(.text) refers to lpc17xx_wdt.o(.text) for WDT_Init
    main.o(.text) refers to messaging_rssi_sum.o(.text) for parseByte_RSSI_SUM
    main.o(.text) refers to messaging_rssi_delta.o(.text) for parseByte_RSSI_Delta
    main.o(.text) refers to messaging_freq.o(.text) for parseByte_Freq
    main.o(.text) refers to memseta.o(.text) for __aeabi_memclr4
    main.o(.text) refers to main.o(.data) for dataSendCnt
    main.o(.text) refers to main.o(.bss) for Data_Trans_u
    main.o(.text) refers to lpc17xx_uart.o(.text) for UART_GetIntId
    messaging.o(.text) refers to memcpya.o(.text) for __aeabi_memcpy4
    messaging.o(.text) refers to main.o(.text) for parse_Message
    messaging.o(.text) refers to messaging.o(.data) for Message_Status
    messaging.o(.text) refers to messaging.o(.bss) for testk
    pid.o(.text) refers to f2d.o(.text) for __aeabi_f2d
    pid.o(.text) refers to dmul.o(.text) for __aeabi_dmul
    pid.o(.text) refers to dadd.o(.text) for __aeabi_dadd
    pid.o(.text) refers to d2f.o(.text) for __aeabi_d2f
    pid.o(.text) refers to pid.o(.bss) for tempError
    pid.o(.text) refers to pid.o(.data) for y_output
    user_gpio.o(.text) refers to lpc17xx_gpio.o(.text) for GPIO_SetDir
    user_gpio.o(.text) refers to user_delay.o(.text) for Delay_Int
    user_uart.o(.text) refers to lpc17xx_uart.o(.text) for UART_Receive
    user_uart.o(.text) refers to lpc17xx_pinsel.o(.text) for PINSEL_ConfigPin
    user_uart.o(.text) refers to user_uart.o(.bss) for rb
    user_uart.o(.text) refers to user_uart.o(.data) for TxIntStat
    user_extint.o(.text) refers to lpc17xx_exti.o(.text) for EXTI_ClearEXTIFlag
    user_extint.o(.text) refers to user_gpio.o(.text) for pinFlash
    user_extint.o(.text) refers to main.o(.text) for external_Interrupt_Fnc
    user_extint.o(.text) refers to lpc17xx_pinsel.o(.text) for PINSEL_ConfigPin
    user_extint.o(.text) refers to main.o(.data) for LED_1
    user_delay.o(.text) refers to user_delay.o(.data) for SysTickCnt
    messaging_rssi_sum.o(.text) refers to main.o(.text) for parse_Message_RSSI_SUM
    messaging_rssi_sum.o(.text) refers to user_gpio.o(.text) for pinToggle
    messaging_rssi_sum.o(.text) refers to messaging_rssi_sum.o(.data) for Message_Status_RSSI_SUM
    messaging_rssi_sum.o(.text) refers to messaging_rssi_sum.o(.bss) for _msg_RSSI_SUM
    messaging_rssi_sum.o(.text) refers to messaging_rssi_sum.o(.constdata) for .constdata
    messaging_rssi_delta.o(.text) refers to main.o(.text) for parse_Message_RSSI_Delta
    messaging_rssi_delta.o(.text) refers to user_gpio.o(.text) for pinToggle
    messaging_rssi_delta.o(.text) refers to messaging_rssi_delta.o(.data) for Message_Status_RSSI_Delta
    messaging_rssi_delta.o(.text) refers to messaging_rssi_delta.o(.bss) for _msg_RSSI_Delta
    messaging_rssi_delta.o(.text) refers to messaging_rssi_delta.o(.constdata) for .constdata
    lpc17xx_wdt.o(.text) refers to lpc17xx_clkpwr.o(.text) for CLKPWR_SetPCLKDiv
    lpc17xx_wdt.o(.text) refers to lpc17xx_libcfg_default.o(.text) for check_failed
    lpc17xx_wdt.o(.text) refers to system_lpc17xx.o(.data) for SystemCoreClock
    messaging_freq.o(.text) refers to main.o(.text) for parse_Message_Freq
    messaging_freq.o(.text) refers to messaging_freq.o(.data) for cnt_
    messaging_freq.o(.text) refers to messaging_freq.o(.bss) for buff
    lpc17xx_clkpwr.o(.text) refers to system_lpc17xx.o(.data) for SystemCoreClock
    lpc17xx_mcpwm.o(.text) refers to lpc17xx_clkpwr.o(.text) for CLKPWR_ConfigPPWR
    lpc17xx_timer.o(.text) refers to lpc17xx_clkpwr.o(.text) for CLKPWR_GetPCLK
    lpc17xx_timer.o(.text) refers to uldiv.o(.text) for __aeabi_uldivmod
    lpc17xx_timer.o(.text) refers to lpc17xx_libcfg_default.o(.text) for check_failed
    lpc17xx_uart.o(.text) refers to lpc17xx_clkpwr.o(.text) for CLKPWR_GetPCLK
    lpc17xx_uart.o(.text) refers to uldiv.o(.text) for __aeabi_uldivmod
    lpc17xx_uart.o(.text) refers to lpc17xx_libcfg_default.o(.text) for check_failed
    lpc17xx_systick.o(.text) refers to ffltui.o(.text) for __aeabi_ui2f
    lpc17xx_systick.o(.text) refers to cfrcmple.o(.text) for __aeabi_cfrcmple
    lpc17xx_systick.o(.text) refers to lpc17xx_libcfg_default.o(.text) for check_failed
    lpc17xx_systick.o(.text) refers to system_lpc17xx.o(.data) for SystemCoreClock
    startup_lpc17xx.o(RESET) refers to startup_lpc17xx.o(STACK) for __initial_sp
    startup_lpc17xx.o(RESET) refers to startup_lpc17xx.o(.text) for Reset_Handler
    startup_lpc17xx.o(RESET) refers to user_delay.o(.text) for SysTick_Handler
    startup_lpc17xx.o(RESET) refers to main.o(.text) for TIMER0_IRQHandler
    startup_lpc17xx.o(RESET) refers to user_extint.o(.text) for EINT0_IRQHandler
    startup_lpc17xx.o(.text) refers to system_lpc17xx.o(.text) for SystemInit
    startup_lpc17xx.o(.text) refers to entry.o(.ARM.Collect$$$$00000000) for __main
    system_lpc17xx.o(.text) refers to uldiv.o(.text) for __aeabi_uldivmod
    system_lpc17xx.o(.text) refers to system_lpc17xx.o(.data) for SystemCoreClock
    entry.o(.ARM.Collect$$$$00000000) refers (Special) to entry10a.o(.ARM.Collect$$$$0000000D) for __rt_final_cpp
    entry.o(.ARM.Collect$$$$00000000) refers (Special) to entry11a.o(.ARM.Collect$$$$0000000F) for __rt_final_exit
    entry.o(.ARM.Collect$$$$00000000) refers (Special) to entry7b.o(.ARM.Collect$$$$00000008) for _main_clock
    entry.o(.ARM.Collect$$$$00000000) refers (Special) to entry8b.o(.ARM.Collect$$$$0000000A) for _main_cpp_init
    entry.o(.ARM.Collect$$$$00000000) refers (Special) to entry9a.o(.ARM.Collect$$$$0000000B) for _main_init
    entry.o(.ARM.Collect$$$$00000000) refers (Special) to entry5.o(.ARM.Collect$$$$00000004) for _main_scatterload
    entry.o(.ARM.Collect$$$$00000000) refers (Special) to entry2.o(.ARM.Collect$$$$00000001) for _main_stk
    uldiv.o(.text) refers to llushr.o(.text) for __aeabi_llsr
    uldiv.o(.text) refers to llshl.o(.text) for __aeabi_llsl
    dadd.o(.text) refers (Special) to iusefp.o(.text) for __I$use$fp
    dadd.o(.text) refers to llshl.o(.text) for __aeabi_llsl
    dadd.o(.text) refers to llsshr.o(.text) for __aeabi_lasr
    dadd.o(.text) refers to depilogue.o(.text) for _double_epilogue
    dmul.o(.text) refers (Special) to iusefp.o(.text) for __I$use$fp
    dmul.o(.text) refers to depilogue.o(.text) for _double_epilogue
    ffltui.o(.text) refers (Special) to iusefp.o(.text) for __I$use$fp
    ffltui.o(.text) refers to fepilogue.o(.text) for _float_epilogue
    f2d.o(.text) refers (Special) to iusefp.o(.text) for __I$use$fp
    d2f.o(.text) refers (Special) to iusefp.o(.text) for __I$use$fp
    d2f.o(.text) refers to fepilogue.o(.text) for _float_round
    cfrcmple.o(.text) refers (Special) to iusefp.o(.text) for __I$use$fp
    entry2.o(.ARM.Collect$$$$00000001) refers to entry2.o(.ARM.Collect$$$$00002712) for __lit__00000000
    entry2.o(.ARM.Collect$$$$00002712) refers to startup_lpc17xx.o(STACK) for __initial_sp
    entry2.o(__vectab_stack_and_reset_area) refers to startup_lpc17xx.o(STACK) for __initial_sp
    entry2.o(__vectab_stack_and_reset_area) refers to entry.o(.ARM.Collect$$$$00000000) for __main
    entry5.o(.ARM.Collect$$$$00000004) refers to init.o(.text) for __scatterload
    entry9a.o(.ARM.Collect$$$$0000000B) refers to main.o(.text) for main
    entry9b.o(.ARM.Collect$$$$0000000C) refers to main.o(.text) for main
    depilogue.o(.text) refers to llshl.o(.text) for __aeabi_llsl
    depilogue.o(.text) refers to llushr.o(.text) for __aeabi_llsr
    init.o(.text) refers to entry5.o(.ARM.Collect$$$$00000004) for __main_after_scatterload


==============================================================================

Removing Unused input sections from the image.

    Removing main.o(.rev16_text), (4 bytes).
    Removing main.o(.revsh_text), (4 bytes).
    Removing main.o(.rrx_text), (6 bytes).
    Removing pid.o(.text), (196 bytes).
    Removing pid.o(.bss), (12 bytes).
    Removing pid.o(.data), (8 bytes).
    Removing user_gpio.o(.rev16_text), (4 bytes).
    Removing user_gpio.o(.revsh_text), (4 bytes).
    Removing user_gpio.o(.rrx_text), (6 bytes).
    Removing user_uart.o(.rev16_text), (4 bytes).
    Removing user_uart.o(.revsh_text), (4 bytes).
    Removing user_uart.o(.rrx_text), (6 bytes).
    Removing user_extint.o(.rev16_text), (4 bytes).
    Removing user_extint.o(.revsh_text), (4 bytes).
    Removing user_extint.o(.rrx_text), (6 bytes).
    Removing user_delay.o(.rev16_text), (4 bytes).
    Removing user_delay.o(.revsh_text), (4 bytes).
    Removing user_delay.o(.rrx_text), (6 bytes).
    Removing messaging_rssi_sum.o(.rev16_text), (4 bytes).
    Removing messaging_rssi_sum.o(.revsh_text), (4 bytes).
    Removing messaging_rssi_sum.o(.rrx_text), (6 bytes).
    Removing messaging_rssi_delta.o(.rev16_text), (4 bytes).
    Removing messaging_rssi_delta.o(.revsh_text), (4 bytes).
    Removing messaging_rssi_delta.o(.rrx_text), (6 bytes).
    Removing lpc17xx_wdt.o(.rev16_text), (4 bytes).
    Removing lpc17xx_wdt.o(.revsh_text), (4 bytes).
    Removing lpc17xx_wdt.o(.rrx_text), (6 bytes).
    Removing messaging_freq.o(.rev16_text), (4 bytes).
    Removing messaging_freq.o(.revsh_text), (4 bytes).
    Removing messaging_freq.o(.rrx_text), (6 bytes).
    Removing messaging_freq.o(.constdata), (12 bytes).
    Removing lpc17xx_clkpwr.o(.rev16_text), (4 bytes).
    Removing lpc17xx_clkpwr.o(.revsh_text), (4 bytes).
    Removing lpc17xx_clkpwr.o(.rrx_text), (6 bytes).
    Removing lpc17xx_exti.o(.rev16_text), (4 bytes).
    Removing lpc17xx_exti.o(.revsh_text), (4 bytes).
    Removing lpc17xx_exti.o(.rrx_text), (6 bytes).
    Removing lpc17xx_gpio.o(.rev16_text), (4 bytes).
    Removing lpc17xx_gpio.o(.revsh_text), (4 bytes).
    Removing lpc17xx_gpio.o(.rrx_text), (6 bytes).
    Removing lpc17xx_mcpwm.o(.rev16_text), (4 bytes).
    Removing lpc17xx_mcpwm.o(.revsh_text), (4 bytes).
    Removing lpc17xx_mcpwm.o(.rrx_text), (6 bytes).
    Removing lpc17xx_mcpwm.o(.text), (1056 bytes).
    Removing lpc17xx_nvic.o(.rev16_text), (4 bytes).
    Removing lpc17xx_nvic.o(.revsh_text), (4 bytes).
    Removing lpc17xx_nvic.o(.rrx_text), (6 bytes).
    Removing lpc17xx_nvic.o(.text), (156 bytes).
    Removing lpc17xx_pinsel.o(.rev16_text), (4 bytes).
    Removing lpc17xx_pinsel.o(.revsh_text), (4 bytes).
    Removing lpc17xx_pinsel.o(.rrx_text), (6 bytes).
    Removing lpc17xx_timer.o(.rev16_text), (4 bytes).
    Removing lpc17xx_timer.o(.revsh_text), (4 bytes).
    Removing lpc17xx_timer.o(.rrx_text), (6 bytes).
    Removing lpc17xx_uart.o(.rev16_text), (4 bytes).
    Removing lpc17xx_uart.o(.revsh_text), (4 bytes).
    Removing lpc17xx_uart.o(.rrx_text), (6 bytes).
    Removing lpc17xx_systick.o(.rev16_text), (4 bytes).
    Removing lpc17xx_systick.o(.revsh_text), (4 bytes).
    Removing lpc17xx_systick.o(.rrx_text), (6 bytes).
    Removing lpc17xx_systick.o(.text), (388 bytes).
    Removing startup_lpc17xx.o(HEAP), (0 bytes).
    Removing system_lpc17xx.o(.rev16_text), (4 bytes).
    Removing system_lpc17xx.o(.revsh_text), (4 bytes).
    Removing system_lpc17xx.o(.rrx_text), (6 bytes).
    Removing dadd.o(.text), (334 bytes).
    Removing dmul.o(.text), (228 bytes).
    Removing ffltui.o(.text), (10 bytes).
    Removing f2d.o(.text), (38 bytes).
    Removing d2f.o(.text), (56 bytes).
    Removing cfrcmple.o(.text), (20 bytes).
    Removing fepilogue.o(.text), (110 bytes).
    Removing depilogue.o(.text), (186 bytes).

73 unused section(s) (total 3076 bytes) removed from the image.

==============================================================================

Image Symbol Table

    Local Symbols

    Symbol Name                              Value     Ov Type        Size  Object(Section)

    RESET                                    0x00000000   Section      204  startup_lpc17xx.o(RESET)
    ../clib/../cmprslib/zerorunl2.c          0x00000000   Number         0  __dczerorl2.o ABSOLUTE
    ../clib/microlib/division.c              0x00000000   Number         0  uldiv.o ABSOLUTE
    ../clib/microlib/init/entry.s            0x00000000   Number         0  entry5.o ABSOLUTE
    ../clib/microlib/init/entry.s            0x00000000   Number         0  entry11b.o ABSOLUTE
    ../clib/microlib/init/entry.s            0x00000000   Number         0  entry.o ABSOLUTE
    ../clib/microlib/init/entry.s            0x00000000   Number         0  entry2.o ABSOLUTE
    ../clib/microlib/init/entry.s            0x00000000   Number         0  entry11a.o ABSOLUTE
    ../clib/microlib/init/entry.s            0x00000000   Number         0  entry8a.o ABSOLUTE
    ../clib/microlib/init/entry.s            0x00000000   Number         0  entry10b.o ABSOLUTE
    ../clib/microlib/init/entry.s            0x00000000   Number         0  entry10a.o ABSOLUTE
    ../clib/microlib/init/entry.s            0x00000000   Number         0  entry7a.o ABSOLUTE
    ../clib/microlib/init/entry.s            0x00000000   Number         0  entry7b.o ABSOLUTE
    ../clib/microlib/init/entry.s            0x00000000   Number         0  entry9b.o ABSOLUTE
    ../clib/microlib/init/entry.s            0x00000000   Number         0  entry9a.o ABSOLUTE
    ../clib/microlib/init/entry.s            0x00000000   Number         0  entry8b.o ABSOLUTE
    ../clib/microlib/longlong.c              0x00000000   Number         0  llsshr.o ABSOLUTE
    ../clib/microlib/longlong.c              0x00000000   Number         0  llshl.o ABSOLUTE
    ../clib/microlib/longlong.c              0x00000000   Number         0  llushr.o ABSOLUTE
    ../clib/microlib/string/memcpy.c         0x00000000   Number         0  memcpya.o ABSOLUTE
    ../clib/microlib/string/memcpy.c         0x00000000   Number         0  memcpyb.o ABSOLUTE
    ../clib/microlib/string/memset.c         0x00000000   Number         0  memseta.o ABSOLUTE
    ../clib/microlib/stubs.s                 0x00000000   Number         0  iusefp.o ABSOLUTE
    ../fplib/microlib/d2f.c                  0x00000000   Number         0  d2f.o ABSOLUTE
    ../fplib/microlib/f2d.c                  0x00000000   Number         0  f2d.o ABSOLUTE
    ../fplib/microlib/fpadd.c                0x00000000   Number         0  dadd.o ABSOLUTE
    ../fplib/microlib/fpepilogue.c           0x00000000   Number         0  depilogue.o ABSOLUTE
    ../fplib/microlib/fpepilogue.c           0x00000000   Number         0  fepilogue.o ABSOLUTE
    ../fplib/microlib/fpflt.c                0x00000000   Number         0  ffltui.o ABSOLUTE
    ../fplib/microlib/fpmul.c                0x00000000   Number         0  dmul.o ABSOLUTE
    ..\Drivers\source\lpc17xx_clkpwr.c       0x00000000   Number         0  lpc17xx_clkpwr.o ABSOLUTE
    ..\Drivers\source\lpc17xx_exti.c         0x00000000   Number         0  lpc17xx_exti.o ABSOLUTE
    ..\Drivers\source\lpc17xx_gpio.c         0x00000000   Number         0  lpc17xx_gpio.o ABSOLUTE
    ..\Drivers\source\lpc17xx_libcfg_default.c 0x00000000   Number         0  lpc17xx_libcfg_default.o ABSOLUTE
    ..\Drivers\source\lpc17xx_mcpwm.c        0x00000000   Number         0  lpc17xx_mcpwm.o ABSOLUTE
    ..\Drivers\source\lpc17xx_nvic.c         0x00000000   Number         0  lpc17xx_nvic.o ABSOLUTE
    ..\Drivers\source\lpc17xx_pinsel.c       0x00000000   Number         0  lpc17xx_pinsel.o ABSOLUTE
    ..\Drivers\source\lpc17xx_systick.c      0x00000000   Number         0  lpc17xx_systick.o ABSOLUTE
    ..\Drivers\source\lpc17xx_timer.c        0x00000000   Number         0  lpc17xx_timer.o ABSOLUTE
    ..\Drivers\source\lpc17xx_uart.c         0x00000000   Number         0  lpc17xx_uart.o ABSOLUTE
    ..\User\Messaging.c                      0x00000000   Number         0  messaging.o ABSOLUTE
    ..\User\Messaging_Freq.c                 0x00000000   Number         0  messaging_freq.o ABSOLUTE
    ..\User\Messaging_RSSI_Delta.c           0x00000000   Number         0  messaging_rssi_delta.o ABSOLUTE
    ..\User\Messaging_RSSI_SUM.c             0x00000000   Number         0  messaging_rssi_sum.o ABSOLUTE
    ..\User\PID.c                            0x00000000   Number         0  pid.o ABSOLUTE
    ..\User\User_Delay.c                     0x00000000   Number         0  user_delay.o ABSOLUTE
    ..\User\User_ExtInt.c                    0x00000000   Number         0  user_extint.o ABSOLUTE
    ..\User\User_GPIO.c                      0x00000000   Number         0  user_gpio.o ABSOLUTE
    ..\User\User_Uart.c                      0x00000000   Number         0  user_uart.o ABSOLUTE
    ..\User\lpc17xx_wdt.c                    0x00000000   Number         0  lpc17xx_wdt.o ABSOLUTE
    ..\User\main.c                           0x00000000   Number         0  main.o ABSOLUTE
    ..\\Drivers\\source\\lpc17xx_clkpwr.c    0x00000000   Number         0  lpc17xx_clkpwr.o ABSOLUTE
    ..\\Drivers\\source\\lpc17xx_exti.c      0x00000000   Number         0  lpc17xx_exti.o ABSOLUTE
    ..\\Drivers\\source\\lpc17xx_gpio.c      0x00000000   Number         0  lpc17xx_gpio.o ABSOLUTE
    ..\\Drivers\\source\\lpc17xx_mcpwm.c     0x00000000   Number         0  lpc17xx_mcpwm.o ABSOLUTE
    ..\\Drivers\\source\\lpc17xx_nvic.c      0x00000000   Number         0  lpc17xx_nvic.o ABSOLUTE
    ..\\Drivers\\source\\lpc17xx_pinsel.c    0x00000000   Number         0  lpc17xx_pinsel.o ABSOLUTE
    ..\\Drivers\\source\\lpc17xx_systick.c   0x00000000   Number         0  lpc17xx_systick.o ABSOLUTE
    ..\\Drivers\\source\\lpc17xx_timer.c     0x00000000   Number         0  lpc17xx_timer.o ABSOLUTE
    ..\\Drivers\\source\\lpc17xx_uart.c      0x00000000   Number         0  lpc17xx_uart.o ABSOLUTE
    ..\\User\\Messaging_Freq.c               0x00000000   Number         0  messaging_freq.o ABSOLUTE
    ..\\User\\Messaging_RSSI_Delta.c         0x00000000   Number         0  messaging_rssi_delta.o ABSOLUTE
    ..\\User\\Messaging_RSSI_SUM.c           0x00000000   Number         0  messaging_rssi_sum.o ABSOLUTE
    ..\\User\\User_Delay.c                   0x00000000   Number         0  user_delay.o ABSOLUTE
    ..\\User\\User_ExtInt.c                  0x00000000   Number         0  user_extint.o ABSOLUTE
    ..\\User\\User_GPIO.c                    0x00000000   Number         0  user_gpio.o ABSOLUTE
    ..\\User\\User_Uart.c                    0x00000000   Number         0  user_uart.o ABSOLUTE
    ..\\User\\lpc17xx_wdt.c                  0x00000000   Number         0  lpc17xx_wdt.o ABSOLUTE
    ..\\User\\main.c                         0x00000000   Number         0  main.o ABSOLUTE
    RTE\Device\LPC1768\startup_LPC17xx.s     0x00000000   Number         0  startup_lpc17xx.o ABSOLUTE
    RTE\Device\LPC1768\system_LPC17xx.c      0x00000000   Number         0  system_lpc17xx.o ABSOLUTE
    RTE\\Device\\LPC1768\\system_LPC17xx.c   0x00000000   Number         0  system_lpc17xx.o ABSOLUTE
    cfrcmple.s                               0x00000000   Number         0  cfrcmple.o ABSOLUTE
    dc.s                                     0x00000000   Number         0  dc.o ABSOLUTE
    handlers.s                               0x00000000   Number         0  handlers.o ABSOLUTE
    init.s                                   0x00000000   Number         0  init.o ABSOLUTE
    .ARM.Collect$$$$00000000                 0x000000cc   Section        0  entry.o(.ARM.Collect$$$$00000000)
    .ARM.Collect$$$$00000001                 0x000000cc   Section        4  entry2.o(.ARM.Collect$$$$00000001)
    .ARM.Collect$$$$00000004                 0x000000d0   Section        4  entry5.o(.ARM.Collect$$$$00000004)
    .ARM.Collect$$$$00000008                 0x000000d4   Section        0  entry7b.o(.ARM.Collect$$$$00000008)
    .ARM.Collect$$$$0000000A                 0x000000d4   Section        0  entry8b.o(.ARM.Collect$$$$0000000A)
    .ARM.Collect$$$$0000000B                 0x000000d4   Section        8  entry9a.o(.ARM.Collect$$$$0000000B)
    .ARM.Collect$$$$0000000D                 0x000000dc   Section        0  entry10a.o(.ARM.Collect$$$$0000000D)
    .ARM.Collect$$$$0000000F                 0x000000dc   Section        0  entry11a.o(.ARM.Collect$$$$0000000F)
    .ARM.Collect$$$$00002712                 0x000000dc   Section        4  entry2.o(.ARM.Collect$$$$00002712)
    __lit__00000000                          0x000000dc   Data           4  entry2.o(.ARM.Collect$$$$00002712)
    .text                                    0x000000e0   Section        0  user_gpio.o(.text)
    .text                                    0x000001e4   Section        0  user_delay.o(.text)
    .text                                    0x00000244   Section        0  messaging_rssi_sum.o(.text)
    .ARM.__at_0x02FC                         0x000002fc   Section        4  startup_lpc17xx.o(.ARM.__at_0x02FC)
    .text                                    0x00000300   Section        0  main.o(.text)
    .text                                    0x00000d70   Section        0  messaging.o(.text)
    .text                                    0x00000f98   Section        0  user_uart.o(.text)
    __NVIC_SetPriority                       0x00000f99   Thumb Code    32  user_uart.o(.text)
    __NVIC_EnableIRQ                         0x0000176b   Thumb Code    26  user_uart.o(.text)
    .text                                    0x0000179c   Section        0  user_extint.o(.text)
    __NVIC_SetPriority                       0x0000179d   Thumb Code    32  user_extint.o(.text)
    __NVIC_EnableIRQ                         0x000019c7   Thumb Code    26  user_extint.o(.text)
    .text                                    0x00001a00   Section        0  messaging_rssi_delta.o(.text)
    .text                                    0x00001ab8   Section        0  lpc17xx_wdt.o(.text)
    WDT_SetTimeOut                           0x00001ab9   Thumb Code   222  lpc17xx_wdt.o(.text)
    .text                                    0x00001c90   Section        0  messaging_freq.o(.text)
    .text                                    0x00001dc0   Section        0  lpc17xx_clkpwr.o(.text)
    .text                                    0x00001f00   Section        0  lpc17xx_exti.o(.text)
    .text                                    0x00001fa4   Section        0  lpc17xx_gpio.o(.text)
    GPIO_GetPointer                          0x00001fa5   Thumb Code    52  lpc17xx_gpio.o(.text)
    FIO_HalfWordGetPointer                   0x00001fd9   Thumb Code    52  lpc17xx_gpio.o(.text)
    FIO_ByteGetPointer                       0x0000200d   Thumb Code    52  lpc17xx_gpio.o(.text)
    .text                                    0x000023b0   Section        0  lpc17xx_pinsel.o(.text)
    set_PinFunc                              0x000023b1   Thumb Code    60  lpc17xx_pinsel.o(.text)
    set_ResistorMode                         0x000023ed   Thumb Code    62  lpc17xx_pinsel.o(.text)
    set_OpenDrainMode                        0x0000242b   Thumb Code    44  lpc17xx_pinsel.o(.text)
    .text                                    0x000024b0   Section        0  lpc17xx_timer.o(.text)
    getPClock                                0x000024b1   Thumb Code    66  lpc17xx_timer.o(.text)
    converUSecToVal                          0x000024f3   Thumb Code    50  lpc17xx_timer.o(.text)
    converPtrToTimeNum                       0x00002525   Thumb Code    46  lpc17xx_timer.o(.text)
    .text                                    0x00002b18   Section        0  lpc17xx_uart.o(.text)
    uart_set_divisors                        0x00002b19   Thumb Code   464  lpc17xx_uart.o(.text)
    .text                                    0x00003970   Section        0  lpc17xx_libcfg_default.o(.text)
    .text                                    0x00003974   Section       36  startup_lpc17xx.o(.text)
    .text                                    0x00003998   Section        0  system_lpc17xx.o(.text)
    .text                                    0x00003c88   Section        0  uldiv.o(.text)
    .text                                    0x00003cea   Section        0  memcpya.o(.text)
    .text                                    0x00003d0e   Section        0  memseta.o(.text)
    .text                                    0x00003d32   Section        0  llshl.o(.text)
    .text                                    0x00003d50   Section        0  llushr.o(.text)
    .text                                    0x00003d70   Section       36  init.o(.text)
    .text                                    0x00003d94   Section        0  __dczerorl2.o(.text)
    i.__scatterload_copy                     0x00003dea   Section       14  handlers.o(i.__scatterload_copy)
    i.__scatterload_null                     0x00003df8   Section        2  handlers.o(i.__scatterload_null)
    i.__scatterload_zeroinit                 0x00003dfa   Section       14  handlers.o(i.__scatterload_zeroinit)
    .constdata                               0x00003e08   Section       12  messaging_rssi_sum.o(.constdata)
    .constdata                               0x00003e14   Section       12  messaging_rssi_delta.o(.constdata)
    .data                                    0x10000000   Section      816  main.o(.data)
    .data                                    0x10000330   Section       20  messaging.o(.data)
    .data                                    0x10000344   Section        8  user_uart.o(.data)
    .data                                    0x1000034c   Section        4  user_delay.o(.data)
    .data                                    0x10000350   Section       16  messaging_rssi_sum.o(.data)
    .data                                    0x10000360   Section        9  messaging_rssi_delta.o(.data)
    .data                                    0x1000036c   Section       52  messaging_freq.o(.data)
    .data                                    0x100003a0   Section        4  system_lpc17xx.o(.data)
    .bss                                     0x100003a4   Section     1021  main.o(.bss)
    .bss                                     0x100007a4   Section      762  messaging.o(.bss)
    .bss                                     0x10000aa0   Section     2128  user_uart.o(.bss)
    .bss                                     0x100012f0   Section      120  messaging_rssi_sum.o(.bss)
    .bss                                     0x10001368   Section       20  messaging_rssi_delta.o(.bss)
    .bss                                     0x1000137c   Section      140  messaging_freq.o(.bss)
    STACK                                    0x10001408   Section      512  startup_lpc17xx.o(STACK)

    Global Symbols

    Symbol Name                              Value     Ov Type        Size  Object(Section)

    BuildAttributes$$THM_ISAv4$P$D$K$B$S$PE$A:L22UL41UL21$X:L11$S22US41US21$IEEE1$IW$USESV6$~STKCKD$USESV7$~SHL$OTIME$ROPI$EBA8$MICROLIB$REQ8$PRES8$EABIv2 0x00000000   Number         0  anon$$obj.o ABSOLUTE
    __ARM_use_no_argv                        0x00000000   Number         0  main.o ABSOLUTE
    __Vectors                                0x00000000   Data           4  startup_lpc17xx.o(RESET)
    __cpp_initialize__aeabi_                  - Undefined Weak Reference
    __cxa_finalize                            - Undefined Weak Reference
    _clock_init                               - Undefined Weak Reference
    _microlib_exit                            - Undefined Weak Reference
    __main                                   0x000000cd   Thumb Code     0  entry.o(.ARM.Collect$$$$00000000)
    _main_stk                                0x000000cd   Thumb Code     0  entry2.o(.ARM.Collect$$$$00000001)
    _main_scatterload                        0x000000d1   Thumb Code     0  entry5.o(.ARM.Collect$$$$00000004)
    __main_after_scatterload                 0x000000d5   Thumb Code     0  entry5.o(.ARM.Collect$$$$00000004)
    _main_clock                              0x000000d5   Thumb Code     0  entry7b.o(.ARM.Collect$$$$00000008)
    _main_cpp_init                           0x000000d5   Thumb Code     0  entry8b.o(.ARM.Collect$$$$0000000A)
    _main_init                               0x000000d5   Thumb Code     0  entry9a.o(.ARM.Collect$$$$0000000B)
    __rt_final_cpp                           0x000000dd   Thumb Code     0  entry10a.o(.ARM.Collect$$$$0000000D)
    __rt_final_exit                          0x000000dd   Thumb Code     0  entry11a.o(.ARM.Collect$$$$0000000F)
    pinConfig                                0x000000e1   Thumb Code    24  user_gpio.o(.text)
    pinOn                                    0x000000f9   Thumb Code    22  user_gpio.o(.text)
    pinOff                                   0x0000010f   Thumb Code    22  user_gpio.o(.text)
    pinStatus                                0x00000125   Thumb Code    30  user_gpio.o(.text)
    pinToggle                                0x00000143   Thumb Code    46  user_gpio.o(.text)
    pinSet                                   0x00000171   Thumb Code    28  user_gpio.o(.text)
    pinFlash                                 0x0000018d   Thumb Code    86  user_gpio.o(.text)
    SysTick_Handler                          0x000001e5   Thumb Code    12  user_delay.o(.text)
    Delay                                    0x000001f1   Thumb Code    18  user_delay.o(.text)
    Delay_Int                                0x00000203   Thumb Code    30  user_delay.o(.text)
    Delay_Pro                                0x00000221   Thumb Code    24  user_delay.o(.text)
    SystemTime                               0x00000239   Thumb Code     6  user_delay.o(.text)
    parseByte_RSSI_SUM                       0x00000245   Thumb Code   164  messaging_rssi_sum.o(.text)
    Trans_2FixedMic_Message                  0x00000301   Thumb Code   150  main.o(.text)
    IO_Initialling                           0x00000397   Thumb Code   130  main.o(.text)
    Init_Timer0                              0x00000419   Thumb Code   128  main.o(.text)
    main                                     0x00000499   Thumb Code   328  main.o(.text)
    makeSetFrequencyFormat                   0x000005e1   Thumb Code    12  main.o(.text)
    parse_Message                            0x000005ed   Thumb Code   170  main.o(.text)
    external_Interrupt_Fnc                   0x00000697   Thumb Code     2  main.o(.text)
    parse_Message_RSSI_SUM                   0x00000699   Thumb Code   342  main.o(.text)
    parse_Message_RSSI_Delta                 0x000007ef   Thumb Code    32  main.o(.text)
    parse_Message_Freq                       0x0000080f   Thumb Code    48  main.o(.text)
    IO_InitUnUsedPins                        0x0000083f   Thumb Code   472  main.o(.text)
    TIMER0_IRQHandler                        0x00000a17   Thumb Code   286  main.o(.text)
    UART1_IRQHandler                         0x00000b35   Thumb Code   316  main.o(.text)
    UART3_IRQHandler                         0x00000c71   Thumb Code    80  main.o(.text)
    UART2_IRQHandler                         0x00000cc1   Thumb Code    80  main.o(.text)
    UART0_IRQHandler                         0x00000d11   Thumb Code    74  main.o(.text)
    gen_crc16                                0x00000d71   Thumb Code   130  messaging.o(.text)
    parseByte                                0x00000df3   Thumb Code   302  messaging.o(.text)
    Make_Trans_Msg                           0x00000f21   Thumb Code    70  messaging.o(.text)
    UARTNumExtract                           0x00000fb9   Thumb Code    46  user_uart.o(.text)
    UART_IntReceive                          0x00000fe7   Thumb Code   178  user_uart.o(.text)
    UART_IntTransmit                         0x00001099   Thumb Code   240  user_uart.o(.text)
    UART_IntErr                              0x00001189   Thumb Code     2  user_uart.o(.text)
    UART_ConfigStruct                        0x0000118b   Thumb Code    14  user_uart.o(.text)
    Com_Init                                 0x00001199   Thumb Code   454  user_uart.o(.text)
    UARTSend                                 0x0000135f   Thumb Code   226  user_uart.o(.text)
    UARTSend_AC                              0x00001441   Thumb Code   194  user_uart.o(.text)
    UARTReceive                              0x00001503   Thumb Code   178  user_uart.o(.text)
    Send_uint_AC                             0x000015b5   Thumb Code    50  user_uart.o(.text)
    Com_Init_Tx_Canceled                     0x000015e7   Thumb Code   388  user_uart.o(.text)
    EXTI_ClearEXTIFlag_L2                    0x000017bd   Thumb Code    12  user_extint.o(.text)
    EINT0_IRQHandler                         0x000017c9   Thumb Code    32  user_extint.o(.text)
    EINT1_IRQHandler                         0x000017e9   Thumb Code    32  user_extint.o(.text)
    EINT2_IRQHandler                         0x00001809   Thumb Code    32  user_extint.o(.text)
    EINT3_IRQHandler                         0x00001829   Thumb Code    32  user_extint.o(.text)
    EINT_Init                                0x00001849   Thumb Code   382  user_extint.o(.text)
    parseByte_RSSI_Delta                     0x00001a01   Thumb Code   164  messaging_rssi_delta.o(.text)
    WDT_Init                                 0x00001b97   Thumb Code    86  lpc17xx_wdt.o(.text)
    WDT_Feed                                 0x00001bed   Thumb Code    16  lpc17xx_wdt.o(.text)
    WDT_Start                                0x00001bfd   Thumb Code    44  lpc17xx_wdt.o(.text)
    WDT_ReadTimeOutFlag                      0x00001c29   Thumb Code    12  lpc17xx_wdt.o(.text)
    WDT_ClrTimeOutFlag                       0x00001c35   Thumb Code    18  lpc17xx_wdt.o(.text)
    WDT_UpdateTimeOut                        0x00001c47   Thumb Code    28  lpc17xx_wdt.o(.text)
    WDT_GetCurrentCount                      0x00001c63   Thumb Code     8  lpc17xx_wdt.o(.text)
    resetBuffer                              0x00001c91   Thumb Code    72  messaging_freq.o(.text)
    parseByte_Freq                           0x00001cd9   Thumb Code   198  messaging_freq.o(.text)
    CLKPWR_SetPCLKDiv                        0x00001dc1   Thumb Code    94  lpc17xx_clkpwr.o(.text)
    CLKPWR_GetPCLKSEL                        0x00001e1f   Thumb Code    34  lpc17xx_clkpwr.o(.text)
    CLKPWR_GetPCLK                           0x00001e41   Thumb Code    58  lpc17xx_clkpwr.o(.text)
    CLKPWR_ConfigPPWR                        0x00001e7b   Thumb Code    46  lpc17xx_clkpwr.o(.text)
    CLKPWR_Sleep                             0x00001ea9   Thumb Code    12  lpc17xx_clkpwr.o(.text)
    CLKPWR_DeepSleep                         0x00001eb5   Thumb Code    18  lpc17xx_clkpwr.o(.text)
    CLKPWR_PowerDown                         0x00001ec7   Thumb Code    18  lpc17xx_clkpwr.o(.text)
    CLKPWR_DeepPowerDown                     0x00001ed9   Thumb Code    18  lpc17xx_clkpwr.o(.text)
    EXTI_Init                                0x00001f01   Thumb Code    22  lpc17xx_exti.o(.text)
    EXTI_DeInit                              0x00001f17   Thumb Code     2  lpc17xx_exti.o(.text)
    EXTI_SetPolarity                         0x00001f19   Thumb Code    46  lpc17xx_exti.o(.text)
    EXTI_SetMode                             0x00001f47   Thumb Code    46  lpc17xx_exti.o(.text)
    EXTI_Config                              0x00001f75   Thumb Code    28  lpc17xx_exti.o(.text)
    EXTI_ClearEXTIFlag                       0x00001f91   Thumb Code    10  lpc17xx_exti.o(.text)
    GPIO_SetDir                              0x00002041   Thumb Code    40  lpc17xx_gpio.o(.text)
    GPIO_SetValue                            0x00002069   Thumb Code    20  lpc17xx_gpio.o(.text)
    GPIO_ClearValue                          0x0000207d   Thumb Code    20  lpc17xx_gpio.o(.text)
    GPIO_ReadValue                           0x00002091   Thumb Code    22  lpc17xx_gpio.o(.text)
    GPIO_IntCmd                              0x000020a7   Thumb Code    60  lpc17xx_gpio.o(.text)
    GPIO_GetIntStatus                        0x000020e3   Thumb Code    86  lpc17xx_gpio.o(.text)
    GPIO_ClearInt                            0x00002139   Thumb Code    28  lpc17xx_gpio.o(.text)
    FIO_SetDir                               0x00002155   Thumb Code    20  lpc17xx_gpio.o(.text)
    FIO_SetValue                             0x00002169   Thumb Code    16  lpc17xx_gpio.o(.text)
    FIO_ClearValue                           0x00002179   Thumb Code    16  lpc17xx_gpio.o(.text)
    FIO_ReadValue                            0x00002189   Thumb Code    12  lpc17xx_gpio.o(.text)
    FIO_IntCmd                               0x00002195   Thumb Code    20  lpc17xx_gpio.o(.text)
    FIO_GetIntStatus                         0x000021a9   Thumb Code    20  lpc17xx_gpio.o(.text)
    FIO_ClearInt                             0x000021bd   Thumb Code    16  lpc17xx_gpio.o(.text)
    FIO_SetMask                              0x000021cd   Thumb Code    40  lpc17xx_gpio.o(.text)
    FIO_HalfWordSetDir                       0x000021f5   Thumb Code    62  lpc17xx_gpio.o(.text)
    FIO_HalfWordSetMask                      0x00002233   Thumb Code    62  lpc17xx_gpio.o(.text)
    FIO_HalfWordSetValue                     0x00002271   Thumb Code    32  lpc17xx_gpio.o(.text)
    FIO_HalfWordClearValue                   0x00002291   Thumb Code    32  lpc17xx_gpio.o(.text)
    FIO_HalfWordReadValue                    0x000022b1   Thumb Code    30  lpc17xx_gpio.o(.text)
    FIO_ByteSetDir                           0x000022cf   Thumb Code    50  lpc17xx_gpio.o(.text)
    FIO_ByteSetMask                          0x00002301   Thumb Code    66  lpc17xx_gpio.o(.text)
    FIO_ByteSetValue                         0x00002343   Thumb Code    34  lpc17xx_gpio.o(.text)
    FIO_ByteClearValue                       0x00002365   Thumb Code    34  lpc17xx_gpio.o(.text)
    FIO_ByteReadValue                        0x00002387   Thumb Code    42  lpc17xx_gpio.o(.text)
    PINSEL_ConfigTraceFunc                   0x00002457   Thumb Code    34  lpc17xx_pinsel.o(.text)
    PINSEL_SetI2C0Pins                       0x00002479   Thumb Code    16  lpc17xx_pinsel.o(.text)
    PINSEL_ConfigPin                         0x00002489   Thumb Code    36  lpc17xx_pinsel.o(.text)
    TIM_GetIntStatus                         0x00002553   Thumb Code    92  lpc17xx_timer.o(.text)
    TIM_GetIntCaptureStatus                  0x000025af   Thumb Code    94  lpc17xx_timer.o(.text)
    TIM_ClearIntPending                      0x0000260d   Thumb Code    80  lpc17xx_timer.o(.text)
    TIM_ClearIntCapturePending               0x0000265d   Thumb Code    82  lpc17xx_timer.o(.text)
    TIM_ConfigStructInit                     0x000026af   Thumb Code    22  lpc17xx_timer.o(.text)
    TIM_Init                                 0x000026c5   Thumb Code   272  lpc17xx_timer.o(.text)
    TIM_DeInit                               0x000027d5   Thumb Code   112  lpc17xx_timer.o(.text)
    TIM_Cmd                                  0x00002845   Thumb Code    66  lpc17xx_timer.o(.text)
    TIM_ResetCounter                         0x00002887   Thumb Code    58  lpc17xx_timer.o(.text)
    TIM_ConfigMatch                          0x000028c1   Thumb Code   302  lpc17xx_timer.o(.text)
    TIM_UpdateMatchValue                     0x000029ef   Thumb Code    86  lpc17xx_timer.o(.text)
    TIM_ConfigCapture                        0x00002a45   Thumb Code   126  lpc17xx_timer.o(.text)
    TIM_GetCaptureValue                      0x00002ac3   Thumb Code    74  lpc17xx_timer.o(.text)
    UART_Init                                0x00002ce9   Thumb Code   490  lpc17xx_uart.o(.text)
    UART_TxCmd                               0x00002ed3   Thumb Code   182  lpc17xx_uart.o(.text)
    UART_DeInit                              0x00002f89   Thumb Code   112  lpc17xx_uart.o(.text)
    UART_ConfigStructInit                    0x00002ff9   Thumb Code    18  lpc17xx_uart.o(.text)
    UART_SendByte                            0x0000300b   Thumb Code    58  lpc17xx_uart.o(.text)
    UART_ReceiveByte                         0x00003045   Thumb Code    56  lpc17xx_uart.o(.text)
    UART_Send                                0x0000307d   Thumb Code   152  lpc17xx_uart.o(.text)
    UART_Receive                             0x00003115   Thumb Code   124  lpc17xx_uart.o(.text)
    UART_ForceBreak                          0x00003191   Thumb Code    68  lpc17xx_uart.o(.text)
    UART_IntConfig                           0x000031d5   Thumb Code   260  lpc17xx_uart.o(.text)
    UART_GetLineStatus                       0x000032d9   Thumb Code    56  lpc17xx_uart.o(.text)
    UART_GetIntId                            0x00003311   Thumb Code    70  lpc17xx_uart.o(.text)
    UART_CheckBusy                           0x00003357   Thumb Code    18  lpc17xx_uart.o(.text)
    UART_FIFOConfig                          0x00003369   Thumb Code   254  lpc17xx_uart.o(.text)
    UART_FIFOConfigStructInit                0x00003467   Thumb Code    14  lpc17xx_uart.o(.text)
    UART_ABCmd                               0x00003475   Thumb Code   192  lpc17xx_uart.o(.text)
    UART_ABClearIntPending                   0x00003535   Thumb Code    66  lpc17xx_uart.o(.text)
    UART_IrDAInvtInputCmd                    0x00003577   Thumb Code    80  lpc17xx_uart.o(.text)
    UART_IrDACmd                             0x000035c7   Thumb Code    78  lpc17xx_uart.o(.text)
    UART_IrDAPulseDivConfig                  0x00003615   Thumb Code   102  lpc17xx_uart.o(.text)
    UART_FullModemForcePinState              0x0000367b   Thumb Code   118  lpc17xx_uart.o(.text)
    UART_FullModemConfigMode                 0x000036f1   Thumb Code   146  lpc17xx_uart.o(.text)
    UART_FullModemGetStatus                  0x00003783   Thumb Code    28  lpc17xx_uart.o(.text)
    UART_RS485Config                         0x0000379f   Thumb Code   300  lpc17xx_uart.o(.text)
    UART_RS485ReceiverCmd                    0x000038cb   Thumb Code    32  lpc17xx_uart.o(.text)
    UART_RS485Send                           0x000038eb   Thumb Code    88  lpc17xx_uart.o(.text)
    UART_RS485SendSlvAddr                    0x00003943   Thumb Code    18  lpc17xx_uart.o(.text)
    UART_RS485SendData                       0x00003955   Thumb Code    22  lpc17xx_uart.o(.text)
    check_failed                             0x00003971   Thumb Code     4  lpc17xx_libcfg_default.o(.text)
    Reset_Handler                            0x00003975   Thumb Code     8  startup_lpc17xx.o(.text)
    NMI_Handler                              0x0000397d   Thumb Code     2  startup_lpc17xx.o(.text)
    HardFault_Handler                        0x0000397f   Thumb Code     2  startup_lpc17xx.o(.text)
    MemManage_Handler                        0x00003981   Thumb Code     2  startup_lpc17xx.o(.text)
    BusFault_Handler                         0x00003983   Thumb Code     2  startup_lpc17xx.o(.text)
    UsageFault_Handler                       0x00003985   Thumb Code     2  startup_lpc17xx.o(.text)
    SVC_Handler                              0x00003987   Thumb Code     2  startup_lpc17xx.o(.text)
    DebugMon_Handler                         0x00003989   Thumb Code     2  startup_lpc17xx.o(.text)
    PendSV_Handler                           0x0000398b   Thumb Code     2  startup_lpc17xx.o(.text)
    ADC_IRQHandler                           0x0000398f   Thumb Code     0  startup_lpc17xx.o(.text)
    BOD_IRQHandler                           0x0000398f   Thumb Code     0  startup_lpc17xx.o(.text)
    CANActivity_IRQHandler                   0x0000398f   Thumb Code     0  startup_lpc17xx.o(.text)
    CAN_IRQHandler                           0x0000398f   Thumb Code     0  startup_lpc17xx.o(.text)
    DMA_IRQHandler                           0x0000398f   Thumb Code     0  startup_lpc17xx.o(.text)
    ENET_IRQHandler                          0x0000398f   Thumb Code     0  startup_lpc17xx.o(.text)
    I2C0_IRQHandler                          0x0000398f   Thumb Code     0  startup_lpc17xx.o(.text)
    I2C1_IRQHandler                          0x0000398f   Thumb Code     0  startup_lpc17xx.o(.text)
    I2C2_IRQHandler                          0x0000398f   Thumb Code     0  startup_lpc17xx.o(.text)
    I2S_IRQHandler                           0x0000398f   Thumb Code     0  startup_lpc17xx.o(.text)
    MCPWM_IRQHandler                         0x0000398f   Thumb Code     0  startup_lpc17xx.o(.text)
    PLL0_IRQHandler                          0x0000398f   Thumb Code     0  startup_lpc17xx.o(.text)
    PLL1_IRQHandler                          0x0000398f   Thumb Code     0  startup_lpc17xx.o(.text)
    PWM1_IRQHandler                          0x0000398f   Thumb Code     0  startup_lpc17xx.o(.text)
    QEI_IRQHandler                           0x0000398f   Thumb Code     0  startup_lpc17xx.o(.text)
    RIT_IRQHandler                           0x0000398f   Thumb Code     0  startup_lpc17xx.o(.text)
    RTC_IRQHandler                           0x0000398f   Thumb Code     0  startup_lpc17xx.o(.text)
    SPI_IRQHandler                           0x0000398f   Thumb Code     0  startup_lpc17xx.o(.text)
    SSP0_IRQHandler                          0x0000398f   Thumb Code     0  startup_lpc17xx.o(.text)
    SSP1_IRQHandler                          0x0000398f   Thumb Code     0  startup_lpc17xx.o(.text)
    TIMER1_IRQHandler                        0x0000398f   Thumb Code     0  startup_lpc17xx.o(.text)
    TIMER2_IRQHandler                        0x0000398f   Thumb Code     0  startup_lpc17xx.o(.text)
    TIMER3_IRQHandler                        0x0000398f   Thumb Code     0  startup_lpc17xx.o(.text)
    USBActivity_IRQHandler                   0x0000398f   Thumb Code     0  startup_lpc17xx.o(.text)
    USB_IRQHandler                           0x0000398f   Thumb Code     0  startup_lpc17xx.o(.text)
    WDT_IRQHandler                           0x0000398f   Thumb Code     0  startup_lpc17xx.o(.text)
    SystemCoreClockUpdate                    0x00003999   Thumb Code   408  system_lpc17xx.o(.text)
    SystemInit                               0x00003b31   Thumb Code   314  system_lpc17xx.o(.text)
    __aeabi_uldivmod                         0x00003c89   Thumb Code    98  uldiv.o(.text)
    __aeabi_memcpy                           0x00003ceb   Thumb Code    36  memcpya.o(.text)
    __aeabi_memcpy4                          0x00003ceb   Thumb Code     0  memcpya.o(.text)
    __aeabi_memcpy8                          0x00003ceb   Thumb Code     0  memcpya.o(.text)
    __aeabi_memset                           0x00003d0f   Thumb Code    14  memseta.o(.text)
    __aeabi_memset4                          0x00003d0f   Thumb Code     0  memseta.o(.text)
    __aeabi_memset8                          0x00003d0f   Thumb Code     0  memseta.o(.text)
    __aeabi_memclr                           0x00003d1d   Thumb Code     4  memseta.o(.text)
    __aeabi_memclr4                          0x00003d1d   Thumb Code     0  memseta.o(.text)
    __aeabi_memclr8                          0x00003d1d   Thumb Code     0  memseta.o(.text)
    _memset$wrapper                          0x00003d21   Thumb Code    18  memseta.o(.text)
    __aeabi_llsl                             0x00003d33   Thumb Code    30  llshl.o(.text)
    _ll_shift_l                              0x00003d33   Thumb Code     0  llshl.o(.text)
    __aeabi_llsr                             0x00003d51   Thumb Code    32  llushr.o(.text)
    _ll_ushift_r                             0x00003d51   Thumb Code     0  llushr.o(.text)
    __scatterload                            0x00003d71   Thumb Code    28  init.o(.text)
    __scatterload_rt2                        0x00003d71   Thumb Code     0  init.o(.text)
    __decompress                             0x00003d95   Thumb Code     0  __dczerorl2.o(.text)
    __decompress1                            0x00003d95   Thumb Code    86  __dczerorl2.o(.text)
    __scatterload_copy                       0x00003deb   Thumb Code    14  handlers.o(i.__scatterload_copy)
    __scatterload_null                       0x00003df9   Thumb Code     2  handlers.o(i.__scatterload_null)
    __scatterload_zeroinit                   0x00003dfb   Thumb Code    14  handlers.o(i.__scatterload_zeroinit)
    Region$$Table$$Base                      0x00003e20   Number         0  anon$$obj.o(Region$$Table)
    Region$$Table$$Limit                     0x00003e40   Number         0  anon$$obj.o(Region$$Table)
    TIM_ConfigStruct                         0x10000000   Data           8  main.o(.data)
    timer0_flag                              0x10000008   Data           1  main.o(.data)
    timer1_flag                              0x10000009   Data           1  main.o(.data)
    LEDStatus                                0x1000000a   Data           1  main.o(.data)
    Button_1                                 0x1000000c   Data          12  main.o(.data)
    Button_2                                 0x10000018   Data          12  main.o(.data)
    Button_3                                 0x10000024   Data          12  main.o(.data)
    Button_4                                 0x10000030   Data          12  main.o(.data)
    LED_1                                    0x1000003c   Data          12  main.o(.data)
    LED_2                                    0x10000048   Data          12  main.o(.data)
    LED_3                                    0x10000054   Data          12  main.o(.data)
    LED_4                                    0x10000060   Data          12  main.o(.data)
    LED_5                                    0x1000006c   Data          12  main.o(.data)
    LED_6                                    0x10000078   Data          12  main.o(.data)
    LED_7                                    0x10000084   Data          12  main.o(.data)
    LED_8                                    0x10000090   Data          12  main.o(.data)
    DOut_1                                   0x1000009c   Data          12  main.o(.data)
    DOut_2                                   0x100000a8   Data          12  main.o(.data)
    DOut_3                                   0x100000b4   Data          12  main.o(.data)
    DOut_4                                   0x100000c0   Data          12  main.o(.data)
    RSSI_SUM_Serial_GPIO                     0x100000cc   Data          12  main.o(.data)
    RSSI_DeltaSLC_Serial_GPIO                0x100000d8   Data          12  main.o(.data)
    ExIntPin0                                0x100000e4   Data          12  main.o(.data)
    UnUseP0_4                                0x100000f0   Data          12  main.o(.data)
    UnUseP0_5                                0x100000fc   Data          12  main.o(.data)
    UnUseP0_17                               0x10000108   Data          12  main.o(.data)
    UnUseP0_18                               0x10000114   Data          12  main.o(.data)
    UnUseP0_19                               0x10000120   Data          12  main.o(.data)
    UnUseP0_20                               0x1000012c   Data          12  main.o(.data)
    UnUseP0_21                               0x10000138   Data          12  main.o(.data)
    UnUseP0_22                               0x10000144   Data          12  main.o(.data)
    UnUseP0_23                               0x10000150   Data          12  main.o(.data)
    UnUseP0_24                               0x1000015c   Data          12  main.o(.data)
    UnUseP0_25                               0x10000168   Data          12  main.o(.data)
    UnUseP0_26                               0x10000174   Data          12  main.o(.data)
    UnUseP0_27_SDA0                          0x10000180   Data          12  main.o(.data)
    UnUseP0_28_SCL0                          0x1000018c   Data          12  main.o(.data)
    UnUseP1_16                               0x10000198   Data          12  main.o(.data)
    UnUseP1_17                               0x100001a4   Data          12  main.o(.data)
    UnUseP1_19                               0x100001b0   Data          12  main.o(.data)
    UnUseP1_20                               0x100001bc   Data          12  main.o(.data)
    UnUseP1_21_SCK0                          0x100001c8   Data          12  main.o(.data)
    UnUseP1_22_SSEL0                         0x100001d4   Data          12  main.o(.data)
    UnUseP1_23_MISO0                         0x100001e0   Data          12  main.o(.data)
    UnUseP1_24_MOSI0                         0x100001ec   Data          12  main.o(.data)
    UnUseP1_25_MOSI_SPin                     0x100001f8   Data          12  main.o(.data)
    UnUseP1_29                               0x10000204   Data          12  main.o(.data)
    UnUseP1_30_VAnalog1                      0x10000210   Data          12  main.o(.data)
    UnUseP1_31_VAnalog2                      0x1000021c   Data          12  main.o(.data)
    UnUseP2_0                                0x10000228   Data          12  main.o(.data)
    UnUseP2_1                                0x10000234   Data          12  main.o(.data)
    UnUseP2_2                                0x10000240   Data          12  main.o(.data)
    UnUseP2_3                                0x1000024c   Data          12  main.o(.data)
    UnUseP2_4                                0x10000258   Data          12  main.o(.data)
    UnUseP2_5                                0x10000264   Data          12  main.o(.data)
    UnUseP2_6                                0x10000270   Data          12  main.o(.data)
    UnUseP2_7                                0x1000027c   Data          12  main.o(.data)
    UnUseP2_8                                0x10000288   Data          12  main.o(.data)
    UnUseP2_9                                0x10000294   Data          12  main.o(.data)
    UnUseP4_28                               0x100002a0   Data          12  main.o(.data)
    UnUseP4_29                               0x100002ac   Data          12  main.o(.data)
    UnUseP3_26                               0x100002b8   Data          12  main.o(.data)
    cnt_e_com_SUM                            0x100002c4   Data           1  main.o(.data)
    cnt_e_com_Delta                          0x100002c5   Data           1  main.o(.data)
    Cnt_timer0                               0x100002c8   Data           4  main.o(.data)
    Cnt_timer1                               0x100002cc   Data           4  main.o(.data)
    cmd_OK_flg                               0x100002d0   Data           1  main.o(.data)
    u8to16                                   0x100002d2   Data           2  main.o(.data)
    Cnt                                      0x100002d4   Data           4  main.o(.data)
    Degree                                   0x100002d8   Data           2  main.o(.data)
    rev                                      0x100002da   Data           2  main.o(.data)
    Data                                     0x100002dc   Data           4  main.o(.data)
    temp                                     0x100002e0   Data           5  main.o(.data)
    tempCnt                                  0x100002e8   Data           4  main.o(.data)
    flgSendSerial                            0x100002ec   Data           1  main.o(.data)
    maxBuff                                  0x100002f0   Data           4  main.o(.data)
    rcvLen                                   0x100002f4   Data           4  main.o(.data)
    cntBuffLen                               0x100002f8   Data           4  main.o(.data)
    sleepCnt                                 0x100002fc   Data           4  main.o(.data)
    dumm                                     0x10000300   Data           4  main.o(.data)
    cntTestSUM                               0x10000304   Data           4  main.o(.data)
    cntTestDelta                             0x10000308   Data           4  main.o(.data)
    LED_flg                                  0x1000030c   Data           1  main.o(.data)
    u8test                                   0x1000030d   Data           1  main.o(.data)
    TestDopp                                 0x1000030e   Data           1  main.o(.data)
    Dopp                                     0x10000310   Data           4  main.o(.data)
    cntDataPacket                            0x10000314   Data           4  main.o(.data)
    dataSendCnt                              0x10000318   Data           4  main.o(.data)
    _mainData                                0x1000031c   Data           4  main.o(.data)
    _Dopp                                    0x10000320   Data           1  main.o(.data)
    _RSSI_Delta_Data                         0x10000324   Data           4  main.o(.data)
    status                                   0x10000328   Data           4  main.o(.data)
    ind                                      0x1000032c   Data           4  main.o(.data)
    Receive_Check_Sum                        0x10000330   Data           1  messaging.o(.data)
    Message_Index                            0x10000334   Data           4  messaging.o(.data)
    Message_ID                               0x10000338   Data           1  messaging.o(.data)
    Message_Length                           0x10000339   Data           1  messaging.o(.data)
    Transmit_Check_Sum                       0x1000033a   Data           1  messaging.o(.data)
    Message_Status                           0x1000033b   Data           1  messaging.o(.data)
    u8_16                                    0x1000033c   Data           2  messaging.o(.data)
    cntCRC                                   0x1000033e   Data           1  messaging.o(.data)
    i                                        0x10000340   Data           4  messaging.o(.data)
    TxIntStat                                0x10000344   Data           4  user_uart.o(.data)
    systickcnt                               0x10000348   Data           4  user_uart.o(.data)
    SysTickCnt                               0x1000034c   Data           4  user_delay.o(.data)
    Receive_Check_Sum_RSSI_SUM               0x10000350   Data           1  messaging_rssi_sum.o(.data)
    Message_Index_RSSI_SUM                   0x10000354   Data           4  messaging_rssi_sum.o(.data)
    Message_Status_RSSI_SUM                  0x10000358   Data           1  messaging_rssi_sum.o(.data)
    cnt                                      0x1000035c   Data           4  messaging_rssi_sum.o(.data)
    Receive_Check_Sum_RSSI_Delta             0x10000360   Data           1  messaging_rssi_delta.o(.data)
    Message_Index_RSSI_Delta                 0x10000364   Data           4  messaging_rssi_delta.o(.data)
    Message_Status_RSSI_Delta                0x10000368   Data           1  messaging_rssi_delta.o(.data)
    Receive_Check_Sum_Freq                   0x1000036c   Data           1  messaging_freq.o(.data)
    Message_Index_Freq                       0x10000370   Data           4  messaging_freq.o(.data)
    Message_Status_Freq                      0x10000374   Data           1  messaging_freq.o(.data)
    cnt_                                     0x10000378   Data           4  messaging_freq.o(.data)
    Message_Status_Freq_Int                  0x1000037c   Data           4  messaging_freq.o(.data)
    ffreq                                    0x10000380   Data           4  messaging_freq.o(.data)
    freq                                     0x10000384   Data           4  messaging_freq.o(.data)
    step                                     0x10000388   Data           4  messaging_freq.o(.data)
    checksum                                 0x1000038c   Data           4  messaging_freq.o(.data)
    rchecksum                                0x10000390   Data           4  messaging_freq.o(.data)
    f_int                                    0x10000394   Data           4  messaging_freq.o(.data)
    f_frac                                   0x10000398   Data           4  messaging_freq.o(.data)
    lock                                     0x1000039c   Data           4  messaging_freq.o(.data)
    SystemCoreClock                          0x100003a0   Data           4  system_lpc17xx.o(.data)
    TIM_MatchConfigStruct                    0x100003a4   Data          12  main.o(.bss)
    Data_Trans_u                             0x100003b0   Data           9  main.o(.bss)
    myData                                   0x100003b9   Data         100  main.o(.bss)
    testDataSUM                              0x1000041d   Data         100  main.o(.bss)
    testDataDelta                            0x10000481   Data         100  main.o(.bss)
    testData                                 0x100004e5   Data         100  main.o(.bss)
    buffer                                   0x10000549   Data         600  main.o(.bss)
    Message                                  0x100007a4   Data         252  messaging.o(.bss)
    _msg                                     0x100008a0   Data         250  messaging.o(.bss)
    _msg_trans                               0x1000099a   Data         250  messaging.o(.bss)
    testk                                    0x10000a94   Data          10  messaging.o(.bss)
    rb                                       0x10000aa0   Data        2128  user_uart.o(.bss)
    _msg_RSSI_SUM                            0x100012f0   Data          20  messaging_rssi_sum.o(.bss)
    dataTest                                 0x10001304   Data         100  messaging_rssi_sum.o(.bss)
    _msg_RSSI_Delta                          0x10001368   Data          20  messaging_rssi_delta.o(.bss)
    _msg_Freq                                0x1000137c   Data          20  messaging_freq.o(.bss)
    dataTest_                                0x10001390   Data         100  messaging_freq.o(.bss)
    buff                                     0x100013f4   Data          20  messaging_freq.o(.bss)
    __initial_sp                             0x10001608   Data           0  startup_lpc17xx.o(STACK)



==============================================================================

Memory Map of the image

  Image Entry point : 0x000000cd

  Load Region LR_IROM1 (Base: 0x00000000, Size: 0x000041e4, Max: 0x00080000, ABSOLUTE, COMPRESSED[0x00003f0c])

    Execution Region ER_IROM1 (Exec base: 0x00000000, Load base: 0x00000000, Size: 0x00003e40, Max: 0x00080000, ABSOLUTE)

    Exec Addr    Load Addr    Size         Type   Attr      Idx    E Section Name        Object

    0x00000000   0x00000000   0x000000cc   Data   RO          637    RESET               startup_lpc17xx.o
    0x000000cc   0x000000cc   0x00000000   Code   RO          675  * .ARM.Collect$$$$00000000  mc_w.l(entry.o)
    0x000000cc   0x000000cc   0x00000004   Code   RO          698    .ARM.Collect$$$$00000001  mc_w.l(entry2.o)
    0x000000d0   0x000000d0   0x00000004   Code   RO          701    .ARM.Collect$$$$00000004  mc_w.l(entry5.o)
    0x000000d4   0x000000d4   0x00000000   Code   RO          703    .ARM.Collect$$$$00000008  mc_w.l(entry7b.o)
    0x000000d4   0x000000d4   0x00000000   Code   RO          705    .ARM.Collect$$$$0000000A  mc_w.l(entry8b.o)
    0x000000d4   0x000000d4   0x00000008   Code   RO          706    .ARM.Collect$$$$0000000B  mc_w.l(entry9a.o)
    0x000000dc   0x000000dc   0x00000000   Code   RO          708    .ARM.Collect$$$$0000000D  mc_w.l(entry10a.o)
    0x000000dc   0x000000dc   0x00000000   Code   RO          710    .ARM.Collect$$$$0000000F  mc_w.l(entry11a.o)
    0x000000dc   0x000000dc   0x00000004   Code   RO          699    .ARM.Collect$$$$00002712  mc_w.l(entry2.o)
    0x000000e0   0x000000e0   0x00000102   Code   RO          166    .text               user_gpio.o
    0x000001e2   0x000001e2   0x00000002   PAD
    0x000001e4   0x000001e4   0x00000060   Code   RO          260    .text               user_delay.o
    0x00000244   0x00000244   0x000000b8   Code   RO          287    .text               messaging_rssi_sum.o
    0x000002fc   0x000002fc   0x00000004   Code   RO          638    .ARM.__at_0x02FC    startup_lpc17xx.o
    0x00000300   0x00000300   0x00000a70   Code   RO            4    .text               main.o
    0x00000d70   0x00000d70   0x00000228   Code   RO          124    .text               messaging.o
    0x00000f98   0x00000f98   0x00000804   Code   RO          194    .text               user_uart.o
    0x0000179c   0x0000179c   0x00000264   Code   RO          231    .text               user_extint.o
    0x00001a00   0x00001a00   0x000000b8   Code   RO          316    .text               messaging_rssi_delta.o
    0x00001ab8   0x00001ab8   0x000001d8   Code   RO          345    .text               lpc17xx_wdt.o
    0x00001c90   0x00001c90   0x00000130   Code   RO          375    .text               messaging_freq.o
    0x00001dc0   0x00001dc0   0x00000140   Code   RO          404    .text               lpc17xx_clkpwr.o
    0x00001f00   0x00001f00   0x000000a4   Code   RO          428    .text               lpc17xx_exti.o
    0x00001fa4   0x00001fa4   0x0000040c   Code   RO          452    .text               lpc17xx_gpio.o
    0x000023b0   0x000023b0   0x00000100   Code   RO          527    .text               lpc17xx_pinsel.o
    0x000024b0   0x000024b0   0x00000668   Code   RO          551    .text               lpc17xx_timer.o
    0x00002b18   0x00002b18   0x00000e58   Code   RO          575    .text               lpc17xx_uart.o
    0x00003970   0x00003970   0x00000004   Code   RO          596    .text               lpc17xx_libcfg_default.o
    0x00003974   0x00003974   0x00000024   Code   RO          639    .text               startup_lpc17xx.o
    0x00003998   0x00003998   0x000002f0   Code   RO          648    .text               system_lpc17xx.o
    0x00003c88   0x00003c88   0x00000062   Code   RO          678    .text               mc_w.l(uldiv.o)
    0x00003cea   0x00003cea   0x00000024   Code   RO          680    .text               mc_w.l(memcpya.o)
    0x00003d0e   0x00003d0e   0x00000024   Code   RO          682    .text               mc_w.l(memseta.o)
    0x00003d32   0x00003d32   0x0000001e   Code   RO          712    .text               mc_w.l(llshl.o)
    0x00003d50   0x00003d50   0x00000020   Code   RO          714    .text               mc_w.l(llushr.o)
    0x00003d70   0x00003d70   0x00000024   Code   RO          723    .text               mc_w.l(init.o)
    0x00003d94   0x00003d94   0x00000056   Code   RO          733    .text               mc_w.l(__dczerorl2.o)
    0x00003dea   0x00003dea   0x0000000e   Code   RO          727    i.__scatterload_copy  mc_w.l(handlers.o)
    0x00003df8   0x00003df8   0x00000002   Code   RO          728    i.__scatterload_null  mc_w.l(handlers.o)
    0x00003dfa   0x00003dfa   0x0000000e   Code   RO          729    i.__scatterload_zeroinit  mc_w.l(handlers.o)
    0x00003e08   0x00003e08   0x0000000c   Data   RO          289    .constdata          messaging_rssi_sum.o
    0x00003e14   0x00003e14   0x0000000c   Data   RO          318    .constdata          messaging_rssi_delta.o
    0x00003e20   0x00003e20   0x00000020   Data   RO          725    Region$$Table       anon$$obj.o


    Execution Region RW_IRAM1 (Exec base: 0x10000000, Load base: 0x00003e40, Size: 0x00001608, Max: 0x00008000, ABSOLUTE, COMPRESSED[0x000000cc])

    Exec Addr    Load Addr    Size         Type   Attr      Idx    E Section Name        Object

    0x10000000   COMPRESSED   0x00000330   Data   RW            6    .data               main.o
    0x10000330   COMPRESSED   0x00000014   Data   RW          126    .data               messaging.o
    0x10000344   COMPRESSED   0x00000008   Data   RW          196    .data               user_uart.o
    0x1000034c   COMPRESSED   0x00000004   Data   RW          261    .data               user_delay.o
    0x10000350   COMPRESSED   0x00000010   Data   RW          290    .data               messaging_rssi_sum.o
    0x10000360   COMPRESSED   0x00000009   Data   RW          319    .data               messaging_rssi_delta.o
    0x10000369   COMPRESSED   0x00000003   PAD
    0x1000036c   COMPRESSED   0x00000034   Data   RW          378    .data               messaging_freq.o
    0x100003a0   COMPRESSED   0x00000004   Data   RW          649    .data               system_lpc17xx.o
    0x100003a4        -       0x000003fd   Zero   RW            5    .bss                main.o
    0x100007a1   COMPRESSED   0x00000003   PAD
    0x100007a4        -       0x000002fa   Zero   RW          125    .bss                messaging.o
    0x10000a9e   COMPRESSED   0x00000002   PAD
    0x10000aa0        -       0x00000850   Zero   RW          195    .bss                user_uart.o
    0x100012f0        -       0x00000078   Zero   RW          288    .bss                messaging_rssi_sum.o
    0x10001368        -       0x00000014   Zero   RW          317    .bss                messaging_rssi_delta.o
    0x1000137c        -       0x0000008c   Zero   RW          376    .bss                messaging_freq.o
    0x10001408        -       0x00000200   Zero   RW          635    STACK               startup_lpc17xx.o


==============================================================================

Image component sizes


      Code (inc. data)   RO Data    RW Data    ZI Data      Debug   Object Name

       320         22          0          0          0       1795   lpc17xx_clkpwr.o
       164         10          0          0          0       1685   lpc17xx_exti.o
      1036         28          0          0          0       8943   lpc17xx_gpio.o
         4          0          0          0          0        767   lpc17xx_libcfg_default.o
       256          4          0          0          0       2229   lpc17xx_pinsel.o
      1640         66          0          0          0       5527   lpc17xx_timer.o
      3672        102          0          0          0      10937   lpc17xx_uart.o
       472         38          0          0          0       2043   lpc17xx_wdt.o
      2672        414          0        816       1021      79999   main.o
       552         56          0         20        762       4045   messaging.o
       304         34          0         52        140       2216   messaging_freq.o
       184         20         12          9         20       1657   messaging_rssi_delta.o
       184         20         12         16        120       1704   messaging_rssi_sum.o
        40         12        204          0        512        972   startup_lpc17xx.o
       752         30          0          4          0       1061   system_lpc17xx.o
        96          6          0          4          0       1448   user_delay.o
       612         32          0          0          0      28477   user_extint.o
       258          0          0          0          0       2201   user_gpio.o
      2052         56          0          8       2128      32410   user_uart.o

    ----------------------------------------------------------------------
     15272        950        260        932       4708     190116   Object Totals
         0          0         32          0          0          0   (incl. Generated)
         2          0          0          3          5          0   (incl. Padding)

    ----------------------------------------------------------------------

      Code (inc. data)   RO Data    RW Data    ZI Data      Debug   Library Member Name

        86          0          0          0          0          0   __dczerorl2.o
         0          0          0          0          0          0   entry.o
         0          0          0          0          0          0   entry10a.o
         0          0          0          0          0          0   entry11a.o
         8          4          0          0          0          0   entry2.o
         4          0          0          0          0          0   entry5.o
         0          0          0          0          0          0   entry7b.o
         0          0          0          0          0          0   entry8b.o
         8          4          0          0          0          0   entry9a.o
        30          0          0          0          0          0   handlers.o
        36          8          0          0          0         68   init.o
        30          0          0          0          0         68   llshl.o
        32          0          0          0          0         68   llushr.o
        36          0          0          0          0         68   memcpya.o
        36          0          0          0          0        108   memseta.o
        98          0          0          0          0         92   uldiv.o

    ----------------------------------------------------------------------
       404         16          0          0          0        472   Library Totals
         0          0          0          0          0          0   (incl. Padding)

    ----------------------------------------------------------------------

      Code (inc. data)   RO Data    RW Data    ZI Data      Debug   Library Name

       404         16          0          0          0        472   mc_w.l

    ----------------------------------------------------------------------
       404         16          0          0          0        472   Library Totals

    ----------------------------------------------------------------------

==============================================================================


      Code (inc. data)   RO Data    RW Data    ZI Data      Debug   

     15676        966        260        932       4708     188948   Grand Totals
     15676        966        260        204       4708     188948   ELF Image Totals (compressed)
     15676        966        260        204          0          0   ROM Totals

==============================================================================

    Total RO  Size (Code + RO Data)                15936 (  15.56kB)
    Total RW  Size (RW Data + ZI Data)              5640 (   5.51kB)
    Total ROM Size (Code + RO Data + RW Data)      16140 (  15.76kB)

==============================================================================

