ARM Linker, 5.03 [Build 76] [MDK-ARM Standard]

==============================================================================

Section Cross References

    main.o(.text) refers to user_gpio.o(.text) for pinOn
    main.o(.text) refers to messaging.o(.text) for Make_Trans_Msg
    main.o(.text) refers to user_uart.o(.text) for UARTSend
    main.o(.text) refers to lpc17xx_timer.o(.text) for TIM_Init
    main.o(.text) refers to messaging_rssi_sum.o(.text) for parseByte_RSSI_SUM
    main.o(.text) refers to messaging_rssi_delta.o(.text) for parseByte_RSSI_Delta
    main.o(.text) refers to main.o(.data) for dataSendCnt
    main.o(.text) refers to main.o(.bss) for Data_Trans_u
    main.o(.text) refers to lpc17xx_uart.o(.text) for UART_GetIntId
    messaging.o(.text) refers to memcpya.o(.text) for __aeabi_memcpy4
    messaging.o(.text) refers to main.o(.text) for parse_Message
    messaging.o(.text) refers to messaging.o(.data) for Message_Status
    messaging.o(.text) refers to messaging.o(.bss) for testk
    pid.o(.text) refers to f2d.o(.text) for __aeabi_f2d
    pid.o(.text) refers to dmul.o(.text) for __aeabi_dmul
    pid.o(.text) refers to dadd.o(.text) for __aeabi_dadd
    pid.o(.text) refers to d2f.o(.text) for __aeabi_d2f
    pid.o(.text) refers to pid.o(.bss) for tempError
    pid.o(.text) refers to pid.o(.data) for y_output
    user_gpio.o(.text) refers to lpc17xx_gpio.o(.text) for GPIO_SetDir
    user_gpio.o(.text) refers to user_delay.o(.text) for Delay_Int
    user_uart.o(.text) refers to lpc17xx_uart.o(.text) for UART_Receive
    user_uart.o(.text) refers to lpc17xx_pinsel.o(.text) for PINSEL_ConfigPin
    user_uart.o(.text) refers to user_uart.o(.bss) for rb
    user_uart.o(.text) refers to user_uart.o(.data) for TxIntStat
    user_extint.o(.text) refers to lpc17xx_exti.o(.text) for EXTI_ClearEXTIFlag
    user_extint.o(.text) refers to user_gpio.o(.text) for pinFlash
    user_extint.o(.text) refers to main.o(.text) for external_Interrupt_Fnc
    user_extint.o(.text) refers to lpc17xx_pinsel.o(.text) for PINSEL_ConfigPin
    user_extint.o(.text) refers to main.o(.data) for LED_1
    user_delay.o(.text) refers to user_delay.o(.data) for SysTickCnt
    messaging_rssi_sum.o(.text) refers to main.o(.text) for parse_Message_RSSI_SUM
    messaging_rssi_sum.o(.text) refers to user_gpio.o(.text) for pinToggle
    messaging_rssi_sum.o(.text) refers to messaging_rssi_sum.o(.data) for Message_Status_RSSI_SUM
    messaging_rssi_sum.o(.text) refers to messaging_rssi_sum.o(.bss) for _msg_RSSI_SUM
    messaging_rssi_sum.o(.text) refers to messaging_rssi_sum.o(.constdata) for .constdata
    messaging_rssi_delta.o(.text) refers to main.o(.text) for parse_Message_RSSI_Delta
    messaging_rssi_delta.o(.text) refers to user_gpio.o(.text) for pinToggle
    messaging_rssi_delta.o(.text) refers to messaging_rssi_delta.o(.data) for Message_Status_RSSI_Delta
    messaging_rssi_delta.o(.text) refers to messaging_rssi_delta.o(.bss) for _msg_RSSI_Delta
    messaging_rssi_delta.o(.text) refers to messaging_rssi_delta.o(.constdata) for .constdata
    lpc17xx_clkpwr.o(.text) refers to system_lpc17xx.o(.data) for SystemCoreClock
    lpc17xx_mcpwm.o(.text) refers to lpc17xx_clkpwr.o(.text) for CLKPWR_ConfigPPWR
    lpc17xx_timer.o(.text) refers to lpc17xx_clkpwr.o(.text) for CLKPWR_GetPCLK
    lpc17xx_timer.o(.text) refers to uldiv.o(.text) for __aeabi_uldivmod
    lpc17xx_timer.o(.text) refers to lpc17xx_libcfg_default.o(.text) for check_failed
    lpc17xx_uart.o(.text) refers to lpc17xx_clkpwr.o(.text) for CLKPWR_GetPCLK
    lpc17xx_uart.o(.text) refers to uldiv.o(.text) for __aeabi_uldivmod
    lpc17xx_uart.o(.text) refers to lpc17xx_libcfg_default.o(.text) for check_failed
    lpc17xx_systick.o(.text) refers to ffltui.o(.text) for __aeabi_ui2f
    lpc17xx_systick.o(.text) refers to cfrcmple.o(.text) for __aeabi_cfrcmple
    lpc17xx_systick.o(.text) refers to lpc17xx_libcfg_default.o(.text) for check_failed
    lpc17xx_systick.o(.text) refers to system_lpc17xx.o(.data) for SystemCoreClock
    startup_lpc17xx.o(RESET) refers to startup_lpc17xx.o(STACK) for __initial_sp
    startup_lpc17xx.o(RESET) refers to startup_lpc17xx.o(.text) for Reset_Handler
    startup_lpc17xx.o(RESET) refers to user_delay.o(.text) for SysTick_Handler
    startup_lpc17xx.o(RESET) refers to main.o(.text) for TIMER0_IRQHandler
    startup_lpc17xx.o(RESET) refers to user_extint.o(.text) for EINT0_IRQHandler
    startup_lpc17xx.o(.text) refers to system_lpc17xx.o(.text) for SystemInit
    startup_lpc17xx.o(.text) refers to entry.o(.ARM.Collect$$$$00000000) for __main
    system_lpc17xx.o(.text) refers to uldiv.o(.text) for __aeabi_uldivmod
    system_lpc17xx.o(.text) refers to system_lpc17xx.o(.data) for SystemCoreClock
    entry.o(.ARM.Collect$$$$00000000) refers (Special) to entry10a.o(.ARM.Collect$$$$0000000D) for __rt_final_cpp
    entry.o(.ARM.Collect$$$$00000000) refers (Special) to entry11a.o(.ARM.Collect$$$$0000000F) for __rt_final_exit
    entry.o(.ARM.Collect$$$$00000000) refers (Special) to entry7b.o(.ARM.Collect$$$$00000008) for _main_clock
    entry.o(.ARM.Collect$$$$00000000) refers (Special) to entry8b.o(.ARM.Collect$$$$0000000A) for _main_cpp_init
    entry.o(.ARM.Collect$$$$00000000) refers (Special) to entry9a.o(.ARM.Collect$$$$0000000B) for _main_init
    entry.o(.ARM.Collect$$$$00000000) refers (Special) to entry5.o(.ARM.Collect$$$$00000004) for _main_scatterload
    entry.o(.ARM.Collect$$$$00000000) refers (Special) to entry2.o(.ARM.Collect$$$$00000001) for _main_stk
    uldiv.o(.text) refers to llushr.o(.text) for __aeabi_llsr
    uldiv.o(.text) refers to llshl.o(.text) for __aeabi_llsl
    dadd.o(.text) refers (Special) to iusefp.o(.text) for __I$use$fp
    dadd.o(.text) refers to llshl.o(.text) for __aeabi_llsl
    dadd.o(.text) refers to llsshr.o(.text) for __aeabi_lasr
    dadd.o(.text) refers to depilogue.o(.text) for _double_epilogue
    dmul.o(.text) refers (Special) to iusefp.o(.text) for __I$use$fp
    dmul.o(.text) refers to depilogue.o(.text) for _double_epilogue
    ffltui.o(.text) refers (Special) to iusefp.o(.text) for __I$use$fp
    ffltui.o(.text) refers to fepilogue.o(.text) for _float_epilogue
    f2d.o(.text) refers (Special) to iusefp.o(.text) for __I$use$fp
    d2f.o(.text) refers (Special) to iusefp.o(.text) for __I$use$fp
    d2f.o(.text) refers to fepilogue.o(.text) for _float_round
    cfrcmple.o(.text) refers (Special) to iusefp.o(.text) for __I$use$fp
    entry2.o(.ARM.Collect$$$$00000001) refers to entry2.o(.ARM.Collect$$$$00002712) for __lit__00000000
    entry2.o(.ARM.Collect$$$$00002712) refers to startup_lpc17xx.o(STACK) for __initial_sp
    entry2.o(__vectab_stack_and_reset_area) refers to startup_lpc17xx.o(STACK) for __initial_sp
    entry2.o(__vectab_stack_and_reset_area) refers to entry.o(.ARM.Collect$$$$00000000) for __main
    entry5.o(.ARM.Collect$$$$00000004) refers to init.o(.text) for __scatterload
    entry9a.o(.ARM.Collect$$$$0000000B) refers to main.o(.text) for main
    entry9b.o(.ARM.Collect$$$$0000000C) refers to main.o(.text) for main
    depilogue.o(.text) refers to llshl.o(.text) for __aeabi_llsl
    depilogue.o(.text) refers to llushr.o(.text) for __aeabi_llsr
    init.o(.text) refers to entry5.o(.ARM.Collect$$$$00000004) for __main_after_scatterload


==============================================================================

Removing Unused input sections from the image.

    Removing main.o(.rev16_text), (4 bytes).
    Removing main.o(.revsh_text), (4 bytes).
    Removing pid.o(.text), (196 bytes).
    Removing pid.o(.bss), (12 bytes).
    Removing pid.o(.data), (8 bytes).
    Removing user_gpio.o(.rev16_text), (4 bytes).
    Removing user_gpio.o(.revsh_text), (4 bytes).
    Removing user_uart.o(.rev16_text), (4 bytes).
    Removing user_uart.o(.revsh_text), (4 bytes).
    Removing user_extint.o(.rev16_text), (4 bytes).
    Removing user_extint.o(.revsh_text), (4 bytes).
    Removing user_delay.o(.rev16_text), (4 bytes).
    Removing user_delay.o(.revsh_text), (4 bytes).
    Removing messaging_rssi_sum.o(.rev16_text), (4 bytes).
    Removing messaging_rssi_sum.o(.revsh_text), (4 bytes).
    Removing messaging_rssi_delta.o(.rev16_text), (4 bytes).
    Removing messaging_rssi_delta.o(.revsh_text), (4 bytes).
    Removing lpc17xx_clkpwr.o(.rev16_text), (4 bytes).
    Removing lpc17xx_clkpwr.o(.revsh_text), (4 bytes).
    Removing lpc17xx_exti.o(.rev16_text), (4 bytes).
    Removing lpc17xx_exti.o(.revsh_text), (4 bytes).
    Removing lpc17xx_gpio.o(.rev16_text), (4 bytes).
    Removing lpc17xx_gpio.o(.revsh_text), (4 bytes).
    Removing lpc17xx_mcpwm.o(.rev16_text), (4 bytes).
    Removing lpc17xx_mcpwm.o(.revsh_text), (4 bytes).
    Removing lpc17xx_mcpwm.o(.text), (1056 bytes).
    Removing lpc17xx_nvic.o(.rev16_text), (4 bytes).
    Removing lpc17xx_nvic.o(.revsh_text), (4 bytes).
    Removing lpc17xx_nvic.o(.text), (168 bytes).
    Removing lpc17xx_pinsel.o(.rev16_text), (4 bytes).
    Removing lpc17xx_pinsel.o(.revsh_text), (4 bytes).
    Removing lpc17xx_timer.o(.rev16_text), (4 bytes).
    Removing lpc17xx_timer.o(.revsh_text), (4 bytes).
    Removing lpc17xx_uart.o(.rev16_text), (4 bytes).
    Removing lpc17xx_uart.o(.revsh_text), (4 bytes).
    Removing lpc17xx_systick.o(.rev16_text), (4 bytes).
    Removing lpc17xx_systick.o(.revsh_text), (4 bytes).
    Removing lpc17xx_systick.o(.text), (388 bytes).
    Removing startup_lpc17xx.o(HEAP), (0 bytes).
    Removing system_lpc17xx.o(.rev16_text), (4 bytes).
    Removing system_lpc17xx.o(.revsh_text), (4 bytes).
    Removing dadd.o(.text), (334 bytes).
    Removing dmul.o(.text), (228 bytes).
    Removing ffltui.o(.text), (10 bytes).
    Removing f2d.o(.text), (38 bytes).
    Removing d2f.o(.text), (56 bytes).
    Removing cfrcmple.o(.text), (20 bytes).
    Removing fepilogue.o(.text), (108 bytes).
    Removing depilogue.o(.text), (190 bytes).

49 unused section(s) (total 2948 bytes) removed from the image.

==============================================================================

Image Symbol Table

    Local Symbols

    Symbol Name                              Value     Ov Type        Size  Object(Section)

    RESET                                    0x00000000   Section      204  startup_lpc17xx.o(RESET)
    ../clib/../cmprslib/zerorunl2.c          0x00000000   Number         0  __dczerorl2.o ABSOLUTE
    ../clib/microlib/division.c              0x00000000   Number         0  uldiv.o ABSOLUTE
    ../clib/microlib/init/entry.s            0x00000000   Number         0  entry10a.o ABSOLUTE
    ../clib/microlib/init/entry.s            0x00000000   Number         0  entry8b.o ABSOLUTE
    ../clib/microlib/init/entry.s            0x00000000   Number         0  entry8a.o ABSOLUTE
    ../clib/microlib/init/entry.s            0x00000000   Number         0  entry7b.o ABSOLUTE
    ../clib/microlib/init/entry.s            0x00000000   Number         0  entry7a.o ABSOLUTE
    ../clib/microlib/init/entry.s            0x00000000   Number         0  entry11b.o ABSOLUTE
    ../clib/microlib/init/entry.s            0x00000000   Number         0  entry5.o ABSOLUTE
    ../clib/microlib/init/entry.s            0x00000000   Number         0  entry.o ABSOLUTE
    ../clib/microlib/init/entry.s            0x00000000   Number         0  entry11a.o ABSOLUTE
    ../clib/microlib/init/entry.s            0x00000000   Number         0  entry10b.o ABSOLUTE
    ../clib/microlib/init/entry.s            0x00000000   Number         0  entry2.o ABSOLUTE
    ../clib/microlib/init/entry.s            0x00000000   Number         0  entry9b.o ABSOLUTE
    ../clib/microlib/init/entry.s            0x00000000   Number         0  entry9a.o ABSOLUTE
    ../clib/microlib/longlong.c              0x00000000   Number         0  llsshr.o ABSOLUTE
    ../clib/microlib/longlong.c              0x00000000   Number         0  llushr.o ABSOLUTE
    ../clib/microlib/longlong.c              0x00000000   Number         0  llshl.o ABSOLUTE
    ../clib/microlib/string/memcpy.c         0x00000000   Number         0  memcpyb.o ABSOLUTE
    ../clib/microlib/string/memcpy.c         0x00000000   Number         0  memcpya.o ABSOLUTE
    ../clib/microlib/stubs.s                 0x00000000   Number         0  iusefp.o ABSOLUTE
    ../fplib/microlib/d2f.c                  0x00000000   Number         0  d2f.o ABSOLUTE
    ../fplib/microlib/f2d.c                  0x00000000   Number         0  f2d.o ABSOLUTE
    ../fplib/microlib/fpadd.c                0x00000000   Number         0  dadd.o ABSOLUTE
    ../fplib/microlib/fpepilogue.c           0x00000000   Number         0  fepilogue.o ABSOLUTE
    ../fplib/microlib/fpepilogue.c           0x00000000   Number         0  depilogue.o ABSOLUTE
    ../fplib/microlib/fpflt.c                0x00000000   Number         0  ffltui.o ABSOLUTE
    ../fplib/microlib/fpmul.c                0x00000000   Number         0  dmul.o ABSOLUTE
    ..\Drivers\source\lpc17xx_clkpwr.c       0x00000000   Number         0  lpc17xx_clkpwr.o ABSOLUTE
    ..\Drivers\source\lpc17xx_exti.c         0x00000000   Number         0  lpc17xx_exti.o ABSOLUTE
    ..\Drivers\source\lpc17xx_gpio.c         0x00000000   Number         0  lpc17xx_gpio.o ABSOLUTE
    ..\Drivers\source\lpc17xx_libcfg_default.c 0x00000000   Number         0  lpc17xx_libcfg_default.o ABSOLUTE
    ..\Drivers\source\lpc17xx_mcpwm.c        0x00000000   Number         0  lpc17xx_mcpwm.o ABSOLUTE
    ..\Drivers\source\lpc17xx_nvic.c         0x00000000   Number         0  lpc17xx_nvic.o ABSOLUTE
    ..\Drivers\source\lpc17xx_pinsel.c       0x00000000   Number         0  lpc17xx_pinsel.o ABSOLUTE
    ..\Drivers\source\lpc17xx_systick.c      0x00000000   Number         0  lpc17xx_systick.o ABSOLUTE
    ..\Drivers\source\lpc17xx_timer.c        0x00000000   Number         0  lpc17xx_timer.o ABSOLUTE
    ..\Drivers\source\lpc17xx_uart.c         0x00000000   Number         0  lpc17xx_uart.o ABSOLUTE
    ..\User\Messaging.c                      0x00000000   Number         0  messaging.o ABSOLUTE
    ..\User\Messaging_RSSI_Delta.c           0x00000000   Number         0  messaging_rssi_delta.o ABSOLUTE
    ..\User\Messaging_RSSI_SUM.c             0x00000000   Number         0  messaging_rssi_sum.o ABSOLUTE
    ..\User\PID.c                            0x00000000   Number         0  pid.o ABSOLUTE
    ..\User\User_Delay.c                     0x00000000   Number         0  user_delay.o ABSOLUTE
    ..\User\User_ExtInt.c                    0x00000000   Number         0  user_extint.o ABSOLUTE
    ..\User\User_GPIO.c                      0x00000000   Number         0  user_gpio.o ABSOLUTE
    ..\User\User_Uart.c                      0x00000000   Number         0  user_uart.o ABSOLUTE
    ..\User\main.c                           0x00000000   Number         0  main.o ABSOLUTE
    ..\\Drivers\\source\\lpc17xx_clkpwr.c    0x00000000   Number         0  lpc17xx_clkpwr.o ABSOLUTE
    ..\\Drivers\\source\\lpc17xx_exti.c      0x00000000   Number         0  lpc17xx_exti.o ABSOLUTE
    ..\\Drivers\\source\\lpc17xx_gpio.c      0x00000000   Number         0  lpc17xx_gpio.o ABSOLUTE
    ..\\Drivers\\source\\lpc17xx_mcpwm.c     0x00000000   Number         0  lpc17xx_mcpwm.o ABSOLUTE
    ..\\Drivers\\source\\lpc17xx_nvic.c      0x00000000   Number         0  lpc17xx_nvic.o ABSOLUTE
    ..\\Drivers\\source\\lpc17xx_pinsel.c    0x00000000   Number         0  lpc17xx_pinsel.o ABSOLUTE
    ..\\Drivers\\source\\lpc17xx_systick.c   0x00000000   Number         0  lpc17xx_systick.o ABSOLUTE
    ..\\Drivers\\source\\lpc17xx_timer.c     0x00000000   Number         0  lpc17xx_timer.o ABSOLUTE
    ..\\Drivers\\source\\lpc17xx_uart.c      0x00000000   Number         0  lpc17xx_uart.o ABSOLUTE
    ..\\User\\Messaging_RSSI_Delta.c         0x00000000   Number         0  messaging_rssi_delta.o ABSOLUTE
    ..\\User\\Messaging_RSSI_SUM.c           0x00000000   Number         0  messaging_rssi_sum.o ABSOLUTE
    ..\\User\\User_Delay.c                   0x00000000   Number         0  user_delay.o ABSOLUTE
    ..\\User\\User_ExtInt.c                  0x00000000   Number         0  user_extint.o ABSOLUTE
    ..\\User\\User_GPIO.c                    0x00000000   Number         0  user_gpio.o ABSOLUTE
    ..\\User\\User_Uart.c                    0x00000000   Number         0  user_uart.o ABSOLUTE
    ..\\User\\main.c                         0x00000000   Number         0  main.o ABSOLUTE
    RTE\Device\LPC1768\startup_LPC17xx.s     0x00000000   Number         0  startup_lpc17xx.o ABSOLUTE
    RTE\Device\LPC1768\system_LPC17xx.c      0x00000000   Number         0  system_lpc17xx.o ABSOLUTE
    RTE\\Device\\LPC1768\\system_LPC17xx.c   0x00000000   Number         0  system_lpc17xx.o ABSOLUTE
    cfrcmple.s                               0x00000000   Number         0  cfrcmple.o ABSOLUTE
    dc.s                                     0x00000000   Number         0  dc.o ABSOLUTE
    handlers.s                               0x00000000   Number         0  handlers.o ABSOLUTE
    init.s                                   0x00000000   Number         0  init.o ABSOLUTE
    .ARM.Collect$$$$00000000                 0x000000cc   Section        0  entry.o(.ARM.Collect$$$$00000000)
    .ARM.Collect$$$$00000001                 0x000000cc   Section        4  entry2.o(.ARM.Collect$$$$00000001)
    .ARM.Collect$$$$00000004                 0x000000d0   Section        4  entry5.o(.ARM.Collect$$$$00000004)
    .ARM.Collect$$$$00000008                 0x000000d4   Section        0  entry7b.o(.ARM.Collect$$$$00000008)
    .ARM.Collect$$$$0000000A                 0x000000d4   Section        0  entry8b.o(.ARM.Collect$$$$0000000A)
    .ARM.Collect$$$$0000000B                 0x000000d4   Section        8  entry9a.o(.ARM.Collect$$$$0000000B)
    .ARM.Collect$$$$0000000D                 0x000000dc   Section        0  entry10a.o(.ARM.Collect$$$$0000000D)
    .ARM.Collect$$$$0000000F                 0x000000dc   Section        0  entry11a.o(.ARM.Collect$$$$0000000F)
    .ARM.Collect$$$$00002712                 0x000000dc   Section        4  entry2.o(.ARM.Collect$$$$00002712)
    __lit__00000000                          0x000000dc   Data           4  entry2.o(.ARM.Collect$$$$00002712)
    .text                                    0x000000e0   Section        0  user_gpio.o(.text)
    .text                                    0x000001e4   Section        0  user_delay.o(.text)
    .text                                    0x00000244   Section        0  messaging_rssi_sum.o(.text)
    .ARM.__at_0x02FC                         0x000002fc   Section        4  startup_lpc17xx.o(.ARM.__at_0x02FC)
    .text                                    0x00000300   Section        0  main.o(.text)
    .text                                    0x00000928   Section        0  messaging.o(.text)
    .text                                    0x00000b4c   Section        0  user_uart.o(.text)
    NVIC_SetPriority                         0x00000b4d   Thumb Code    32  user_uart.o(.text)
    NVIC_EnableIRQ                           0x0000131f   Thumb Code    24  user_uart.o(.text)
    .text                                    0x00001350   Section        0  user_extint.o(.text)
    NVIC_SetPriority                         0x00001351   Thumb Code    32  user_extint.o(.text)
    NVIC_EnableIRQ                           0x0000157b   Thumb Code    24  user_extint.o(.text)
    .text                                    0x000015b4   Section        0  messaging_rssi_delta.o(.text)
    .text                                    0x0000166c   Section        0  lpc17xx_clkpwr.o(.text)
    .text                                    0x000017bc   Section        0  lpc17xx_exti.o(.text)
    .text                                    0x00001874   Section        0  lpc17xx_gpio.o(.text)
    GPIO_GetPointer                          0x00001875   Thumb Code    52  lpc17xx_gpio.o(.text)
    FIO_HalfWordGetPointer                   0x000018a9   Thumb Code    52  lpc17xx_gpio.o(.text)
    FIO_ByteGetPointer                       0x000018dd   Thumb Code    52  lpc17xx_gpio.o(.text)
    .text                                    0x00001c98   Section        0  lpc17xx_pinsel.o(.text)
    set_PinFunc                              0x00001c99   Thumb Code    60  lpc17xx_pinsel.o(.text)
    set_ResistorMode                         0x00001cd5   Thumb Code    62  lpc17xx_pinsel.o(.text)
    set_OpenDrainMode                        0x00001d13   Thumb Code    44  lpc17xx_pinsel.o(.text)
    .text                                    0x00001d98   Section        0  lpc17xx_timer.o(.text)
    getPClock                                0x00001d99   Thumb Code    66  lpc17xx_timer.o(.text)
    converUSecToVal                          0x00001ddb   Thumb Code    50  lpc17xx_timer.o(.text)
    converPtrToTimeNum                       0x00001e0d   Thumb Code    46  lpc17xx_timer.o(.text)
    .text                                    0x00002400   Section        0  lpc17xx_uart.o(.text)
    uart_set_divisors                        0x00002401   Thumb Code   464  lpc17xx_uart.o(.text)
    .text                                    0x00003248   Section        0  lpc17xx_libcfg_default.o(.text)
    .text                                    0x0000324c   Section       36  startup_lpc17xx.o(.text)
    .text                                    0x00003270   Section        0  system_lpc17xx.o(.text)
    .text                                    0x00003588   Section        0  uldiv.o(.text)
    .text                                    0x000035ea   Section        0  memcpya.o(.text)
    .text                                    0x0000360e   Section        0  llshl.o(.text)
    .text                                    0x0000362c   Section        0  llushr.o(.text)
    .text                                    0x0000364c   Section       36  init.o(.text)
    .text                                    0x00003670   Section        0  __dczerorl2.o(.text)
    i.__scatterload_copy                     0x000036cc   Section       14  handlers.o(i.__scatterload_copy)
    i.__scatterload_null                     0x000036da   Section        2  handlers.o(i.__scatterload_null)
    i.__scatterload_zeroinit                 0x000036dc   Section       14  handlers.o(i.__scatterload_zeroinit)
    .constdata                               0x000036ec   Section       12  messaging_rssi_sum.o(.constdata)
    .constdata                               0x000036f8   Section       12  messaging_rssi_delta.o(.constdata)
    .data                                    0x10000000   Section      336  main.o(.data)
    .data                                    0x10000150   Section       22  messaging.o(.data)
    .data                                    0x10000168   Section        8  user_uart.o(.data)
    .data                                    0x10000170   Section        4  user_delay.o(.data)
    .data                                    0x10000174   Section       13  messaging_rssi_sum.o(.data)
    .data                                    0x10000184   Section        9  messaging_rssi_delta.o(.data)
    .data                                    0x10000190   Section        4  system_lpc17xx.o(.data)
    .bss                                     0x10000194   Section      921  main.o(.bss)
    .bss                                     0x10000530   Section      762  messaging.o(.bss)
    .bss                                     0x1000082c   Section     2128  user_uart.o(.bss)
    .bss                                     0x1000107c   Section      120  messaging_rssi_sum.o(.bss)
    .bss                                     0x100010f4   Section       20  messaging_rssi_delta.o(.bss)
    STACK                                    0x10001108   Section      512  startup_lpc17xx.o(STACK)

    Global Symbols

    Symbol Name                              Value     Ov Type        Size  Object(Section)

    BuildAttributes$$THM_ISAv4$P$D$K$B$S$PE$A:L22UL41UL21$X:L11$S22US41US21$IEEE1$IW$USESV6$~STKCKD$USESV7$~SHL$OTIME$ROPI$EBA8$MICROLIB$REQ8$PRES8$EABIv2 0x00000000   Number         0  anon$$obj.o ABSOLUTE
    __ARM_use_no_argv                        0x00000000   Number         0  main.o ABSOLUTE
    __Vectors                                0x00000000   Data           4  startup_lpc17xx.o(RESET)
    __cpp_initialize__aeabi_                  - Undefined Weak Reference
    __cxa_finalize                            - Undefined Weak Reference
    _clock_init                               - Undefined Weak Reference
    _microlib_exit                            - Undefined Weak Reference
    __main                                   0x000000cd   Thumb Code     0  entry.o(.ARM.Collect$$$$00000000)
    _main_stk                                0x000000cd   Thumb Code     0  entry2.o(.ARM.Collect$$$$00000001)
    _main_scatterload                        0x000000d1   Thumb Code     0  entry5.o(.ARM.Collect$$$$00000004)
    __main_after_scatterload                 0x000000d5   Thumb Code     0  entry5.o(.ARM.Collect$$$$00000004)
    _main_clock                              0x000000d5   Thumb Code     0  entry7b.o(.ARM.Collect$$$$00000008)
    _main_cpp_init                           0x000000d5   Thumb Code     0  entry8b.o(.ARM.Collect$$$$0000000A)
    _main_init                               0x000000d5   Thumb Code     0  entry9a.o(.ARM.Collect$$$$0000000B)
    __rt_final_cpp                           0x000000dd   Thumb Code     0  entry10a.o(.ARM.Collect$$$$0000000D)
    __rt_final_exit                          0x000000dd   Thumb Code     0  entry11a.o(.ARM.Collect$$$$0000000F)
    pinConfig                                0x000000e1   Thumb Code    24  user_gpio.o(.text)
    pinOn                                    0x000000f9   Thumb Code    22  user_gpio.o(.text)
    pinOff                                   0x0000010f   Thumb Code    22  user_gpio.o(.text)
    pinStatus                                0x00000125   Thumb Code    30  user_gpio.o(.text)
    pinToggle                                0x00000143   Thumb Code    46  user_gpio.o(.text)
    pinSet                                   0x00000171   Thumb Code    28  user_gpio.o(.text)
    pinFlash                                 0x0000018d   Thumb Code    86  user_gpio.o(.text)
    SysTick_Handler                          0x000001e5   Thumb Code    12  user_delay.o(.text)
    Delay                                    0x000001f1   Thumb Code    18  user_delay.o(.text)
    Delay_Int                                0x00000203   Thumb Code    30  user_delay.o(.text)
    Delay_Pro                                0x00000221   Thumb Code    24  user_delay.o(.text)
    SystemTime                               0x00000239   Thumb Code     6  user_delay.o(.text)
    parseByte_RSSI_SUM                       0x00000245   Thumb Code   164  messaging_rssi_sum.o(.text)
    Trans_2FixedMic_Message                  0x00000301   Thumb Code   150  main.o(.text)
    LED_Init                                 0x00000397   Thumb Code   118  main.o(.text)
    Init_Timer0                              0x0000040d   Thumb Code   122  main.o(.text)
    main                                     0x00000487   Thumb Code   212  main.o(.text)
    parse_Message                            0x0000055b   Thumb Code    92  main.o(.text)
    external_Interrupt_Fnc                   0x000005b7   Thumb Code     2  main.o(.text)
    parse_Message_RSSI_SUM                   0x000005b9   Thumb Code    72  main.o(.text)
    parse_Message_RSSI_Delta                 0x00000601   Thumb Code    32  main.o(.text)
    TIMER0_IRQHandler                        0x00000621   Thumb Code   414  main.o(.text)
    UART1_IRQHandler                         0x000007bf   Thumb Code    94  main.o(.text)
    UART3_IRQHandler                         0x0000081d   Thumb Code    80  main.o(.text)
    UART2_IRQHandler                         0x0000086d   Thumb Code    80  main.o(.text)
    UART0_IRQHandler                         0x000008bd   Thumb Code    62  main.o(.text)
    gen_crc16                                0x00000929   Thumb Code   128  messaging.o(.text)
    parseByte                                0x000009a9   Thumb Code   302  messaging.o(.text)
    Make_Trans_Msg                           0x00000ad7   Thumb Code    70  messaging.o(.text)
    UARTNumExtract                           0x00000b6d   Thumb Code    46  user_uart.o(.text)
    UART_IntReceive                          0x00000b9b   Thumb Code   178  user_uart.o(.text)
    UART_IntTransmit                         0x00000c4d   Thumb Code   240  user_uart.o(.text)
    UART_IntErr                              0x00000d3d   Thumb Code     2  user_uart.o(.text)
    UART_ConfigStruct                        0x00000d3f   Thumb Code    14  user_uart.o(.text)
    Com_Init                                 0x00000d4d   Thumb Code   454  user_uart.o(.text)
    UARTSend                                 0x00000f13   Thumb Code   226  user_uart.o(.text)
    UARTSend_AC                              0x00000ff5   Thumb Code   194  user_uart.o(.text)
    UARTReceive                              0x000010b7   Thumb Code   178  user_uart.o(.text)
    Send_uint_AC                             0x00001169   Thumb Code    50  user_uart.o(.text)
    Com_Init_Tx_Canceled                     0x0000119b   Thumb Code   388  user_uart.o(.text)
    EXTI_ClearEXTIFlag_L2                    0x00001371   Thumb Code    12  user_extint.o(.text)
    EINT0_IRQHandler                         0x0000137d   Thumb Code    32  user_extint.o(.text)
    EINT1_IRQHandler                         0x0000139d   Thumb Code    32  user_extint.o(.text)
    EINT2_IRQHandler                         0x000013bd   Thumb Code    32  user_extint.o(.text)
    EINT3_IRQHandler                         0x000013dd   Thumb Code    32  user_extint.o(.text)
    EINT_Init                                0x000013fd   Thumb Code   382  user_extint.o(.text)
    parseByte_RSSI_Delta                     0x000015b5   Thumb Code   164  messaging_rssi_delta.o(.text)
    CLKPWR_SetPCLKDiv                        0x0000166d   Thumb Code   106  lpc17xx_clkpwr.o(.text)
    CLKPWR_GetPCLKSEL                        0x000016d7   Thumb Code    32  lpc17xx_clkpwr.o(.text)
    CLKPWR_GetPCLK                           0x000016f7   Thumb Code    58  lpc17xx_clkpwr.o(.text)
    CLKPWR_ConfigPPWR                        0x00001731   Thumb Code    50  lpc17xx_clkpwr.o(.text)
    CLKPWR_Sleep                             0x00001763   Thumb Code    10  lpc17xx_clkpwr.o(.text)
    CLKPWR_DeepSleep                         0x0000176d   Thumb Code    16  lpc17xx_clkpwr.o(.text)
    CLKPWR_PowerDown                         0x0000177d   Thumb Code    16  lpc17xx_clkpwr.o(.text)
    CLKPWR_DeepPowerDown                     0x0000178d   Thumb Code    16  lpc17xx_clkpwr.o(.text)
    EXTI_Init                                0x000017bd   Thumb Code    22  lpc17xx_exti.o(.text)
    EXTI_DeInit                              0x000017d3   Thumb Code     2  lpc17xx_exti.o(.text)
    EXTI_SetPolarity                         0x000017d5   Thumb Code    52  lpc17xx_exti.o(.text)
    EXTI_SetMode                             0x00001809   Thumb Code    52  lpc17xx_exti.o(.text)
    EXTI_Config                              0x0000183d   Thumb Code    28  lpc17xx_exti.o(.text)
    EXTI_ClearEXTIFlag                       0x00001859   Thumb Code    10  lpc17xx_exti.o(.text)
    GPIO_SetDir                              0x00001911   Thumb Code    40  lpc17xx_gpio.o(.text)
    GPIO_SetValue                            0x00001939   Thumb Code    20  lpc17xx_gpio.o(.text)
    GPIO_ClearValue                          0x0000194d   Thumb Code    20  lpc17xx_gpio.o(.text)
    GPIO_ReadValue                           0x00001961   Thumb Code    22  lpc17xx_gpio.o(.text)
    GPIO_IntCmd                              0x00001977   Thumb Code    54  lpc17xx_gpio.o(.text)
    GPIO_GetIntStatus                        0x000019ad   Thumb Code    86  lpc17xx_gpio.o(.text)
    GPIO_ClearInt                            0x00001a03   Thumb Code    24  lpc17xx_gpio.o(.text)
    FIO_SetDir                               0x00001a1b   Thumb Code    20  lpc17xx_gpio.o(.text)
    FIO_SetValue                             0x00001a2f   Thumb Code    16  lpc17xx_gpio.o(.text)
    FIO_ClearValue                           0x00001a3f   Thumb Code    16  lpc17xx_gpio.o(.text)
    FIO_ReadValue                            0x00001a4f   Thumb Code    12  lpc17xx_gpio.o(.text)
    FIO_IntCmd                               0x00001a5b   Thumb Code    20  lpc17xx_gpio.o(.text)
    FIO_GetIntStatus                         0x00001a6f   Thumb Code    20  lpc17xx_gpio.o(.text)
    FIO_ClearInt                             0x00001a83   Thumb Code    16  lpc17xx_gpio.o(.text)
    FIO_SetMask                              0x00001a93   Thumb Code    40  lpc17xx_gpio.o(.text)
    FIO_HalfWordSetDir                       0x00001abb   Thumb Code    62  lpc17xx_gpio.o(.text)
    FIO_HalfWordSetMask                      0x00001af9   Thumb Code    62  lpc17xx_gpio.o(.text)
    FIO_HalfWordSetValue                     0x00001b37   Thumb Code    32  lpc17xx_gpio.o(.text)
    FIO_HalfWordClearValue                   0x00001b57   Thumb Code    32  lpc17xx_gpio.o(.text)
    FIO_HalfWordReadValue                    0x00001b77   Thumb Code    30  lpc17xx_gpio.o(.text)
    FIO_ByteSetDir                           0x00001b95   Thumb Code    50  lpc17xx_gpio.o(.text)
    FIO_ByteSetMask                          0x00001bc7   Thumb Code    66  lpc17xx_gpio.o(.text)
    FIO_ByteSetValue                         0x00001c09   Thumb Code    34  lpc17xx_gpio.o(.text)
    FIO_ByteClearValue                       0x00001c2b   Thumb Code    34  lpc17xx_gpio.o(.text)
    FIO_ByteReadValue                        0x00001c4d   Thumb Code    76  lpc17xx_gpio.o(.text)
    PINSEL_ConfigTraceFunc                   0x00001d3f   Thumb Code    34  lpc17xx_pinsel.o(.text)
    PINSEL_SetI2C0Pins                       0x00001d61   Thumb Code    16  lpc17xx_pinsel.o(.text)
    PINSEL_ConfigPin                         0x00001d71   Thumb Code    36  lpc17xx_pinsel.o(.text)
    TIM_GetIntStatus                         0x00001e3b   Thumb Code    92  lpc17xx_timer.o(.text)
    TIM_GetIntCaptureStatus                  0x00001e97   Thumb Code    94  lpc17xx_timer.o(.text)
    TIM_ClearIntPending                      0x00001ef5   Thumb Code    80  lpc17xx_timer.o(.text)
    TIM_ClearIntCapturePending               0x00001f45   Thumb Code    82  lpc17xx_timer.o(.text)
    TIM_ConfigStructInit                     0x00001f97   Thumb Code    22  lpc17xx_timer.o(.text)
    TIM_Init                                 0x00001fad   Thumb Code   272  lpc17xx_timer.o(.text)
    TIM_DeInit                               0x000020bd   Thumb Code   112  lpc17xx_timer.o(.text)
    TIM_Cmd                                  0x0000212d   Thumb Code    66  lpc17xx_timer.o(.text)
    TIM_ResetCounter                         0x0000216f   Thumb Code    58  lpc17xx_timer.o(.text)
    TIM_ConfigMatch                          0x000021a9   Thumb Code   302  lpc17xx_timer.o(.text)
    TIM_UpdateMatchValue                     0x000022d7   Thumb Code    86  lpc17xx_timer.o(.text)
    TIM_ConfigCapture                        0x0000232d   Thumb Code   126  lpc17xx_timer.o(.text)
    TIM_GetCaptureValue                      0x000023ab   Thumb Code    74  lpc17xx_timer.o(.text)
    UART_Init                                0x000025d1   Thumb Code   482  lpc17xx_uart.o(.text)
    UART_TxCmd                               0x000027b3   Thumb Code   182  lpc17xx_uart.o(.text)
    UART_DeInit                              0x00002869   Thumb Code   112  lpc17xx_uart.o(.text)
    UART_ConfigStructInit                    0x000028d9   Thumb Code    18  lpc17xx_uart.o(.text)
    UART_SendByte                            0x000028eb   Thumb Code    58  lpc17xx_uart.o(.text)
    UART_ReceiveByte                         0x00002925   Thumb Code    56  lpc17xx_uart.o(.text)
    UART_Send                                0x0000295d   Thumb Code   150  lpc17xx_uart.o(.text)
    UART_Receive                             0x000029f3   Thumb Code   122  lpc17xx_uart.o(.text)
    UART_ForceBreak                          0x00002a6d   Thumb Code    68  lpc17xx_uart.o(.text)
    UART_IntConfig                           0x00002ab1   Thumb Code   260  lpc17xx_uart.o(.text)
    UART_GetLineStatus                       0x00002bb5   Thumb Code    56  lpc17xx_uart.o(.text)
    UART_GetIntId                            0x00002bed   Thumb Code    52  lpc17xx_uart.o(.text)
    UART_CheckBusy                           0x00002c21   Thumb Code    36  lpc17xx_uart.o(.text)
    UART_FIFOConfig                          0x00002c45   Thumb Code   254  lpc17xx_uart.o(.text)
    UART_FIFOConfigStructInit                0x00002d43   Thumb Code    14  lpc17xx_uart.o(.text)
    UART_ABCmd                               0x00002d51   Thumb Code   192  lpc17xx_uart.o(.text)
    UART_ABClearIntPending                   0x00002e11   Thumb Code    66  lpc17xx_uart.o(.text)
    UART_IrDAInvtInputCmd                    0x00002e53   Thumb Code    80  lpc17xx_uart.o(.text)
    UART_IrDACmd                             0x00002ea3   Thumb Code    78  lpc17xx_uart.o(.text)
    UART_IrDAPulseDivConfig                  0x00002ef1   Thumb Code   102  lpc17xx_uart.o(.text)
    UART_FullModemForcePinState              0x00002f57   Thumb Code   118  lpc17xx_uart.o(.text)
    UART_FullModemConfigMode                 0x00002fcd   Thumb Code   146  lpc17xx_uart.o(.text)
    UART_FullModemGetStatus                  0x0000305f   Thumb Code    28  lpc17xx_uart.o(.text)
    UART_RS485Config                         0x0000307b   Thumb Code   300  lpc17xx_uart.o(.text)
    UART_RS485ReceiverCmd                    0x000031a7   Thumb Code    32  lpc17xx_uart.o(.text)
    UART_RS485Send                           0x000031c7   Thumb Code    84  lpc17xx_uart.o(.text)
    UART_RS485SendSlvAddr                    0x0000321b   Thumb Code    18  lpc17xx_uart.o(.text)
    UART_RS485SendData                       0x0000322d   Thumb Code    22  lpc17xx_uart.o(.text)
    check_failed                             0x00003249   Thumb Code     4  lpc17xx_libcfg_default.o(.text)
    Reset_Handler                            0x0000324d   Thumb Code     8  startup_lpc17xx.o(.text)
    NMI_Handler                              0x00003255   Thumb Code     2  startup_lpc17xx.o(.text)
    HardFault_Handler                        0x00003257   Thumb Code     2  startup_lpc17xx.o(.text)
    MemManage_Handler                        0x00003259   Thumb Code     2  startup_lpc17xx.o(.text)
    BusFault_Handler                         0x0000325b   Thumb Code     2  startup_lpc17xx.o(.text)
    UsageFault_Handler                       0x0000325d   Thumb Code     2  startup_lpc17xx.o(.text)
    SVC_Handler                              0x0000325f   Thumb Code     2  startup_lpc17xx.o(.text)
    DebugMon_Handler                         0x00003261   Thumb Code     2  startup_lpc17xx.o(.text)
    PendSV_Handler                           0x00003263   Thumb Code     2  startup_lpc17xx.o(.text)
    ADC_IRQHandler                           0x00003267   Thumb Code     0  startup_lpc17xx.o(.text)
    BOD_IRQHandler                           0x00003267   Thumb Code     0  startup_lpc17xx.o(.text)
    CANActivity_IRQHandler                   0x00003267   Thumb Code     0  startup_lpc17xx.o(.text)
    CAN_IRQHandler                           0x00003267   Thumb Code     0  startup_lpc17xx.o(.text)
    DMA_IRQHandler                           0x00003267   Thumb Code     0  startup_lpc17xx.o(.text)
    ENET_IRQHandler                          0x00003267   Thumb Code     0  startup_lpc17xx.o(.text)
    I2C0_IRQHandler                          0x00003267   Thumb Code     0  startup_lpc17xx.o(.text)
    I2C1_IRQHandler                          0x00003267   Thumb Code     0  startup_lpc17xx.o(.text)
    I2C2_IRQHandler                          0x00003267   Thumb Code     0  startup_lpc17xx.o(.text)
    I2S_IRQHandler                           0x00003267   Thumb Code     0  startup_lpc17xx.o(.text)
    MCPWM_IRQHandler                         0x00003267   Thumb Code     0  startup_lpc17xx.o(.text)
    PLL0_IRQHandler                          0x00003267   Thumb Code     0  startup_lpc17xx.o(.text)
    PLL1_IRQHandler                          0x00003267   Thumb Code     0  startup_lpc17xx.o(.text)
    PWM1_IRQHandler                          0x00003267   Thumb Code     0  startup_lpc17xx.o(.text)
    QEI_IRQHandler                           0x00003267   Thumb Code     0  startup_lpc17xx.o(.text)
    RIT_IRQHandler                           0x00003267   Thumb Code     0  startup_lpc17xx.o(.text)
    RTC_IRQHandler                           0x00003267   Thumb Code     0  startup_lpc17xx.o(.text)
    SPI_IRQHandler                           0x00003267   Thumb Code     0  startup_lpc17xx.o(.text)
    SSP0_IRQHandler                          0x00003267   Thumb Code     0  startup_lpc17xx.o(.text)
    SSP1_IRQHandler                          0x00003267   Thumb Code     0  startup_lpc17xx.o(.text)
    TIMER1_IRQHandler                        0x00003267   Thumb Code     0  startup_lpc17xx.o(.text)
    TIMER2_IRQHandler                        0x00003267   Thumb Code     0  startup_lpc17xx.o(.text)
    TIMER3_IRQHandler                        0x00003267   Thumb Code     0  startup_lpc17xx.o(.text)
    USBActivity_IRQHandler                   0x00003267   Thumb Code     0  startup_lpc17xx.o(.text)
    USB_IRQHandler                           0x00003267   Thumb Code     0  startup_lpc17xx.o(.text)
    WDT_IRQHandler                           0x00003267   Thumb Code     0  startup_lpc17xx.o(.text)
    SystemCoreClockUpdate                    0x00003271   Thumb Code   424  system_lpc17xx.o(.text)
    SystemInit                               0x00003419   Thumb Code   290  system_lpc17xx.o(.text)
    __aeabi_uldivmod                         0x00003589   Thumb Code    98  uldiv.o(.text)
    __aeabi_memcpy                           0x000035eb   Thumb Code    36  memcpya.o(.text)
    __aeabi_memcpy4                          0x000035eb   Thumb Code     0  memcpya.o(.text)
    __aeabi_memcpy8                          0x000035eb   Thumb Code     0  memcpya.o(.text)
    __aeabi_llsl                             0x0000360f   Thumb Code    30  llshl.o(.text)
    _ll_shift_l                              0x0000360f   Thumb Code     0  llshl.o(.text)
    __aeabi_llsr                             0x0000362d   Thumb Code    32  llushr.o(.text)
    _ll_ushift_r                             0x0000362d   Thumb Code     0  llushr.o(.text)
    __scatterload                            0x0000364d   Thumb Code    28  init.o(.text)
    __scatterload_rt2                        0x0000364d   Thumb Code     0  init.o(.text)
    __decompress                             0x00003671   Thumb Code     0  __dczerorl2.o(.text)
    __decompress1                            0x00003671   Thumb Code    92  __dczerorl2.o(.text)
    __scatterload_copy                       0x000036cd   Thumb Code    14  handlers.o(i.__scatterload_copy)
    __scatterload_null                       0x000036db   Thumb Code     2  handlers.o(i.__scatterload_null)
    __scatterload_zeroinit                   0x000036dd   Thumb Code    14  handlers.o(i.__scatterload_zeroinit)
    Region$$Table$$Base                      0x00003704   Number         0  anon$$obj.o(Region$$Table)
    Region$$Table$$Limit                     0x00003724   Number         0  anon$$obj.o(Region$$Table)
    timer0_flag                              0x10000000   Data           1  main.o(.data)
    timer1_flag                              0x10000001   Data           1  main.o(.data)
    LEDStatus                                0x10000002   Data           1  main.o(.data)
    Button_1                                 0x10000004   Data          12  main.o(.data)
    Button_2                                 0x10000010   Data          12  main.o(.data)
    Button_3                                 0x1000001c   Data          12  main.o(.data)
    Button_4                                 0x10000028   Data          12  main.o(.data)
    LED_1                                    0x10000034   Data          12  main.o(.data)
    LED_2                                    0x10000040   Data          12  main.o(.data)
    LED_3                                    0x1000004c   Data          12  main.o(.data)
    LED_4                                    0x10000058   Data          12  main.o(.data)
    LED_5                                    0x10000064   Data          12  main.o(.data)
    LED_6                                    0x10000070   Data          12  main.o(.data)
    LED_7                                    0x1000007c   Data          12  main.o(.data)
    LED_8                                    0x10000088   Data          12  main.o(.data)
    DOut_1                                   0x10000094   Data          12  main.o(.data)
    DOut_2                                   0x100000a0   Data          12  main.o(.data)
    DOut_3                                   0x100000ac   Data          12  main.o(.data)
    DOut_4                                   0x100000b8   Data          12  main.o(.data)
    RSSI_SUM_Serial_GPIO                     0x100000c4   Data          12  main.o(.data)
    RSSI_DeltaSLC_Serial_GPIO                0x100000d0   Data          12  main.o(.data)
    ExIntPin0                                0x100000dc   Data          12  main.o(.data)
    cnt_e_com_SUM                            0x100000e8   Data           1  main.o(.data)
    cnt_e_com_Delta                          0x100000e9   Data           1  main.o(.data)
    Cnt_timer0                               0x100000ec   Data           4  main.o(.data)
    Cnt_timer1                               0x100000f0   Data           4  main.o(.data)
    cmd_OK_flg                               0x100000f4   Data           1  main.o(.data)
    Cnt                                      0x100000f8   Data           4  main.o(.data)
    Degree                                   0x100000fc   Data           2  main.o(.data)
    rev                                      0x100000fe   Data           2  main.o(.data)
    Data                                     0x10000100   Data           4  main.o(.data)
    tempCnt                                  0x10000104   Data           4  main.o(.data)
    flgSendSerial                            0x10000108   Data           1  main.o(.data)
    maxBuff                                  0x1000010c   Data           4  main.o(.data)
    rcvLen                                   0x10000110   Data           4  main.o(.data)
    cntBuffLen                               0x10000114   Data           4  main.o(.data)
    sleepCnt                                 0x10000118   Data           4  main.o(.data)
    dumm                                     0x1000011c   Data           4  main.o(.data)
    cntTestDelta                             0x10000120   Data           4  main.o(.data)
    LED_flg                                  0x10000124   Data           1  main.o(.data)
    u8test                                   0x10000125   Data           1  main.o(.data)
    dataSendCnt                              0x10000128   Data           4  main.o(.data)
    _mainData                                0x1000012c   Data           4  main.o(.data)
    _Dopp                                    0x10000130   Data           1  main.o(.data)
    _RSSI_Delta_Data                         0x10000134   Data           4  main.o(.data)
    ind                                      0x10000138   Data           4  main.o(.data)
    TIM_ConfigStruct                         0x1000013c   Data           8  main.o(.data)
    u8to16                                   0x10000144   Data           2  main.o(.data)
    temp                                     0x10000146   Data           5  main.o(.data)
    cntTestSUM                               0x1000014c   Data           4  main.o(.data)
    cntCRC                                   0x10000150   Data           1  messaging.o(.data)
    i                                        0x10000154   Data           4  messaging.o(.data)
    Receive_Check_Sum                        0x10000158   Data           1  messaging.o(.data)
    Message_Index                            0x1000015c   Data           4  messaging.o(.data)
    Message_ID                               0x10000160   Data           1  messaging.o(.data)
    Message_Length                           0x10000161   Data           1  messaging.o(.data)
    Transmit_Check_Sum                       0x10000162   Data           1  messaging.o(.data)
    Message_Status                           0x10000163   Data           1  messaging.o(.data)
    u8_16                                    0x10000164   Data           2  messaging.o(.data)
    systickcnt                               0x10000168   Data           4  user_uart.o(.data)
    TxIntStat                                0x1000016c   Data           4  user_uart.o(.data)
    SysTickCnt                               0x10000170   Data           4  user_delay.o(.data)
    cnt                                      0x10000174   Data           4  messaging_rssi_sum.o(.data)
    Receive_Check_Sum_RSSI_SUM               0x10000178   Data           1  messaging_rssi_sum.o(.data)
    Message_Index_RSSI_SUM                   0x1000017c   Data           4  messaging_rssi_sum.o(.data)
    Message_Status_RSSI_SUM                  0x10000180   Data           1  messaging_rssi_sum.o(.data)
    Receive_Check_Sum_RSSI_Delta             0x10000184   Data           1  messaging_rssi_delta.o(.data)
    Message_Index_RSSI_Delta                 0x10000188   Data           4  messaging_rssi_delta.o(.data)
    Message_Status_RSSI_Delta                0x1000018c   Data           1  messaging_rssi_delta.o(.data)
    SystemCoreClock                          0x10000190   Data           4  system_lpc17xx.o(.data)
    TIM_MatchConfigStruct                    0x10000194   Data          12  main.o(.bss)
    Data_Trans_u                             0x100001a0   Data           9  main.o(.bss)
    myData                                   0x100001a9   Data         100  main.o(.bss)
    testDataSUM                              0x1000020d   Data         100  main.o(.bss)
    testDataDelta                            0x10000271   Data         100  main.o(.bss)
    buffer                                   0x100002d5   Data         600  main.o(.bss)
    Message                                  0x10000530   Data         252  messaging.o(.bss)
    _msg                                     0x1000062c   Data         250  messaging.o(.bss)
    _msg_trans                               0x10000726   Data         250  messaging.o(.bss)
    testk                                    0x10000820   Data          10  messaging.o(.bss)
    rb                                       0x1000082c   Data        2128  user_uart.o(.bss)
    _msg_RSSI_SUM                            0x1000107c   Data          20  messaging_rssi_sum.o(.bss)
    dataTest                                 0x10001090   Data         100  messaging_rssi_sum.o(.bss)
    _msg_RSSI_Delta                          0x100010f4   Data          20  messaging_rssi_delta.o(.bss)
    __initial_sp                             0x10001308   Data           0  startup_lpc17xx.o(STACK)



==============================================================================

Memory Map of the image

  Image Entry point : 0x000000cd

  Load Region LR_IROM1 (Base: 0x00000000, Size: 0x000038b8, Max: 0x00080000, ABSOLUTE, COMPRESSED[0x0000376c])

    Execution Region ER_IROM1 (Base: 0x00000000, Size: 0x00003724, Max: 0x00080000, ABSOLUTE)

    Base Addr    Size         Type   Attr      Idx    E Section Name        Object

    0x00000000   0x000000cc   Data   RO          514    RESET               startup_lpc17xx.o
    0x000000cc   0x00000000   Code   RO          548  * .ARM.Collect$$$$00000000  mc_w.l(entry.o)
    0x000000cc   0x00000004   Code   RO          569    .ARM.Collect$$$$00000001  mc_w.l(entry2.o)
    0x000000d0   0x00000004   Code   RO          572    .ARM.Collect$$$$00000004  mc_w.l(entry5.o)
    0x000000d4   0x00000000   Code   RO          574    .ARM.Collect$$$$00000008  mc_w.l(entry7b.o)
    0x000000d4   0x00000000   Code   RO          576    .ARM.Collect$$$$0000000A  mc_w.l(entry8b.o)
    0x000000d4   0x00000008   Code   RO          577    .ARM.Collect$$$$0000000B  mc_w.l(entry9a.o)
    0x000000dc   0x00000000   Code   RO          579    .ARM.Collect$$$$0000000D  mc_w.l(entry10a.o)
    0x000000dc   0x00000000   Code   RO          581    .ARM.Collect$$$$0000000F  mc_w.l(entry11a.o)
    0x000000dc   0x00000004   Code   RO          570    .ARM.Collect$$$$00002712  mc_w.l(entry2.o)
    0x000000e0   0x00000102   Code   RO          155    .text               user_gpio.o
    0x000001e2   0x00000002   PAD
    0x000001e4   0x00000060   Code   RO          237    .text               user_delay.o
    0x00000244   0x000000b8   Code   RO          260    .text               messaging_rssi_sum.o
    0x000002fc   0x00000004   Code   RO          515    .ARM.__at_0x02FC    startup_lpc17xx.o
    0x00000300   0x00000628   Code   RO            3    .text               main.o
    0x00000928   0x00000224   Code   RO          114    .text               messaging.o
    0x00000b4c   0x00000804   Code   RO          179    .text               user_uart.o
    0x00001350   0x00000264   Code   RO          212    .text               user_extint.o
    0x000015b4   0x000000b8   Code   RO          285    .text               messaging_rssi_delta.o
    0x0000166c   0x00000150   Code   RO          310    .text               lpc17xx_clkpwr.o
    0x000017bc   0x000000b8   Code   RO          333    .text               lpc17xx_exti.o
    0x00001874   0x00000424   Code   RO          356    .text               lpc17xx_gpio.o
    0x00001c98   0x00000100   Code   RO          419    .text               lpc17xx_pinsel.o
    0x00001d98   0x00000668   Code   RO          439    .text               lpc17xx_timer.o
    0x00002400   0x00000e48   Code   RO          459    .text               lpc17xx_uart.o
    0x00003248   0x00000004   Code   RO          477    .text               lpc17xx_libcfg_default.o
    0x0000324c   0x00000024   Code   RO          516    .text               startup_lpc17xx.o
    0x00003270   0x00000318   Code   RO          524    .text               system_lpc17xx.o
    0x00003588   0x00000062   Code   RO          551    .text               mc_w.l(uldiv.o)
    0x000035ea   0x00000024   Code   RO          553    .text               mc_w.l(memcpya.o)
    0x0000360e   0x0000001e   Code   RO          583    .text               mc_w.l(llshl.o)
    0x0000362c   0x00000020   Code   RO          585    .text               mc_w.l(llushr.o)
    0x0000364c   0x00000024   Code   RO          594    .text               mc_w.l(init.o)
    0x00003670   0x0000005c   Code   RO          604    .text               mc_w.l(__dczerorl2.o)
    0x000036cc   0x0000000e   Code   RO          598    i.__scatterload_copy  mc_w.l(handlers.o)
    0x000036da   0x00000002   Code   RO          599    i.__scatterload_null  mc_w.l(handlers.o)
    0x000036dc   0x0000000e   Code   RO          600    i.__scatterload_zeroinit  mc_w.l(handlers.o)
    0x000036ea   0x00000002   PAD
    0x000036ec   0x0000000c   Data   RO          262    .constdata          messaging_rssi_sum.o
    0x000036f8   0x0000000c   Data   RO          287    .constdata          messaging_rssi_delta.o
    0x00003704   0x00000020   Data   RO          596    Region$$Table       anon$$obj.o


    Execution Region RW_IRAM1 (Base: 0x10000000, Size: 0x00001308, Max: 0x00008000, ABSOLUTE, COMPRESSED[0x00000048])

    Base Addr    Size         Type   Attr      Idx    E Section Name        Object

    0x10000000   0x00000150   Data   RW            5    .data               main.o
    0x10000150   0x00000016   Data   RW          116    .data               messaging.o
    0x10000166   0x00000002   PAD
    0x10000168   0x00000008   Data   RW          181    .data               user_uart.o
    0x10000170   0x00000004   Data   RW          238    .data               user_delay.o
    0x10000174   0x0000000d   Data   RW          263    .data               messaging_rssi_sum.o
    0x10000181   0x00000003   PAD
    0x10000184   0x00000009   Data   RW          288    .data               messaging_rssi_delta.o
    0x1000018d   0x00000003   PAD
    0x10000190   0x00000004   Data   RW          525    .data               system_lpc17xx.o
    0x10000194   0x00000399   Zero   RW            4    .bss                main.o
    0x1000052d   0x00000003   PAD
    0x10000530   0x000002fa   Zero   RW          115    .bss                messaging.o
    0x1000082a   0x00000002   PAD
    0x1000082c   0x00000850   Zero   RW          180    .bss                user_uart.o
    0x1000107c   0x00000078   Zero   RW          261    .bss                messaging_rssi_sum.o
    0x100010f4   0x00000014   Zero   RW          286    .bss                messaging_rssi_delta.o
    0x10001108   0x00000200   Zero   RW          512    STACK               startup_lpc17xx.o


==============================================================================

Image component sizes


      Code (inc. data)   RO Data    RW Data    ZI Data      Debug   Object Name

       336         32          0          0          0       1727   lpc17xx_clkpwr.o
       184         18          0          0          0       1601   lpc17xx_exti.o
      1060         62          0          0          0       8183   lpc17xx_gpio.o
         4          0          0          0          0        699   lpc17xx_libcfg_default.o
       256          4          0          0          0       2069   lpc17xx_pinsel.o
      1640         66          0          0          0       5151   lpc17xx_timer.o
      3656        104          0          0          0      10241   lpc17xx_uart.o
      1576        190          0        336        921      72031   main.o
       548         54          0         22        762       3761   messaging.o
       184         20         12          9         20       1537   messaging_rssi_delta.o
       184         20         12         13        120       1584   messaging_rssi_sum.o
        40         12        204          0        512        892   startup_lpc17xx.o
       792         78          0          4          0        993   system_lpc17xx.o
        96          6          0          4          0       1352   user_delay.o
       612         34          0          0          0      25601   user_extint.o
       258          0          0          0          0       2005   user_gpio.o
      2052         58          0          8       2128      29258   user_uart.o

    ----------------------------------------------------------------------
     13480        758        260        404       4468     168685   Object Totals
         0          0         32          0          0          0   (incl. Generated)
         2          0          0          8          5          0   (incl. Padding)

    ----------------------------------------------------------------------

      Code (inc. data)   RO Data    RW Data    ZI Data      Debug   Library Member Name

        92          0          0          0          0          0   __dczerorl2.o
         0          0          0          0          0          0   entry.o
         0          0          0          0          0          0   entry10a.o
         0          0          0          0          0          0   entry11a.o
         8          4          0          0          0          0   entry2.o
         4          0          0          0          0          0   entry5.o
         0          0          0          0          0          0   entry7b.o
         0          0          0          0          0          0   entry8b.o
         8          4          0          0          0          0   entry9a.o
        30          0          0          0          0          0   handlers.o
        36          8          0          0          0         68   init.o
        30          0          0          0          0         68   llshl.o
        32          0          0          0          0         68   llushr.o
        36          0          0          0          0         68   memcpya.o
        98          0          0          0          0         92   uldiv.o

    ----------------------------------------------------------------------
       376         16          0          0          0        364   Library Totals
         2          0          0          0          0          0   (incl. Padding)

    ----------------------------------------------------------------------

      Code (inc. data)   RO Data    RW Data    ZI Data      Debug   Library Name

       374         16          0          0          0        364   mc_w.l

    ----------------------------------------------------------------------
       376         16          0          0          0        364   Library Totals

    ----------------------------------------------------------------------

==============================================================================


      Code (inc. data)   RO Data    RW Data    ZI Data      Debug   

     13856        774        260        404       4468     167385   Grand Totals
     13856        774        260         72       4468     167385   ELF Image Totals (compressed)
     13856        774        260         72          0          0   ROM Totals

==============================================================================

    Total RO  Size (Code + RO Data)                14116 (  13.79kB)
    Total RW  Size (RW Data + ZI Data)              4872 (   4.76kB)
    Total ROM Size (Code + RO Data + RW Data)      14188 (  13.86kB)

==============================================================================

