ARM Linker, 5.03 [Build 76] [MDK-ARM Standard]

==============================================================================

Section Cross References

    main.o(.text) refers to user_gpio.o(.text) for pinOn
    main.o(.text) refers to messaging.o(.text) for Make_Trans_Msg
    main.o(.text) refers to user_uart.o(.text) for UARTSend
    main.o(.text) refers to lpc17xx_timer.o(.text) for TIM_Init
    main.o(.text) refers to lpc17xx_wdt.o(.text) for WDT_Init
    main.o(.text) refers to messaging_rssi_sum.o(.text) for parseByte_RSSI_SUM
    main.o(.text) refers to messaging_rssi_delta.o(.text) for parseByte_RSSI_Delta
    main.o(.text) refers to main.o(.data) for dataSendCnt
    main.o(.text) refers to main.o(.bss) for Data_Trans_u
    main.o(.text) refers to lpc17xx_uart.o(.text) for UART_GetIntId
    messaging.o(.text) refers to memcpya.o(.text) for __aeabi_memcpy4
    messaging.o(.text) refers to main.o(.text) for parse_Message
    messaging.o(.text) refers to messaging.o(.data) for Message_Status
    messaging.o(.text) refers to messaging.o(.bss) for testk
    pid.o(.text) refers to f2d.o(.text) for __aeabi_f2d
    pid.o(.text) refers to dmul.o(.text) for __aeabi_dmul
    pid.o(.text) refers to dadd.o(.text) for __aeabi_dadd
    pid.o(.text) refers to d2f.o(.text) for __aeabi_d2f
    pid.o(.text) refers to pid.o(.bss) for tempError
    pid.o(.text) refers to pid.o(.data) for y_output
    user_gpio.o(.text) refers to lpc17xx_gpio.o(.text) for GPIO_SetDir
    user_gpio.o(.text) refers to user_delay.o(.text) for Delay_Int
    user_uart.o(.text) refers to lpc17xx_uart.o(.text) for UART_Receive
    user_uart.o(.text) refers to lpc17xx_pinsel.o(.text) for PINSEL_ConfigPin
    user_uart.o(.text) refers to user_uart.o(.bss) for rb
    user_uart.o(.text) refers to user_uart.o(.data) for TxIntStat
    user_extint.o(.text) refers to lpc17xx_exti.o(.text) for EXTI_ClearEXTIFlag
    user_extint.o(.text) refers to user_gpio.o(.text) for pinFlash
    user_extint.o(.text) refers to main.o(.text) for external_Interrupt_Fnc
    user_extint.o(.text) refers to lpc17xx_pinsel.o(.text) for PINSEL_ConfigPin
    user_extint.o(.text) refers to main.o(.data) for LED_1
    user_delay.o(.text) refers to user_delay.o(.data) for SysTickCnt
    messaging_rssi_sum.o(.text) refers to main.o(.text) for parse_Message_RSSI_SUM
    messaging_rssi_sum.o(.text) refers to user_gpio.o(.text) for pinToggle
    messaging_rssi_sum.o(.text) refers to messaging_rssi_sum.o(.data) for Message_Status_RSSI_SUM
    messaging_rssi_sum.o(.text) refers to messaging_rssi_sum.o(.bss) for _msg_RSSI_SUM
    messaging_rssi_sum.o(.text) refers to messaging_rssi_sum.o(.constdata) for .constdata
    messaging_rssi_delta.o(.text) refers to main.o(.text) for parse_Message_RSSI_Delta
    messaging_rssi_delta.o(.text) refers to user_gpio.o(.text) for pinToggle
    messaging_rssi_delta.o(.text) refers to messaging_rssi_delta.o(.data) for Message_Status_RSSI_Delta
    messaging_rssi_delta.o(.text) refers to messaging_rssi_delta.o(.bss) for _msg_RSSI_Delta
    messaging_rssi_delta.o(.text) refers to messaging_rssi_delta.o(.constdata) for .constdata
    lpc17xx_wdt.o(.text) refers to lpc17xx_clkpwr.o(.text) for CLKPWR_SetPCLKDiv
    lpc17xx_wdt.o(.text) refers to lpc17xx_libcfg_default.o(.text) for check_failed
    lpc17xx_wdt.o(.text) refers to system_lpc17xx.o(.data) for SystemCoreClock
    lpc17xx_clkpwr.o(.text) refers to system_lpc17xx.o(.data) for SystemCoreClock
    lpc17xx_mcpwm.o(.text) refers to lpc17xx_clkpwr.o(.text) for CLKPWR_ConfigPPWR
    lpc17xx_timer.o(.text) refers to lpc17xx_clkpwr.o(.text) for CLKPWR_GetPCLK
    lpc17xx_timer.o(.text) refers to uldiv.o(.text) for __aeabi_uldivmod
    lpc17xx_timer.o(.text) refers to lpc17xx_libcfg_default.o(.text) for check_failed
    lpc17xx_uart.o(.text) refers to lpc17xx_clkpwr.o(.text) for CLKPWR_GetPCLK
    lpc17xx_uart.o(.text) refers to uldiv.o(.text) for __aeabi_uldivmod
    lpc17xx_uart.o(.text) refers to lpc17xx_libcfg_default.o(.text) for check_failed
    lpc17xx_systick.o(.text) refers to ffltui.o(.text) for __aeabi_ui2f
    lpc17xx_systick.o(.text) refers to cfrcmple.o(.text) for __aeabi_cfrcmple
    lpc17xx_systick.o(.text) refers to lpc17xx_libcfg_default.o(.text) for check_failed
    lpc17xx_systick.o(.text) refers to system_lpc17xx.o(.data) for SystemCoreClock
    startup_lpc17xx.o(RESET) refers to startup_lpc17xx.o(STACK) for __initial_sp
    startup_lpc17xx.o(RESET) refers to startup_lpc17xx.o(.text) for Reset_Handler
    startup_lpc17xx.o(RESET) refers to user_delay.o(.text) for SysTick_Handler
    startup_lpc17xx.o(RESET) refers to main.o(.text) for TIMER0_IRQHandler
    startup_lpc17xx.o(RESET) refers to user_extint.o(.text) for EINT0_IRQHandler
    startup_lpc17xx.o(.text) refers to system_lpc17xx.o(.text) for SystemInit
    startup_lpc17xx.o(.text) refers to entry.o(.ARM.Collect$$$$00000000) for __main
    system_lpc17xx.o(.text) refers to uldiv.o(.text) for __aeabi_uldivmod
    system_lpc17xx.o(.text) refers to system_lpc17xx.o(.data) for SystemCoreClock
    entry.o(.ARM.Collect$$$$00000000) refers (Special) to entry10a.o(.ARM.Collect$$$$0000000D) for __rt_final_cpp
    entry.o(.ARM.Collect$$$$00000000) refers (Special) to entry11a.o(.ARM.Collect$$$$0000000F) for __rt_final_exit
    entry.o(.ARM.Collect$$$$00000000) refers (Special) to entry7b.o(.ARM.Collect$$$$00000008) for _main_clock
    entry.o(.ARM.Collect$$$$00000000) refers (Special) to entry8b.o(.ARM.Collect$$$$0000000A) for _main_cpp_init
    entry.o(.ARM.Collect$$$$00000000) refers (Special) to entry9a.o(.ARM.Collect$$$$0000000B) for _main_init
    entry.o(.ARM.Collect$$$$00000000) refers (Special) to entry5.o(.ARM.Collect$$$$00000004) for _main_scatterload
    entry.o(.ARM.Collect$$$$00000000) refers (Special) to entry2.o(.ARM.Collect$$$$00000001) for _main_stk
    uldiv.o(.text) refers to llushr.o(.text) for __aeabi_llsr
    uldiv.o(.text) refers to llshl.o(.text) for __aeabi_llsl
    dadd.o(.text) refers (Special) to iusefp.o(.text) for __I$use$fp
    dadd.o(.text) refers to llshl.o(.text) for __aeabi_llsl
    dadd.o(.text) refers to llsshr.o(.text) for __aeabi_lasr
    dadd.o(.text) refers to depilogue.o(.text) for _double_epilogue
    dmul.o(.text) refers (Special) to iusefp.o(.text) for __I$use$fp
    dmul.o(.text) refers to depilogue.o(.text) for _double_epilogue
    ffltui.o(.text) refers (Special) to iusefp.o(.text) for __I$use$fp
    ffltui.o(.text) refers to fepilogue.o(.text) for _float_epilogue
    f2d.o(.text) refers (Special) to iusefp.o(.text) for __I$use$fp
    d2f.o(.text) refers (Special) to iusefp.o(.text) for __I$use$fp
    d2f.o(.text) refers to fepilogue.o(.text) for _float_round
    cfrcmple.o(.text) refers (Special) to iusefp.o(.text) for __I$use$fp
    entry2.o(.ARM.Collect$$$$00000001) refers to entry2.o(.ARM.Collect$$$$00002712) for __lit__00000000
    entry2.o(.ARM.Collect$$$$00002712) refers to startup_lpc17xx.o(STACK) for __initial_sp
    entry2.o(__vectab_stack_and_reset_area) refers to startup_lpc17xx.o(STACK) for __initial_sp
    entry2.o(__vectab_stack_and_reset_area) refers to entry.o(.ARM.Collect$$$$00000000) for __main
    entry5.o(.ARM.Collect$$$$00000004) refers to init.o(.text) for __scatterload
    entry9a.o(.ARM.Collect$$$$0000000B) refers to main.o(.text) for main
    entry9b.o(.ARM.Collect$$$$0000000C) refers to main.o(.text) for main
    depilogue.o(.text) refers to llshl.o(.text) for __aeabi_llsl
    depilogue.o(.text) refers to llushr.o(.text) for __aeabi_llsr
    init.o(.text) refers to entry5.o(.ARM.Collect$$$$00000004) for __main_after_scatterload


==============================================================================

Removing Unused input sections from the image.

    Removing main.o(.rev16_text), (4 bytes).
    Removing main.o(.revsh_text), (4 bytes).
    Removing pid.o(.text), (196 bytes).
    Removing pid.o(.bss), (12 bytes).
    Removing pid.o(.data), (8 bytes).
    Removing user_gpio.o(.rev16_text), (4 bytes).
    Removing user_gpio.o(.revsh_text), (4 bytes).
    Removing user_uart.o(.rev16_text), (4 bytes).
    Removing user_uart.o(.revsh_text), (4 bytes).
    Removing user_extint.o(.rev16_text), (4 bytes).
    Removing user_extint.o(.revsh_text), (4 bytes).
    Removing user_delay.o(.rev16_text), (4 bytes).
    Removing user_delay.o(.revsh_text), (4 bytes).
    Removing messaging_rssi_sum.o(.rev16_text), (4 bytes).
    Removing messaging_rssi_sum.o(.revsh_text), (4 bytes).
    Removing messaging_rssi_delta.o(.rev16_text), (4 bytes).
    Removing messaging_rssi_delta.o(.revsh_text), (4 bytes).
    Removing lpc17xx_wdt.o(.rev16_text), (4 bytes).
    Removing lpc17xx_wdt.o(.revsh_text), (4 bytes).
    Removing lpc17xx_clkpwr.o(.rev16_text), (4 bytes).
    Removing lpc17xx_clkpwr.o(.revsh_text), (4 bytes).
    Removing lpc17xx_exti.o(.rev16_text), (4 bytes).
    Removing lpc17xx_exti.o(.revsh_text), (4 bytes).
    Removing lpc17xx_gpio.o(.rev16_text), (4 bytes).
    Removing lpc17xx_gpio.o(.revsh_text), (4 bytes).
    Removing lpc17xx_mcpwm.o(.rev16_text), (4 bytes).
    Removing lpc17xx_mcpwm.o(.revsh_text), (4 bytes).
    Removing lpc17xx_mcpwm.o(.text), (1056 bytes).
    Removing lpc17xx_nvic.o(.rev16_text), (4 bytes).
    Removing lpc17xx_nvic.o(.revsh_text), (4 bytes).
    Removing lpc17xx_nvic.o(.text), (168 bytes).
    Removing lpc17xx_pinsel.o(.rev16_text), (4 bytes).
    Removing lpc17xx_pinsel.o(.revsh_text), (4 bytes).
    Removing lpc17xx_timer.o(.rev16_text), (4 bytes).
    Removing lpc17xx_timer.o(.revsh_text), (4 bytes).
    Removing lpc17xx_uart.o(.rev16_text), (4 bytes).
    Removing lpc17xx_uart.o(.revsh_text), (4 bytes).
    Removing lpc17xx_systick.o(.rev16_text), (4 bytes).
    Removing lpc17xx_systick.o(.revsh_text), (4 bytes).
    Removing lpc17xx_systick.o(.text), (388 bytes).
    Removing startup_lpc17xx.o(HEAP), (0 bytes).
    Removing system_lpc17xx.o(.rev16_text), (4 bytes).
    Removing system_lpc17xx.o(.revsh_text), (4 bytes).
    Removing dadd.o(.text), (334 bytes).
    Removing dmul.o(.text), (228 bytes).
    Removing ffltui.o(.text), (10 bytes).
    Removing f2d.o(.text), (38 bytes).
    Removing d2f.o(.text), (56 bytes).
    Removing cfrcmple.o(.text), (20 bytes).
    Removing fepilogue.o(.text), (108 bytes).
    Removing depilogue.o(.text), (190 bytes).

51 unused section(s) (total 2956 bytes) removed from the image.

==============================================================================

Image Symbol Table

    Local Symbols

    Symbol Name                              Value     Ov Type        Size  Object(Section)

    RESET                                    0x00000000   Section      204  startup_lpc17xx.o(RESET)
    ../clib/../cmprslib/zerorunl2.c          0x00000000   Number         0  __dczerorl2.o ABSOLUTE
    ../clib/microlib/division.c              0x00000000   Number         0  uldiv.o ABSOLUTE
    ../clib/microlib/init/entry.s            0x00000000   Number         0  entry11a.o ABSOLUTE
    ../clib/microlib/init/entry.s            0x00000000   Number         0  entry9a.o ABSOLUTE
    ../clib/microlib/init/entry.s            0x00000000   Number         0  entry8b.o ABSOLUTE
    ../clib/microlib/init/entry.s            0x00000000   Number         0  entry7b.o ABSOLUTE
    ../clib/microlib/init/entry.s            0x00000000   Number         0  entry7a.o ABSOLUTE
    ../clib/microlib/init/entry.s            0x00000000   Number         0  entry8a.o ABSOLUTE
    ../clib/microlib/init/entry.s            0x00000000   Number         0  entry2.o ABSOLUTE
    ../clib/microlib/init/entry.s            0x00000000   Number         0  entry.o ABSOLUTE
    ../clib/microlib/init/entry.s            0x00000000   Number         0  entry5.o ABSOLUTE
    ../clib/microlib/init/entry.s            0x00000000   Number         0  entry11b.o ABSOLUTE
    ../clib/microlib/init/entry.s            0x00000000   Number         0  entry10b.o ABSOLUTE
    ../clib/microlib/init/entry.s            0x00000000   Number         0  entry10a.o ABSOLUTE
    ../clib/microlib/init/entry.s            0x00000000   Number         0  entry9b.o ABSOLUTE
    ../clib/microlib/longlong.c              0x00000000   Number         0  llsshr.o ABSOLUTE
    ../clib/microlib/longlong.c              0x00000000   Number         0  llushr.o ABSOLUTE
    ../clib/microlib/longlong.c              0x00000000   Number         0  llshl.o ABSOLUTE
    ../clib/microlib/string/memcpy.c         0x00000000   Number         0  memcpyb.o ABSOLUTE
    ../clib/microlib/string/memcpy.c         0x00000000   Number         0  memcpya.o ABSOLUTE
    ../clib/microlib/stubs.s                 0x00000000   Number         0  iusefp.o ABSOLUTE
    ../fplib/microlib/d2f.c                  0x00000000   Number         0  d2f.o ABSOLUTE
    ../fplib/microlib/f2d.c                  0x00000000   Number         0  f2d.o ABSOLUTE
    ../fplib/microlib/fpadd.c                0x00000000   Number         0  dadd.o ABSOLUTE
    ../fplib/microlib/fpepilogue.c           0x00000000   Number         0  fepilogue.o ABSOLUTE
    ../fplib/microlib/fpepilogue.c           0x00000000   Number         0  depilogue.o ABSOLUTE
    ../fplib/microlib/fpflt.c                0x00000000   Number         0  ffltui.o ABSOLUTE
    ../fplib/microlib/fpmul.c                0x00000000   Number         0  dmul.o ABSOLUTE
    ..\Drivers\source\lpc17xx_clkpwr.c       0x00000000   Number         0  lpc17xx_clkpwr.o ABSOLUTE
    ..\Drivers\source\lpc17xx_exti.c         0x00000000   Number         0  lpc17xx_exti.o ABSOLUTE
    ..\Drivers\source\lpc17xx_gpio.c         0x00000000   Number         0  lpc17xx_gpio.o ABSOLUTE
    ..\Drivers\source\lpc17xx_libcfg_default.c 0x00000000   Number         0  lpc17xx_libcfg_default.o ABSOLUTE
    ..\Drivers\source\lpc17xx_mcpwm.c        0x00000000   Number         0  lpc17xx_mcpwm.o ABSOLUTE
    ..\Drivers\source\lpc17xx_nvic.c         0x00000000   Number         0  lpc17xx_nvic.o ABSOLUTE
    ..\Drivers\source\lpc17xx_pinsel.c       0x00000000   Number         0  lpc17xx_pinsel.o ABSOLUTE
    ..\Drivers\source\lpc17xx_systick.c      0x00000000   Number         0  lpc17xx_systick.o ABSOLUTE
    ..\Drivers\source\lpc17xx_timer.c        0x00000000   Number         0  lpc17xx_timer.o ABSOLUTE
    ..\Drivers\source\lpc17xx_uart.c         0x00000000   Number         0  lpc17xx_uart.o ABSOLUTE
    ..\User\Messaging.c                      0x00000000   Number         0  messaging.o ABSOLUTE
    ..\User\Messaging_RSSI_Delta.c           0x00000000   Number         0  messaging_rssi_delta.o ABSOLUTE
    ..\User\Messaging_RSSI_SUM.c             0x00000000   Number         0  messaging_rssi_sum.o ABSOLUTE
    ..\User\PID.c                            0x00000000   Number         0  pid.o ABSOLUTE
    ..\User\User_Delay.c                     0x00000000   Number         0  user_delay.o ABSOLUTE
    ..\User\User_ExtInt.c                    0x00000000   Number         0  user_extint.o ABSOLUTE
    ..\User\User_GPIO.c                      0x00000000   Number         0  user_gpio.o ABSOLUTE
    ..\User\User_Uart.c                      0x00000000   Number         0  user_uart.o ABSOLUTE
    ..\User\lpc17xx_wdt.c                    0x00000000   Number         0  lpc17xx_wdt.o ABSOLUTE
    ..\User\main.c                           0x00000000   Number         0  main.o ABSOLUTE
    ..\\Drivers\\source\\lpc17xx_clkpwr.c    0x00000000   Number         0  lpc17xx_clkpwr.o ABSOLUTE
    ..\\Drivers\\source\\lpc17xx_exti.c      0x00000000   Number         0  lpc17xx_exti.o ABSOLUTE
    ..\\Drivers\\source\\lpc17xx_gpio.c      0x00000000   Number         0  lpc17xx_gpio.o ABSOLUTE
    ..\\Drivers\\source\\lpc17xx_mcpwm.c     0x00000000   Number         0  lpc17xx_mcpwm.o ABSOLUTE
    ..\\Drivers\\source\\lpc17xx_nvic.c      0x00000000   Number         0  lpc17xx_nvic.o ABSOLUTE
    ..\\Drivers\\source\\lpc17xx_pinsel.c    0x00000000   Number         0  lpc17xx_pinsel.o ABSOLUTE
    ..\\Drivers\\source\\lpc17xx_systick.c   0x00000000   Number         0  lpc17xx_systick.o ABSOLUTE
    ..\\Drivers\\source\\lpc17xx_timer.c     0x00000000   Number         0  lpc17xx_timer.o ABSOLUTE
    ..\\Drivers\\source\\lpc17xx_uart.c      0x00000000   Number         0  lpc17xx_uart.o ABSOLUTE
    ..\\User\\Messaging_RSSI_Delta.c         0x00000000   Number         0  messaging_rssi_delta.o ABSOLUTE
    ..\\User\\Messaging_RSSI_SUM.c           0x00000000   Number         0  messaging_rssi_sum.o ABSOLUTE
    ..\\User\\User_Delay.c                   0x00000000   Number         0  user_delay.o ABSOLUTE
    ..\\User\\User_ExtInt.c                  0x00000000   Number         0  user_extint.o ABSOLUTE
    ..\\User\\User_GPIO.c                    0x00000000   Number         0  user_gpio.o ABSOLUTE
    ..\\User\\User_Uart.c                    0x00000000   Number         0  user_uart.o ABSOLUTE
    ..\\User\\lpc17xx_wdt.c                  0x00000000   Number         0  lpc17xx_wdt.o ABSOLUTE
    ..\\User\\main.c                         0x00000000   Number         0  main.o ABSOLUTE
    RTE\Device\LPC1768\startup_LPC17xx.s     0x00000000   Number         0  startup_lpc17xx.o ABSOLUTE
    RTE\Device\LPC1768\system_LPC17xx.c      0x00000000   Number         0  system_lpc17xx.o ABSOLUTE
    RTE\\Device\\LPC1768\\system_LPC17xx.c   0x00000000   Number         0  system_lpc17xx.o ABSOLUTE
    cfrcmple.s                               0x00000000   Number         0  cfrcmple.o ABSOLUTE
    dc.s                                     0x00000000   Number         0  dc.o ABSOLUTE
    handlers.s                               0x00000000   Number         0  handlers.o ABSOLUTE
    init.s                                   0x00000000   Number         0  init.o ABSOLUTE
    .ARM.Collect$$$$00000000                 0x000000cc   Section        0  entry.o(.ARM.Collect$$$$00000000)
    .ARM.Collect$$$$00000001                 0x000000cc   Section        4  entry2.o(.ARM.Collect$$$$00000001)
    .ARM.Collect$$$$00000004                 0x000000d0   Section        4  entry5.o(.ARM.Collect$$$$00000004)
    .ARM.Collect$$$$00000008                 0x000000d4   Section        0  entry7b.o(.ARM.Collect$$$$00000008)
    .ARM.Collect$$$$0000000A                 0x000000d4   Section        0  entry8b.o(.ARM.Collect$$$$0000000A)
    .ARM.Collect$$$$0000000B                 0x000000d4   Section        8  entry9a.o(.ARM.Collect$$$$0000000B)
    .ARM.Collect$$$$0000000D                 0x000000dc   Section        0  entry10a.o(.ARM.Collect$$$$0000000D)
    .ARM.Collect$$$$0000000F                 0x000000dc   Section        0  entry11a.o(.ARM.Collect$$$$0000000F)
    .ARM.Collect$$$$00002712                 0x000000dc   Section        4  entry2.o(.ARM.Collect$$$$00002712)
    __lit__00000000                          0x000000dc   Data           4  entry2.o(.ARM.Collect$$$$00002712)
    .text                                    0x000000e0   Section        0  user_gpio.o(.text)
    .text                                    0x000001e4   Section        0  user_delay.o(.text)
    .text                                    0x00000244   Section        0  messaging_rssi_sum.o(.text)
    .ARM.__at_0x02FC                         0x000002fc   Section        4  startup_lpc17xx.o(.ARM.__at_0x02FC)
    .text                                    0x00000300   Section        0  main.o(.text)
    .text                                    0x00000bd8   Section        0  messaging.o(.text)
    .text                                    0x00000dfc   Section        0  user_uart.o(.text)
    NVIC_SetPriority                         0x00000dfd   Thumb Code    32  user_uart.o(.text)
    NVIC_EnableIRQ                           0x000015cf   Thumb Code    24  user_uart.o(.text)
    .text                                    0x00001600   Section        0  user_extint.o(.text)
    NVIC_SetPriority                         0x00001601   Thumb Code    32  user_extint.o(.text)
    NVIC_EnableIRQ                           0x0000182b   Thumb Code    24  user_extint.o(.text)
    .text                                    0x00001864   Section        0  messaging_rssi_delta.o(.text)
    .text                                    0x0000191c   Section        0  lpc17xx_wdt.o(.text)
    WDT_SetTimeOut                           0x0000191d   Thumb Code   222  lpc17xx_wdt.o(.text)
    .text                                    0x00001af4   Section        0  lpc17xx_clkpwr.o(.text)
    .text                                    0x00001c44   Section        0  lpc17xx_exti.o(.text)
    .text                                    0x00001cfc   Section        0  lpc17xx_gpio.o(.text)
    GPIO_GetPointer                          0x00001cfd   Thumb Code    52  lpc17xx_gpio.o(.text)
    FIO_HalfWordGetPointer                   0x00001d31   Thumb Code    52  lpc17xx_gpio.o(.text)
    FIO_ByteGetPointer                       0x00001d65   Thumb Code    52  lpc17xx_gpio.o(.text)
    .text                                    0x00002120   Section        0  lpc17xx_pinsel.o(.text)
    set_PinFunc                              0x00002121   Thumb Code    60  lpc17xx_pinsel.o(.text)
    set_ResistorMode                         0x0000215d   Thumb Code    62  lpc17xx_pinsel.o(.text)
    set_OpenDrainMode                        0x0000219b   Thumb Code    44  lpc17xx_pinsel.o(.text)
    .text                                    0x00002220   Section        0  lpc17xx_timer.o(.text)
    getPClock                                0x00002221   Thumb Code    66  lpc17xx_timer.o(.text)
    converUSecToVal                          0x00002263   Thumb Code    50  lpc17xx_timer.o(.text)
    converPtrToTimeNum                       0x00002295   Thumb Code    46  lpc17xx_timer.o(.text)
    .text                                    0x00002888   Section        0  lpc17xx_uart.o(.text)
    uart_set_divisors                        0x00002889   Thumb Code   464  lpc17xx_uart.o(.text)
    .text                                    0x000036d0   Section        0  lpc17xx_libcfg_default.o(.text)
    .text                                    0x000036d4   Section       36  startup_lpc17xx.o(.text)
    .text                                    0x000036f8   Section        0  system_lpc17xx.o(.text)
    .text                                    0x00003a10   Section        0  uldiv.o(.text)
    .text                                    0x00003a72   Section        0  memcpya.o(.text)
    .text                                    0x00003a96   Section        0  llshl.o(.text)
    .text                                    0x00003ab4   Section        0  llushr.o(.text)
    .text                                    0x00003ad4   Section       36  init.o(.text)
    .text                                    0x00003af8   Section        0  __dczerorl2.o(.text)
    i.__scatterload_copy                     0x00003b54   Section       14  handlers.o(i.__scatterload_copy)
    i.__scatterload_null                     0x00003b62   Section        2  handlers.o(i.__scatterload_null)
    i.__scatterload_zeroinit                 0x00003b64   Section       14  handlers.o(i.__scatterload_zeroinit)
    .constdata                               0x00003b74   Section       12  messaging_rssi_sum.o(.constdata)
    .constdata                               0x00003b80   Section       12  messaging_rssi_delta.o(.constdata)
    .data                                    0x10000000   Section      804  main.o(.data)
    .data                                    0x10000324   Section       22  messaging.o(.data)
    .data                                    0x1000033c   Section        8  user_uart.o(.data)
    .data                                    0x10000344   Section        4  user_delay.o(.data)
    .data                                    0x10000348   Section       13  messaging_rssi_sum.o(.data)
    .data                                    0x10000358   Section        9  messaging_rssi_delta.o(.data)
    .data                                    0x10000364   Section        4  system_lpc17xx.o(.data)
    .bss                                     0x10000368   Section      921  main.o(.bss)
    .bss                                     0x10000704   Section      762  messaging.o(.bss)
    .bss                                     0x10000a00   Section     2128  user_uart.o(.bss)
    .bss                                     0x10001250   Section      120  messaging_rssi_sum.o(.bss)
    .bss                                     0x100012c8   Section       20  messaging_rssi_delta.o(.bss)
    STACK                                    0x100012e0   Section      512  startup_lpc17xx.o(STACK)

    Global Symbols

    Symbol Name                              Value     Ov Type        Size  Object(Section)

    BuildAttributes$$THM_ISAv4$P$D$K$B$S$PE$A:L22UL41UL21$X:L11$S22US41US21$IEEE1$IW$USESV6$~STKCKD$USESV7$~SHL$OTIME$ROPI$EBA8$MICROLIB$REQ8$PRES8$EABIv2 0x00000000   Number         0  anon$$obj.o ABSOLUTE
    __ARM_use_no_argv                        0x00000000   Number         0  main.o ABSOLUTE
    __Vectors                                0x00000000   Data           4  startup_lpc17xx.o(RESET)
    __cpp_initialize__aeabi_                  - Undefined Weak Reference
    __cxa_finalize                            - Undefined Weak Reference
    _clock_init                               - Undefined Weak Reference
    _microlib_exit                            - Undefined Weak Reference
    __main                                   0x000000cd   Thumb Code     0  entry.o(.ARM.Collect$$$$00000000)
    _main_stk                                0x000000cd   Thumb Code     0  entry2.o(.ARM.Collect$$$$00000001)
    _main_scatterload                        0x000000d1   Thumb Code     0  entry5.o(.ARM.Collect$$$$00000004)
    __main_after_scatterload                 0x000000d5   Thumb Code     0  entry5.o(.ARM.Collect$$$$00000004)
    _main_clock                              0x000000d5   Thumb Code     0  entry7b.o(.ARM.Collect$$$$00000008)
    _main_cpp_init                           0x000000d5   Thumb Code     0  entry8b.o(.ARM.Collect$$$$0000000A)
    _main_init                               0x000000d5   Thumb Code     0  entry9a.o(.ARM.Collect$$$$0000000B)
    __rt_final_cpp                           0x000000dd   Thumb Code     0  entry10a.o(.ARM.Collect$$$$0000000D)
    __rt_final_exit                          0x000000dd   Thumb Code     0  entry11a.o(.ARM.Collect$$$$0000000F)
    pinConfig                                0x000000e1   Thumb Code    24  user_gpio.o(.text)
    pinOn                                    0x000000f9   Thumb Code    22  user_gpio.o(.text)
    pinOff                                   0x0000010f   Thumb Code    22  user_gpio.o(.text)
    pinStatus                                0x00000125   Thumb Code    30  user_gpio.o(.text)
    pinToggle                                0x00000143   Thumb Code    46  user_gpio.o(.text)
    pinSet                                   0x00000171   Thumb Code    28  user_gpio.o(.text)
    pinFlash                                 0x0000018d   Thumb Code    86  user_gpio.o(.text)
    SysTick_Handler                          0x000001e5   Thumb Code    12  user_delay.o(.text)
    Delay                                    0x000001f1   Thumb Code    18  user_delay.o(.text)
    Delay_Int                                0x00000203   Thumb Code    30  user_delay.o(.text)
    Delay_Pro                                0x00000221   Thumb Code    24  user_delay.o(.text)
    SystemTime                               0x00000239   Thumb Code     6  user_delay.o(.text)
    parseByte_RSSI_SUM                       0x00000245   Thumb Code   164  messaging_rssi_sum.o(.text)
    Trans_2FixedMic_Message                  0x00000301   Thumb Code   150  main.o(.text)
    LED_Init                                 0x00000397   Thumb Code   130  main.o(.text)
    Init_Timer0                              0x00000419   Thumb Code   122  main.o(.text)
    main                                     0x00000493   Thumb Code   226  main.o(.text)
    parse_Message                            0x00000575   Thumb Code    94  main.o(.text)
    external_Interrupt_Fnc                   0x000005d3   Thumb Code     2  main.o(.text)
    parse_Message_RSSI_SUM                   0x000005d5   Thumb Code    72  main.o(.text)
    parse_Message_RSSI_Delta                 0x0000061d   Thumb Code    32  main.o(.text)
    IO_InitUnUsedPins                        0x0000063d   Thumb Code   678  main.o(.text)
    TIMER0_IRQHandler                        0x000008e3   Thumb Code   276  main.o(.text)
    UART1_IRQHandler                         0x000009f7   Thumb Code    94  main.o(.text)
    UART3_IRQHandler                         0x00000a55   Thumb Code    80  main.o(.text)
    UART2_IRQHandler                         0x00000aa5   Thumb Code    80  main.o(.text)
    UART0_IRQHandler                         0x00000af5   Thumb Code    62  main.o(.text)
    gen_crc16                                0x00000bd9   Thumb Code   128  messaging.o(.text)
    parseByte                                0x00000c59   Thumb Code   302  messaging.o(.text)
    Make_Trans_Msg                           0x00000d87   Thumb Code    70  messaging.o(.text)
    UARTNumExtract                           0x00000e1d   Thumb Code    46  user_uart.o(.text)
    UART_IntReceive                          0x00000e4b   Thumb Code   178  user_uart.o(.text)
    UART_IntTransmit                         0x00000efd   Thumb Code   240  user_uart.o(.text)
    UART_IntErr                              0x00000fed   Thumb Code     2  user_uart.o(.text)
    UART_ConfigStruct                        0x00000fef   Thumb Code    14  user_uart.o(.text)
    Com_Init                                 0x00000ffd   Thumb Code   454  user_uart.o(.text)
    UARTSend                                 0x000011c3   Thumb Code   226  user_uart.o(.text)
    UARTSend_AC                              0x000012a5   Thumb Code   194  user_uart.o(.text)
    UARTReceive                              0x00001367   Thumb Code   178  user_uart.o(.text)
    Send_uint_AC                             0x00001419   Thumb Code    50  user_uart.o(.text)
    Com_Init_Tx_Canceled                     0x0000144b   Thumb Code   388  user_uart.o(.text)
    EXTI_ClearEXTIFlag_L2                    0x00001621   Thumb Code    12  user_extint.o(.text)
    EINT0_IRQHandler                         0x0000162d   Thumb Code    32  user_extint.o(.text)
    EINT1_IRQHandler                         0x0000164d   Thumb Code    32  user_extint.o(.text)
    EINT2_IRQHandler                         0x0000166d   Thumb Code    32  user_extint.o(.text)
    EINT3_IRQHandler                         0x0000168d   Thumb Code    32  user_extint.o(.text)
    EINT_Init                                0x000016ad   Thumb Code   382  user_extint.o(.text)
    parseByte_RSSI_Delta                     0x00001865   Thumb Code   164  messaging_rssi_delta.o(.text)
    WDT_Init                                 0x000019fb   Thumb Code    86  lpc17xx_wdt.o(.text)
    WDT_Feed                                 0x00001a51   Thumb Code    16  lpc17xx_wdt.o(.text)
    WDT_Start                                0x00001a61   Thumb Code    44  lpc17xx_wdt.o(.text)
    WDT_ReadTimeOutFlag                      0x00001a8d   Thumb Code    12  lpc17xx_wdt.o(.text)
    WDT_ClrTimeOutFlag                       0x00001a99   Thumb Code    18  lpc17xx_wdt.o(.text)
    WDT_UpdateTimeOut                        0x00001aab   Thumb Code    28  lpc17xx_wdt.o(.text)
    WDT_GetCurrentCount                      0x00001ac7   Thumb Code     8  lpc17xx_wdt.o(.text)
    CLKPWR_SetPCLKDiv                        0x00001af5   Thumb Code   106  lpc17xx_clkpwr.o(.text)
    CLKPWR_GetPCLKSEL                        0x00001b5f   Thumb Code    32  lpc17xx_clkpwr.o(.text)
    CLKPWR_GetPCLK                           0x00001b7f   Thumb Code    58  lpc17xx_clkpwr.o(.text)
    CLKPWR_ConfigPPWR                        0x00001bb9   Thumb Code    50  lpc17xx_clkpwr.o(.text)
    CLKPWR_Sleep                             0x00001beb   Thumb Code    10  lpc17xx_clkpwr.o(.text)
    CLKPWR_DeepSleep                         0x00001bf5   Thumb Code    16  lpc17xx_clkpwr.o(.text)
    CLKPWR_PowerDown                         0x00001c05   Thumb Code    16  lpc17xx_clkpwr.o(.text)
    CLKPWR_DeepPowerDown                     0x00001c15   Thumb Code    16  lpc17xx_clkpwr.o(.text)
    EXTI_Init                                0x00001c45   Thumb Code    22  lpc17xx_exti.o(.text)
    EXTI_DeInit                              0x00001c5b   Thumb Code     2  lpc17xx_exti.o(.text)
    EXTI_SetPolarity                         0x00001c5d   Thumb Code    52  lpc17xx_exti.o(.text)
    EXTI_SetMode                             0x00001c91   Thumb Code    52  lpc17xx_exti.o(.text)
    EXTI_Config                              0x00001cc5   Thumb Code    28  lpc17xx_exti.o(.text)
    EXTI_ClearEXTIFlag                       0x00001ce1   Thumb Code    10  lpc17xx_exti.o(.text)
    GPIO_SetDir                              0x00001d99   Thumb Code    40  lpc17xx_gpio.o(.text)
    GPIO_SetValue                            0x00001dc1   Thumb Code    20  lpc17xx_gpio.o(.text)
    GPIO_ClearValue                          0x00001dd5   Thumb Code    20  lpc17xx_gpio.o(.text)
    GPIO_ReadValue                           0x00001de9   Thumb Code    22  lpc17xx_gpio.o(.text)
    GPIO_IntCmd                              0x00001dff   Thumb Code    54  lpc17xx_gpio.o(.text)
    GPIO_GetIntStatus                        0x00001e35   Thumb Code    86  lpc17xx_gpio.o(.text)
    GPIO_ClearInt                            0x00001e8b   Thumb Code    24  lpc17xx_gpio.o(.text)
    FIO_SetDir                               0x00001ea3   Thumb Code    20  lpc17xx_gpio.o(.text)
    FIO_SetValue                             0x00001eb7   Thumb Code    16  lpc17xx_gpio.o(.text)
    FIO_ClearValue                           0x00001ec7   Thumb Code    16  lpc17xx_gpio.o(.text)
    FIO_ReadValue                            0x00001ed7   Thumb Code    12  lpc17xx_gpio.o(.text)
    FIO_IntCmd                               0x00001ee3   Thumb Code    20  lpc17xx_gpio.o(.text)
    FIO_GetIntStatus                         0x00001ef7   Thumb Code    20  lpc17xx_gpio.o(.text)
    FIO_ClearInt                             0x00001f0b   Thumb Code    16  lpc17xx_gpio.o(.text)
    FIO_SetMask                              0x00001f1b   Thumb Code    40  lpc17xx_gpio.o(.text)
    FIO_HalfWordSetDir                       0x00001f43   Thumb Code    62  lpc17xx_gpio.o(.text)
    FIO_HalfWordSetMask                      0x00001f81   Thumb Code    62  lpc17xx_gpio.o(.text)
    FIO_HalfWordSetValue                     0x00001fbf   Thumb Code    32  lpc17xx_gpio.o(.text)
    FIO_HalfWordClearValue                   0x00001fdf   Thumb Code    32  lpc17xx_gpio.o(.text)
    FIO_HalfWordReadValue                    0x00001fff   Thumb Code    30  lpc17xx_gpio.o(.text)
    FIO_ByteSetDir                           0x0000201d   Thumb Code    50  lpc17xx_gpio.o(.text)
    FIO_ByteSetMask                          0x0000204f   Thumb Code    66  lpc17xx_gpio.o(.text)
    FIO_ByteSetValue                         0x00002091   Thumb Code    34  lpc17xx_gpio.o(.text)
    FIO_ByteClearValue                       0x000020b3   Thumb Code    34  lpc17xx_gpio.o(.text)
    FIO_ByteReadValue                        0x000020d5   Thumb Code    76  lpc17xx_gpio.o(.text)
    PINSEL_ConfigTraceFunc                   0x000021c7   Thumb Code    34  lpc17xx_pinsel.o(.text)
    PINSEL_SetI2C0Pins                       0x000021e9   Thumb Code    16  lpc17xx_pinsel.o(.text)
    PINSEL_ConfigPin                         0x000021f9   Thumb Code    36  lpc17xx_pinsel.o(.text)
    TIM_GetIntStatus                         0x000022c3   Thumb Code    92  lpc17xx_timer.o(.text)
    TIM_GetIntCaptureStatus                  0x0000231f   Thumb Code    94  lpc17xx_timer.o(.text)
    TIM_ClearIntPending                      0x0000237d   Thumb Code    80  lpc17xx_timer.o(.text)
    TIM_ClearIntCapturePending               0x000023cd   Thumb Code    82  lpc17xx_timer.o(.text)
    TIM_ConfigStructInit                     0x0000241f   Thumb Code    22  lpc17xx_timer.o(.text)
    TIM_Init                                 0x00002435   Thumb Code   272  lpc17xx_timer.o(.text)
    TIM_DeInit                               0x00002545   Thumb Code   112  lpc17xx_timer.o(.text)
    TIM_Cmd                                  0x000025b5   Thumb Code    66  lpc17xx_timer.o(.text)
    TIM_ResetCounter                         0x000025f7   Thumb Code    58  lpc17xx_timer.o(.text)
    TIM_ConfigMatch                          0x00002631   Thumb Code   302  lpc17xx_timer.o(.text)
    TIM_UpdateMatchValue                     0x0000275f   Thumb Code    86  lpc17xx_timer.o(.text)
    TIM_ConfigCapture                        0x000027b5   Thumb Code   126  lpc17xx_timer.o(.text)
    TIM_GetCaptureValue                      0x00002833   Thumb Code    74  lpc17xx_timer.o(.text)
    UART_Init                                0x00002a59   Thumb Code   482  lpc17xx_uart.o(.text)
    UART_TxCmd                               0x00002c3b   Thumb Code   182  lpc17xx_uart.o(.text)
    UART_DeInit                              0x00002cf1   Thumb Code   112  lpc17xx_uart.o(.text)
    UART_ConfigStructInit                    0x00002d61   Thumb Code    18  lpc17xx_uart.o(.text)
    UART_SendByte                            0x00002d73   Thumb Code    58  lpc17xx_uart.o(.text)
    UART_ReceiveByte                         0x00002dad   Thumb Code    56  lpc17xx_uart.o(.text)
    UART_Send                                0x00002de5   Thumb Code   150  lpc17xx_uart.o(.text)
    UART_Receive                             0x00002e7b   Thumb Code   122  lpc17xx_uart.o(.text)
    UART_ForceBreak                          0x00002ef5   Thumb Code    68  lpc17xx_uart.o(.text)
    UART_IntConfig                           0x00002f39   Thumb Code   260  lpc17xx_uart.o(.text)
    UART_GetLineStatus                       0x0000303d   Thumb Code    56  lpc17xx_uart.o(.text)
    UART_GetIntId                            0x00003075   Thumb Code    52  lpc17xx_uart.o(.text)
    UART_CheckBusy                           0x000030a9   Thumb Code    36  lpc17xx_uart.o(.text)
    UART_FIFOConfig                          0x000030cd   Thumb Code   254  lpc17xx_uart.o(.text)
    UART_FIFOConfigStructInit                0x000031cb   Thumb Code    14  lpc17xx_uart.o(.text)
    UART_ABCmd                               0x000031d9   Thumb Code   192  lpc17xx_uart.o(.text)
    UART_ABClearIntPending                   0x00003299   Thumb Code    66  lpc17xx_uart.o(.text)
    UART_IrDAInvtInputCmd                    0x000032db   Thumb Code    80  lpc17xx_uart.o(.text)
    UART_IrDACmd                             0x0000332b   Thumb Code    78  lpc17xx_uart.o(.text)
    UART_IrDAPulseDivConfig                  0x00003379   Thumb Code   102  lpc17xx_uart.o(.text)
    UART_FullModemForcePinState              0x000033df   Thumb Code   118  lpc17xx_uart.o(.text)
    UART_FullModemConfigMode                 0x00003455   Thumb Code   146  lpc17xx_uart.o(.text)
    UART_FullModemGetStatus                  0x000034e7   Thumb Code    28  lpc17xx_uart.o(.text)
    UART_RS485Config                         0x00003503   Thumb Code   300  lpc17xx_uart.o(.text)
    UART_RS485ReceiverCmd                    0x0000362f   Thumb Code    32  lpc17xx_uart.o(.text)
    UART_RS485Send                           0x0000364f   Thumb Code    84  lpc17xx_uart.o(.text)
    UART_RS485SendSlvAddr                    0x000036a3   Thumb Code    18  lpc17xx_uart.o(.text)
    UART_RS485SendData                       0x000036b5   Thumb Code    22  lpc17xx_uart.o(.text)
    check_failed                             0x000036d1   Thumb Code     4  lpc17xx_libcfg_default.o(.text)
    Reset_Handler                            0x000036d5   Thumb Code     8  startup_lpc17xx.o(.text)
    NMI_Handler                              0x000036dd   Thumb Code     2  startup_lpc17xx.o(.text)
    HardFault_Handler                        0x000036df   Thumb Code     2  startup_lpc17xx.o(.text)
    MemManage_Handler                        0x000036e1   Thumb Code     2  startup_lpc17xx.o(.text)
    BusFault_Handler                         0x000036e3   Thumb Code     2  startup_lpc17xx.o(.text)
    UsageFault_Handler                       0x000036e5   Thumb Code     2  startup_lpc17xx.o(.text)
    SVC_Handler                              0x000036e7   Thumb Code     2  startup_lpc17xx.o(.text)
    DebugMon_Handler                         0x000036e9   Thumb Code     2  startup_lpc17xx.o(.text)
    PendSV_Handler                           0x000036eb   Thumb Code     2  startup_lpc17xx.o(.text)
    ADC_IRQHandler                           0x000036ef   Thumb Code     0  startup_lpc17xx.o(.text)
    BOD_IRQHandler                           0x000036ef   Thumb Code     0  startup_lpc17xx.o(.text)
    CANActivity_IRQHandler                   0x000036ef   Thumb Code     0  startup_lpc17xx.o(.text)
    CAN_IRQHandler                           0x000036ef   Thumb Code     0  startup_lpc17xx.o(.text)
    DMA_IRQHandler                           0x000036ef   Thumb Code     0  startup_lpc17xx.o(.text)
    ENET_IRQHandler                          0x000036ef   Thumb Code     0  startup_lpc17xx.o(.text)
    I2C0_IRQHandler                          0x000036ef   Thumb Code     0  startup_lpc17xx.o(.text)
    I2C1_IRQHandler                          0x000036ef   Thumb Code     0  startup_lpc17xx.o(.text)
    I2C2_IRQHandler                          0x000036ef   Thumb Code     0  startup_lpc17xx.o(.text)
    I2S_IRQHandler                           0x000036ef   Thumb Code     0  startup_lpc17xx.o(.text)
    MCPWM_IRQHandler                         0x000036ef   Thumb Code     0  startup_lpc17xx.o(.text)
    PLL0_IRQHandler                          0x000036ef   Thumb Code     0  startup_lpc17xx.o(.text)
    PLL1_IRQHandler                          0x000036ef   Thumb Code     0  startup_lpc17xx.o(.text)
    PWM1_IRQHandler                          0x000036ef   Thumb Code     0  startup_lpc17xx.o(.text)
    QEI_IRQHandler                           0x000036ef   Thumb Code     0  startup_lpc17xx.o(.text)
    RIT_IRQHandler                           0x000036ef   Thumb Code     0  startup_lpc17xx.o(.text)
    RTC_IRQHandler                           0x000036ef   Thumb Code     0  startup_lpc17xx.o(.text)
    SPI_IRQHandler                           0x000036ef   Thumb Code     0  startup_lpc17xx.o(.text)
    SSP0_IRQHandler                          0x000036ef   Thumb Code     0  startup_lpc17xx.o(.text)
    SSP1_IRQHandler                          0x000036ef   Thumb Code     0  startup_lpc17xx.o(.text)
    TIMER1_IRQHandler                        0x000036ef   Thumb Code     0  startup_lpc17xx.o(.text)
    TIMER2_IRQHandler                        0x000036ef   Thumb Code     0  startup_lpc17xx.o(.text)
    TIMER3_IRQHandler                        0x000036ef   Thumb Code     0  startup_lpc17xx.o(.text)
    USBActivity_IRQHandler                   0x000036ef   Thumb Code     0  startup_lpc17xx.o(.text)
    USB_IRQHandler                           0x000036ef   Thumb Code     0  startup_lpc17xx.o(.text)
    WDT_IRQHandler                           0x000036ef   Thumb Code     0  startup_lpc17xx.o(.text)
    SystemCoreClockUpdate                    0x000036f9   Thumb Code   424  system_lpc17xx.o(.text)
    SystemInit                               0x000038a1   Thumb Code   290  system_lpc17xx.o(.text)
    __aeabi_uldivmod                         0x00003a11   Thumb Code    98  uldiv.o(.text)
    __aeabi_memcpy                           0x00003a73   Thumb Code    36  memcpya.o(.text)
    __aeabi_memcpy4                          0x00003a73   Thumb Code     0  memcpya.o(.text)
    __aeabi_memcpy8                          0x00003a73   Thumb Code     0  memcpya.o(.text)
    __aeabi_llsl                             0x00003a97   Thumb Code    30  llshl.o(.text)
    _ll_shift_l                              0x00003a97   Thumb Code     0  llshl.o(.text)
    __aeabi_llsr                             0x00003ab5   Thumb Code    32  llushr.o(.text)
    _ll_ushift_r                             0x00003ab5   Thumb Code     0  llushr.o(.text)
    __scatterload                            0x00003ad5   Thumb Code    28  init.o(.text)
    __scatterload_rt2                        0x00003ad5   Thumb Code     0  init.o(.text)
    __decompress                             0x00003af9   Thumb Code     0  __dczerorl2.o(.text)
    __decompress1                            0x00003af9   Thumb Code    92  __dczerorl2.o(.text)
    __scatterload_copy                       0x00003b55   Thumb Code    14  handlers.o(i.__scatterload_copy)
    __scatterload_null                       0x00003b63   Thumb Code     2  handlers.o(i.__scatterload_null)
    __scatterload_zeroinit                   0x00003b65   Thumb Code    14  handlers.o(i.__scatterload_zeroinit)
    Region$$Table$$Base                      0x00003b8c   Number         0  anon$$obj.o(Region$$Table)
    Region$$Table$$Limit                     0x00003bac   Number         0  anon$$obj.o(Region$$Table)
    timer0_flag                              0x10000000   Data           1  main.o(.data)
    timer1_flag                              0x10000001   Data           1  main.o(.data)
    LEDStatus                                0x10000002   Data           1  main.o(.data)
    Button_1                                 0x10000004   Data          12  main.o(.data)
    Button_2                                 0x10000010   Data          12  main.o(.data)
    Button_3                                 0x1000001c   Data          12  main.o(.data)
    Button_4                                 0x10000028   Data          12  main.o(.data)
    LED_1                                    0x10000034   Data          12  main.o(.data)
    LED_2                                    0x10000040   Data          12  main.o(.data)
    LED_3                                    0x1000004c   Data          12  main.o(.data)
    LED_4                                    0x10000058   Data          12  main.o(.data)
    LED_5                                    0x10000064   Data          12  main.o(.data)
    LED_6                                    0x10000070   Data          12  main.o(.data)
    LED_7                                    0x1000007c   Data          12  main.o(.data)
    LED_8                                    0x10000088   Data          12  main.o(.data)
    DOut_1                                   0x10000094   Data          12  main.o(.data)
    DOut_2                                   0x100000a0   Data          12  main.o(.data)
    DOut_3                                   0x100000ac   Data          12  main.o(.data)
    DOut_4                                   0x100000b8   Data          12  main.o(.data)
    RSSI_SUM_Serial_GPIO                     0x100000c4   Data          12  main.o(.data)
    RSSI_DeltaSLC_Serial_GPIO                0x100000d0   Data          12  main.o(.data)
    ExIntPin0                                0x100000dc   Data          12  main.o(.data)
    UnUseP0_4                                0x100000e8   Data          12  main.o(.data)
    UnUseP0_5                                0x100000f4   Data          12  main.o(.data)
    UnUseP0_17                               0x10000100   Data          12  main.o(.data)
    UnUseP0_18                               0x1000010c   Data          12  main.o(.data)
    UnUseP0_19                               0x10000118   Data          12  main.o(.data)
    UnUseP0_20                               0x10000124   Data          12  main.o(.data)
    UnUseP0_21                               0x10000130   Data          12  main.o(.data)
    UnUseP0_22                               0x1000013c   Data          12  main.o(.data)
    UnUseP0_23                               0x10000148   Data          12  main.o(.data)
    UnUseP0_24                               0x10000154   Data          12  main.o(.data)
    UnUseP0_25                               0x10000160   Data          12  main.o(.data)
    UnUseP0_26                               0x1000016c   Data          12  main.o(.data)
    UnUseP0_27_SDA0                          0x10000178   Data          12  main.o(.data)
    UnUseP0_28_SCL0                          0x10000184   Data          12  main.o(.data)
    UnUseP1_16                               0x10000190   Data          12  main.o(.data)
    UnUseP1_17                               0x1000019c   Data          12  main.o(.data)
    UnUseP1_19                               0x100001a8   Data          12  main.o(.data)
    UnUseP1_20                               0x100001b4   Data          12  main.o(.data)
    UnUseP1_21_SCK0                          0x100001c0   Data          12  main.o(.data)
    UnUseP1_22_SSEL0                         0x100001cc   Data          12  main.o(.data)
    UnUseP1_23_MISO0                         0x100001d8   Data          12  main.o(.data)
    UnUseP1_24_MOSI0                         0x100001e4   Data          12  main.o(.data)
    UnUseP1_25_MOSI_SPin                     0x100001f0   Data          12  main.o(.data)
    UnUseP1_29                               0x100001fc   Data          12  main.o(.data)
    UnUseP1_30_VAnalog1                      0x10000208   Data          12  main.o(.data)
    UnUseP1_31_VAnalog2                      0x10000214   Data          12  main.o(.data)
    UnUseP2_0                                0x10000220   Data          12  main.o(.data)
    UnUseP2_1                                0x1000022c   Data          12  main.o(.data)
    UnUseP2_2                                0x10000238   Data          12  main.o(.data)
    UnUseP2_3                                0x10000244   Data          12  main.o(.data)
    UnUseP2_4                                0x10000250   Data          12  main.o(.data)
    UnUseP2_5                                0x1000025c   Data          12  main.o(.data)
    UnUseP2_6                                0x10000268   Data          12  main.o(.data)
    UnUseP2_7                                0x10000274   Data          12  main.o(.data)
    UnUseP2_8                                0x10000280   Data          12  main.o(.data)
    UnUseP2_9                                0x1000028c   Data          12  main.o(.data)
    UnUseP4_28                               0x10000298   Data          12  main.o(.data)
    UnUseP4_29                               0x100002a4   Data          12  main.o(.data)
    UnUseP3_26                               0x100002b0   Data          12  main.o(.data)
    cnt_e_com_SUM                            0x100002bc   Data           1  main.o(.data)
    cnt_e_com_Delta                          0x100002bd   Data           1  main.o(.data)
    Cnt_timer0                               0x100002c0   Data           4  main.o(.data)
    Cnt_timer1                               0x100002c4   Data           4  main.o(.data)
    cmd_OK_flg                               0x100002c8   Data           1  main.o(.data)
    Cnt                                      0x100002cc   Data           4  main.o(.data)
    Degree                                   0x100002d0   Data           2  main.o(.data)
    rev                                      0x100002d2   Data           2  main.o(.data)
    Data                                     0x100002d4   Data           4  main.o(.data)
    tempCnt                                  0x100002d8   Data           4  main.o(.data)
    flgSendSerial                            0x100002dc   Data           1  main.o(.data)
    maxBuff                                  0x100002e0   Data           4  main.o(.data)
    rcvLen                                   0x100002e4   Data           4  main.o(.data)
    cntBuffLen                               0x100002e8   Data           4  main.o(.data)
    sleepCnt                                 0x100002ec   Data           4  main.o(.data)
    dumm                                     0x100002f0   Data           4  main.o(.data)
    cntTestDelta                             0x100002f4   Data           4  main.o(.data)
    LED_flg                                  0x100002f8   Data           1  main.o(.data)
    u8test                                   0x100002f9   Data           1  main.o(.data)
    dataSendCnt                              0x100002fc   Data           4  main.o(.data)
    _mainData                                0x10000300   Data           4  main.o(.data)
    _Dopp                                    0x10000304   Data           1  main.o(.data)
    _RSSI_Delta_Data                         0x10000308   Data           4  main.o(.data)
    ind                                      0x1000030c   Data           4  main.o(.data)
    TIM_ConfigStruct                         0x10000310   Data           8  main.o(.data)
    u8to16                                   0x10000318   Data           2  main.o(.data)
    temp                                     0x1000031a   Data           5  main.o(.data)
    cntTestSUM                               0x10000320   Data           4  main.o(.data)
    cntCRC                                   0x10000324   Data           1  messaging.o(.data)
    i                                        0x10000328   Data           4  messaging.o(.data)
    Receive_Check_Sum                        0x1000032c   Data           1  messaging.o(.data)
    Message_Index                            0x10000330   Data           4  messaging.o(.data)
    Message_ID                               0x10000334   Data           1  messaging.o(.data)
    Message_Length                           0x10000335   Data           1  messaging.o(.data)
    Transmit_Check_Sum                       0x10000336   Data           1  messaging.o(.data)
    Message_Status                           0x10000337   Data           1  messaging.o(.data)
    u8_16                                    0x10000338   Data           2  messaging.o(.data)
    systickcnt                               0x1000033c   Data           4  user_uart.o(.data)
    TxIntStat                                0x10000340   Data           4  user_uart.o(.data)
    SysTickCnt                               0x10000344   Data           4  user_delay.o(.data)
    cnt                                      0x10000348   Data           4  messaging_rssi_sum.o(.data)
    Receive_Check_Sum_RSSI_SUM               0x1000034c   Data           1  messaging_rssi_sum.o(.data)
    Message_Index_RSSI_SUM                   0x10000350   Data           4  messaging_rssi_sum.o(.data)
    Message_Status_RSSI_SUM                  0x10000354   Data           1  messaging_rssi_sum.o(.data)
    Receive_Check_Sum_RSSI_Delta             0x10000358   Data           1  messaging_rssi_delta.o(.data)
    Message_Index_RSSI_Delta                 0x1000035c   Data           4  messaging_rssi_delta.o(.data)
    Message_Status_RSSI_Delta                0x10000360   Data           1  messaging_rssi_delta.o(.data)
    SystemCoreClock                          0x10000364   Data           4  system_lpc17xx.o(.data)
    TIM_MatchConfigStruct                    0x10000368   Data          12  main.o(.bss)
    Data_Trans_u                             0x10000374   Data           9  main.o(.bss)
    myData                                   0x1000037d   Data         100  main.o(.bss)
    testDataSUM                              0x100003e1   Data         100  main.o(.bss)
    testDataDelta                            0x10000445   Data         100  main.o(.bss)
    buffer                                   0x100004a9   Data         600  main.o(.bss)
    Message                                  0x10000704   Data         252  messaging.o(.bss)
    _msg                                     0x10000800   Data         250  messaging.o(.bss)
    _msg_trans                               0x100008fa   Data         250  messaging.o(.bss)
    testk                                    0x100009f4   Data          10  messaging.o(.bss)
    rb                                       0x10000a00   Data        2128  user_uart.o(.bss)
    _msg_RSSI_SUM                            0x10001250   Data          20  messaging_rssi_sum.o(.bss)
    dataTest                                 0x10001264   Data         100  messaging_rssi_sum.o(.bss)
    _msg_RSSI_Delta                          0x100012c8   Data          20  messaging_rssi_delta.o(.bss)
    __initial_sp                             0x100014e0   Data           0  startup_lpc17xx.o(STACK)



==============================================================================

Memory Map of the image

  Image Entry point : 0x000000cd

  Load Region LR_IROM1 (Base: 0x00000000, Size: 0x00003f14, Max: 0x00080000, ABSOLUTE, COMPRESSED[0x00003c78])

    Execution Region ER_IROM1 (Base: 0x00000000, Size: 0x00003bac, Max: 0x00080000, ABSOLUTE)

    Base Addr    Size         Type   Attr      Idx    E Section Name        Object

    0x00000000   0x000000cc   Data   RO          537    RESET               startup_lpc17xx.o
    0x000000cc   0x00000000   Code   RO          571  * .ARM.Collect$$$$00000000  mc_w.l(entry.o)
    0x000000cc   0x00000004   Code   RO          592    .ARM.Collect$$$$00000001  mc_w.l(entry2.o)
    0x000000d0   0x00000004   Code   RO          595    .ARM.Collect$$$$00000004  mc_w.l(entry5.o)
    0x000000d4   0x00000000   Code   RO          597    .ARM.Collect$$$$00000008  mc_w.l(entry7b.o)
    0x000000d4   0x00000000   Code   RO          599    .ARM.Collect$$$$0000000A  mc_w.l(entry8b.o)
    0x000000d4   0x00000008   Code   RO          600    .ARM.Collect$$$$0000000B  mc_w.l(entry9a.o)
    0x000000dc   0x00000000   Code   RO          602    .ARM.Collect$$$$0000000D  mc_w.l(entry10a.o)
    0x000000dc   0x00000000   Code   RO          604    .ARM.Collect$$$$0000000F  mc_w.l(entry11a.o)
    0x000000dc   0x00000004   Code   RO          593    .ARM.Collect$$$$00002712  mc_w.l(entry2.o)
    0x000000e0   0x00000102   Code   RO          158    .text               user_gpio.o
    0x000001e2   0x00000002   PAD
    0x000001e4   0x00000060   Code   RO          240    .text               user_delay.o
    0x00000244   0x000000b8   Code   RO          263    .text               messaging_rssi_sum.o
    0x000002fc   0x00000004   Code   RO          538    .ARM.__at_0x02FC    startup_lpc17xx.o
    0x00000300   0x000008d8   Code   RO            3    .text               main.o
    0x00000bd8   0x00000224   Code   RO          117    .text               messaging.o
    0x00000dfc   0x00000804   Code   RO          182    .text               user_uart.o
    0x00001600   0x00000264   Code   RO          215    .text               user_extint.o
    0x00001864   0x000000b8   Code   RO          288    .text               messaging_rssi_delta.o
    0x0000191c   0x000001d8   Code   RO          313    .text               lpc17xx_wdt.o
    0x00001af4   0x00000150   Code   RO          339    .text               lpc17xx_clkpwr.o
    0x00001c44   0x000000b8   Code   RO          359    .text               lpc17xx_exti.o
    0x00001cfc   0x00000424   Code   RO          379    .text               lpc17xx_gpio.o
    0x00002120   0x00000100   Code   RO          442    .text               lpc17xx_pinsel.o
    0x00002220   0x00000668   Code   RO          462    .text               lpc17xx_timer.o
    0x00002888   0x00000e48   Code   RO          482    .text               lpc17xx_uart.o
    0x000036d0   0x00000004   Code   RO          500    .text               lpc17xx_libcfg_default.o
    0x000036d4   0x00000024   Code   RO          539    .text               startup_lpc17xx.o
    0x000036f8   0x00000318   Code   RO          547    .text               system_lpc17xx.o
    0x00003a10   0x00000062   Code   RO          574    .text               mc_w.l(uldiv.o)
    0x00003a72   0x00000024   Code   RO          576    .text               mc_w.l(memcpya.o)
    0x00003a96   0x0000001e   Code   RO          606    .text               mc_w.l(llshl.o)
    0x00003ab4   0x00000020   Code   RO          608    .text               mc_w.l(llushr.o)
    0x00003ad4   0x00000024   Code   RO          617    .text               mc_w.l(init.o)
    0x00003af8   0x0000005c   Code   RO          627    .text               mc_w.l(__dczerorl2.o)
    0x00003b54   0x0000000e   Code   RO          621    i.__scatterload_copy  mc_w.l(handlers.o)
    0x00003b62   0x00000002   Code   RO          622    i.__scatterload_null  mc_w.l(handlers.o)
    0x00003b64   0x0000000e   Code   RO          623    i.__scatterload_zeroinit  mc_w.l(handlers.o)
    0x00003b72   0x00000002   PAD
    0x00003b74   0x0000000c   Data   RO          265    .constdata          messaging_rssi_sum.o
    0x00003b80   0x0000000c   Data   RO          290    .constdata          messaging_rssi_delta.o
    0x00003b8c   0x00000020   Data   RO          619    Region$$Table       anon$$obj.o


    Execution Region RW_IRAM1 (Base: 0x10000000, Size: 0x000014e0, Max: 0x00008000, ABSOLUTE, COMPRESSED[0x000000cc])

    Base Addr    Size         Type   Attr      Idx    E Section Name        Object

    0x10000000   0x00000324   Data   RW            5    .data               main.o
    0x10000324   0x00000016   Data   RW          119    .data               messaging.o
    0x1000033a   0x00000002   PAD
    0x1000033c   0x00000008   Data   RW          184    .data               user_uart.o
    0x10000344   0x00000004   Data   RW          241    .data               user_delay.o
    0x10000348   0x0000000d   Data   RW          266    .data               messaging_rssi_sum.o
    0x10000355   0x00000003   PAD
    0x10000358   0x00000009   Data   RW          291    .data               messaging_rssi_delta.o
    0x10000361   0x00000003   PAD
    0x10000364   0x00000004   Data   RW          548    .data               system_lpc17xx.o
    0x10000368   0x00000399   Zero   RW            4    .bss                main.o
    0x10000701   0x00000003   PAD
    0x10000704   0x000002fa   Zero   RW          118    .bss                messaging.o
    0x100009fe   0x00000002   PAD
    0x10000a00   0x00000850   Zero   RW          183    .bss                user_uart.o
    0x10001250   0x00000078   Zero   RW          264    .bss                messaging_rssi_sum.o
    0x100012c8   0x00000014   Zero   RW          289    .bss                messaging_rssi_delta.o
    0x100012dc   0x00000004   PAD
    0x100012e0   0x00000200   Zero   RW          535    STACK               startup_lpc17xx.o


==============================================================================

Image component sizes


      Code (inc. data)   RO Data    RW Data    ZI Data      Debug   Object Name

       336         32          0          0          0       1727   lpc17xx_clkpwr.o
       184         18          0          0          0       1601   lpc17xx_exti.o
      1060         62          0          0          0       8183   lpc17xx_gpio.o
         4          0          0          0          0        699   lpc17xx_libcfg_default.o
       256          4          0          0          0       2069   lpc17xx_pinsel.o
      1640         66          0          0          0       5151   lpc17xx_timer.o
      3656        104          0          0          0      10241   lpc17xx_uart.o
       472         38          0          0          0       1943   lpc17xx_wdt.o
      2264        376          0        804        921      75411   main.o
       548         54          0         22        762       3761   messaging.o
       184         20         12          9         20       1537   messaging_rssi_delta.o
       184         20         12         13        120       1584   messaging_rssi_sum.o
        40         12        204          0        512        892   startup_lpc17xx.o
       792         78          0          4          0        993   system_lpc17xx.o
        96          6          0          4          0       1352   user_delay.o
       612         34          0          0          0      25601   user_extint.o
       258          0          0          0          0       2005   user_gpio.o
      2052         58          0          8       2128      29258   user_uart.o

    ----------------------------------------------------------------------
     14640        982        260        872       4472     174008   Object Totals
         0          0         32          0          0          0   (incl. Generated)
         2          0          0          8          9          0   (incl. Padding)

    ----------------------------------------------------------------------

      Code (inc. data)   RO Data    RW Data    ZI Data      Debug   Library Member Name

        92          0          0          0          0          0   __dczerorl2.o
         0          0          0          0          0          0   entry.o
         0          0          0          0          0          0   entry10a.o
         0          0          0          0          0          0   entry11a.o
         8          4          0          0          0          0   entry2.o
         4          0          0          0          0          0   entry5.o
         0          0          0          0          0          0   entry7b.o
         0          0          0          0          0          0   entry8b.o
         8          4          0          0          0          0   entry9a.o
        30          0          0          0          0          0   handlers.o
        36          8          0          0          0         68   init.o
        30          0          0          0          0         68   llshl.o
        32          0          0          0          0         68   llushr.o
        36          0          0          0          0         68   memcpya.o
        98          0          0          0          0         92   uldiv.o

    ----------------------------------------------------------------------
       376         16          0          0          0        364   Library Totals
         2          0          0          0          0          0   (incl. Padding)

    ----------------------------------------------------------------------

      Code (inc. data)   RO Data    RW Data    ZI Data      Debug   Library Name

       374         16          0          0          0        364   mc_w.l

    ----------------------------------------------------------------------
       376         16          0          0          0        364   Library Totals

    ----------------------------------------------------------------------

==============================================================================


      Code (inc. data)   RO Data    RW Data    ZI Data      Debug   

     15016        998        260        872       4472     172552   Grand Totals
     15016        998        260        204       4472     172552   ELF Image Totals (compressed)
     15016        998        260        204          0          0   ROM Totals

==============================================================================

    Total RO  Size (Code + RO Data)                15276 (  14.92kB)
    Total RW  Size (RW Data + ZI Data)              5344 (   5.22kB)
    Total ROM Size (Code + RO Data + RW Data)      15480 (  15.12kB)

==============================================================================

