<html>
<body>
<pre>
<h1>µVision Build Log</h1>
<h2>Tool Versions:</h2>
IDE-Version: µVision V5.24.2.0
Copyright (C) 2017 ARM Ltd and ARM Germany GmbH. All rights reserved.
License Information: kaveh Microsoft, Microsoft, LIC=PE7BS-LPMEH-GJU6P-M9GC2-ZSP4I-3KY55
 
Tool Versions:
Toolchain:       MDK-ARM Plus  Version: 5.24.1
Toolchain Path:  C:\Keil_v5\ARM\ARMCC\Bin
C Compiler:      Armcc.exe V5.06 update 5 (build 528)
Assembler:       Armasm.exe V5.06 update 5 (build 528)
Linker/Locator:  ArmLink.exe V5.06 update 5 (build 528)
Library Manager: ArmAr.exe V5.06 update 5 (build 528)
Hex Converter:   FromElf.exe V5.06 update 5 (build 528)
CPU DLL:         SARMCM3.DLL V5.24.1
Dialog DLL:      DCM.DLL V1.16.0.0
Target DLL:      Segger\JL2CM3.dll V2.99.26.0
Dialog DLL:      TCM.DLL V1.32.0.0
 
<h2>Project:</h2>
H:\Gits\RotaryMCU\Project_Files\Rotatory_MCU.uvprojx
Project File Date:  03/03/2018

<h2>Output:</h2>
*** Using Compiler 'V5.06 update 5 (build 528)', folder: 'C:\Keil_v5\ARM\ARMCC\Bin'
Build target 'Rotatory_MCU'
compiling PID.c...
compiling Messaging.c...
..\User\Messaging.c(82): warning:  #223-D: function "memcpy" declared implicitly
  				memcpy(_msg,Message.MessageChar,(unsigned int)RX_BUFFER_SIZE);
..\User\Messaging.c: 1 warning, 0 errors
compiling main.c...
..\User\main.c(285): warning:  #177-D: variable "SetFreqFmt"  was declared but never referenced
  	char SetFreqFmt[12]="*2170.01@11";
..\User\main.c(342): warning:  #167-D: argument of type "uint8_t *" is incompatible with parameter of type "char *"
  					resetBuffer(MCU_FreqData);	
..\User\main.c(402): warning:  #223-D: function "memcpy" declared implicitly
  		memcpy(Data_Trans_u.stc.RSSI_SUM_UART_Data,msg,3);
..\User\main.c(423): warning:  #223-D: function "memcpy" declared implicitly
  		memcpy(Data_Trans_u.stc.RSSI_Delta_UART_Data,msg,3);
..\User\main.c: 4 warnings, 0 errors
compiling User_GPIO.c...
compiling User_Uart.c...
compiling User_ExtInt.c...
compiling User_Delay.c...
compiling Messaging_RSSI_SUM.c...
compiling Messaging_RSSI_Delta.c...
compiling Messaging_Freq.c...
..\User\Messaging_Freq.c(36): warning:  #167-D: argument of type "uint8_t *" is incompatible with parameter of type "char *"
  	parse_Message_Freq(dataTest_);
..\User\Messaging_Freq.c(52): warning:  #167-D: argument of type "uint8_t *" is incompatible with parameter of type "char *"
  		 	parse_Message_Freq(dataTest_);
..\User\Messaging_Freq.c(70): warning:  #167-D: argument of type "uint8_t *" is incompatible with parameter of type "char *"
  			parse_Message_Freq(dataTest_);
..\User\Messaging_Freq.c(197): warning:  #177-D: label "error"  was declared but never referenced
  	error:
..\User\Messaging_Freq.c: 4 warnings, 0 errors
compiling lpc17xx_wdt.c...
compiling lpc17xx_exti.c...
compiling lpc17xx_clkpwr.c...
compiling lpc17xx_gpio.c...
compiling lpc17xx_mcpwm.c...
compiling lpc17xx_nvic.c...
compiling lpc17xx_pinsel.c...
compiling lpc17xx_libcfg_default.c...
compiling lpc17xx_timer.c...
compiling lpc17xx_uart.c...
assembling startup_LPC17xx.s...
compiling lpc17xx_systick.c...
compiling system_LPC17xx.c...
linking...
Program Size: Code=15676 RO-data=260 RW-data=932 ZI-data=4708  
"..\Build\Rotatory_MCU.axf" - 0 Error(s), 9 Warning(s).

<h2>Software Packages used:</h2>

Package Vendor: ARM
                http://www.keil.com/pack/ARM.CMSIS.5.0.1.pack
                ARM.CMSIS.5.0.1
                CMSIS (Cortex Microcontroller Software Interface Standard)
   * Component: CORE Version: 5.0.1

Package Vendor: Keil
                http://www.keil.com/pack/Keil.LPC1700_DFP.2.4.0.pack
                Keil.LPC1700_DFP.2.4.0
                NXP LPC1700 Series Device Support, Drivers and Examples for MCB1700 and LPC1788-32
   * Component: Startup Version: 1.0.0

<h2>Collection of Component include folders:</h2>
  .\RTE\Device\LPC1768
  .\RTE\_Rotatory_MCU
  C:\Keil_v5\ARM\PACK\ARM\CMSIS\5.0.1\CMSIS\Include
  C:\Keil_v5\ARM\PACK\Keil\LPC1700_DFP\2.4.0\Device\Include

<h2>Collection of Component Files used:</h2>

   * Component: Keil::Device:Startup:1.0.0
      Include file:  Device\Include\LPC17xx.h
      Source file:   Device\Source\ARM\startup_LPC17xx.s
      Source file:   Device\Source\system_LPC17xx.c
      Include file:  RTE_Driver\Config\RTE_Device.h

   * Component: ARM::CMSIS:CORE:5.0.1
Build Time Elapsed:  00:00:05
</pre>
</body>
</html>
